[    0.000000] Linux version 5.14.0-427.20.1.el9_4.x86_64 (mockbuild@x86-vm-09.brew-001.prod.iad2.dc.redhat.com) (gcc (GCC) 11.4.1 20231218 (Red Hat 11.4.1-3), GNU ld version 2.35.2-43.el9) #1 SMP PREEMPT_DYNAMIC Thu May 23 16:37:13 EDT 2024
[    0.000000] The list of certified hardware and cloud instances for Red Hat Enterprise Linux 9 can be viewed at the Red Hat Ecosystem Catalog, https://catalog.redhat.com.
[    0.000000] Command line: BOOT_IMAGE=(hd0,gpt3)/boot/ostree/rhcos-cb86807869a6e850801df2a066e50a19e49cbc779592b6f644931fcc9e590fcc/vmlinuz-5.14.0-427.20.1.el9_4.x86_64 rw ostree=/ostree/boot.0/rhcos/cb86807869a6e850801df2a066e50a19e49cbc779592b6f644931fcc9e590fcc/0 ignition.platform.id=azure console=tty0 console=ttyS0,115200n8 root=UUID=00fccde6-5020-42f9-b072-e13ec20f7c21 rw rootflags=prjquota boot=UUID=d032bd31-66fc-41c8-b511-c2ee0ddc885c systemd.unified_cgroup_hierarchy=1 cgroup_no_v1=all psi=1
[    0.000000] x86/fpu: Supporting XSAVE feature 0x001: 'x87 floating point registers'
[    0.000000] x86/fpu: Supporting XSAVE feature 0x002: 'SSE registers'
[    0.000000] x86/fpu: Supporting XSAVE feature 0x004: 'AVX registers'
[    0.000000] x86/fpu: xstate_offset[2]:  576, xstate_sizes[2]:  256
[    0.000000] x86/fpu: Enabled xstate features 0x7, context size is 832 bytes, using 'standard' format.
[    0.000000] signal: max sigframe size: 1776
[    0.000000] BIOS-provided physical RAM map:
[    0.000000] BIOS-e820: [mem 0x0000000000000000-0x000000000009ffff] usable
[    0.000000] BIOS-e820: [mem 0x00000000000c0000-0x00000000000fffff] reserved
[    0.000000] BIOS-e820: [mem 0x0000000000100000-0x000000003ff40fff] usable
[    0.000000] BIOS-e820: [mem 0x000000003ff41000-0x000000003ffc8fff] reserved
[    0.000000] BIOS-e820: [mem 0x000000003ffc9000-0x000000003fffafff] ACPI data
[    0.000000] BIOS-e820: [mem 0x000000003fffb000-0x000000003fffefff] ACPI NVS
[    0.000000] BIOS-e820: [mem 0x000000003ffff000-0x000000003fffffff] usable
[    0.000000] BIOS-e820: [mem 0x0000000100000000-0x00000004bfffffff] usable
[    0.000000] NX (Execute Disable) protection: active
[    0.000000] efi: EFI v2.7 by Microsoft
[    0.000000] efi: ACPI=0x3fffa000 ACPI 2.0=0x3fffa014 SMBIOS=0x3ff85000 SMBIOS 3.0=0x3ff83000 MEMATTR=0x3f5c0a98 MOKvar=0x3ff81000 RNG=0x3ffd1018 
[    0.000000] secureboot: Secure boot disabled
[    0.000000] SMBIOS 3.1.0 present.
[    0.000000] DMI: Microsoft Corporation Virtual Machine/Virtual Machine, BIOS Hyper-V UEFI Release v4.1 03/08/2024
[    0.000000] Hypervisor detected: Microsoft Hyper-V
[    0.000000] Hyper-V: privilege flags low 0x2e7f, high 0x3b8030, hints 0x66c2c, misc 0xed7b2
[    0.000000] Hyper-V: Host Build 10.0.20348.1633-1-0
[    0.000000] Hyper-V: Nested features: 0xe0101
[    0.000000] Hyper-V: LAPIC Timer Frequency: 0x30d40
[    0.000000] Hyper-V: Using hypercall for remote TLB flush
[    0.000000] clocksource: hyperv_clocksource_tsc_page: mask: 0xffffffffffffffff max_cycles: 0x24e6a1710, max_idle_ns: 440795202120 ns
[    0.000002] clocksource: hyperv_clocksource_msr: mask: 0xffffffffffffffff max_cycles: 0x24e6a1710, max_idle_ns: 440795202120 ns
[    0.000004] tsc: Marking TSC unstable due to running on Hyper-V
[    0.000007] tsc: Detected 2294.684 MHz processor
[    0.000021] e820: update [mem 0x00000000-0x00000fff] usable ==> reserved
[    0.000024] e820: remove [mem 0x000a0000-0x000fffff] usable
[    0.000029] last_pfn = 0x4c0000 max_arch_pfn = 0x400000000
[    0.000063] MTRR map: 4 entries (2 fixed + 2 variable; max 18), built from 8 variable MTRRs
[    0.000066] x86/PAT: Configuration [0-7]: WB  WC  UC- UC  WB  WP  UC- WT  
[    0.000107] e820: update [mem 0x40000000-0xffffffff] usable ==> reserved
[    0.000111] last_pfn = 0x40000 max_arch_pfn = 0x400000000
[    0.016905] Using GB pages for direct mapping
[    0.016986] secureboot: Secure boot disabled
[    0.016987] RAMDISK: [mem 0x2cd1c000-0x324f1fff]
[    0.016993] ACPI: Early table checksum verification disabled
[    0.016997] ACPI: RSDP 0x000000003FFFA014 000024 (v02 VRTUAL)
[    0.017002] ACPI: XSDT 0x000000003FFF90E8 000064 (v01 VRTUAL MICROSFT 00000001 MSFT 00000001)
[    0.017010] ACPI: FACP 0x000000003FFF8000 000114 (v06 VRTUAL MICROSFT 00000001 MSFT 00000001)
[    0.017017] ACPI: DSDT 0x000000003FFD6000 01E184 (v02 MSFTVM DSDT01   00000001 MSFT 05000000)
[    0.017021] ACPI: FACS 0x000000003FFFE000 000040
[    0.017025] ACPI: OEM0 0x000000003FFF7000 000064 (v01 VRTUAL MICROSFT 00000001 MSFT 00000001)
[    0.017029] ACPI: SPCR 0x000000003FFF6000 000050 (v02 VRTUAL MICROSFT 00000001 MSFT 00000001)
[    0.017033] ACPI: WAET 0x000000003FFF5000 000028 (v01 VRTUAL MICROSFT 00000001 MSFT 00000001)
[    0.017037] ACPI: APIC 0x000000003FFD5000 000068 (v04 VRTUAL MICROSFT 00000001 MSFT 00000001)
[    0.017041] ACPI: SRAT 0x000000003FFD4000 0001B0 (v02 VRTUAL MICROSFT 00000001 MSFT 00000001)
[    0.017045] ACPI: BGRT 0x000000003FFD3000 000038 (v01 VRTUAL MICROSFT 00000001 MSFT 00000001)
[    0.017049] ACPI: FPDT 0x000000003FFD2000 000034 (v01 VRTUAL MICROSFT 00000001 MSFT 00000001)
[    0.017052] ACPI: Reserving FACP table memory at [mem 0x3fff8000-0x3fff8113]
[    0.017054] ACPI: Reserving DSDT table memory at [mem 0x3ffd6000-0x3fff4183]
[    0.017055] ACPI: Reserving FACS table memory at [mem 0x3fffe000-0x3fffe03f]
[    0.017056] ACPI: Reserving OEM0 table memory at [mem 0x3fff7000-0x3fff7063]
[    0.017057] ACPI: Reserving SPCR table memory at [mem 0x3fff6000-0x3fff604f]
[    0.017058] ACPI: Reserving WAET table memory at [mem 0x3fff5000-0x3fff5027]
[    0.017058] ACPI: Reserving APIC table memory at [mem 0x3ffd5000-0x3ffd5067]
[    0.017059] ACPI: Reserving SRAT table memory at [mem 0x3ffd4000-0x3ffd41af]
[    0.017060] ACPI: Reserving BGRT table memory at [mem 0x3ffd3000-0x3ffd3037]
[    0.017061] ACPI: Reserving FPDT table memory at [mem 0x3ffd2000-0x3ffd2033]
[    0.017102] SRAT: PXM 0 -> APIC 0x00 -> Node 0
[    0.017105] SRAT: PXM 0 -> APIC 0x01 -> Node 0
[    0.017106] SRAT: PXM 0 -> APIC 0x02 -> Node 0
[    0.017108] SRAT: PXM 0 -> APIC 0x03 -> Node 0
[    0.017112] ACPI: SRAT: Node 0 PXM 0 [mem 0x00000000-0x3fffffff] hotplug
[    0.017115] ACPI: SRAT: Node 0 PXM 0 [mem 0x100000000-0x4bfffffff] hotplug
[    0.017118] ACPI: SRAT: Node 0 PXM 0 [mem 0x4c0200000-0xfdfffffff] hotplug
[    0.017121] ACPI: SRAT: Node 0 PXM 0 [mem 0x1000000000-0xffffffffff] hotplug
[    0.017123] ACPI: SRAT: Node 0 PXM 0 [mem 0x10000200000-0x1ffffffffff] hotplug
[    0.017126] ACPI: SRAT: Node 0 PXM 0 [mem 0x20000200000-0x3ffffffffff] hotplug
[    0.017128] ACPI: SRAT: Node 0 PXM 0 [mem 0x40000200000-0x7ffffffffff] hotplug
[    0.017131] ACPI: SRAT: Node 0 PXM 0 [mem 0x80000200000-0xfffffffffff] hotplug
[    0.017137] NUMA: Node 0 [mem 0x00000000-0x3fffffff] + [mem 0x100000000-0x4bfffffff] -> [mem 0x00000000-0x4bfffffff]
[    0.017158] NODE_DATA(0) allocated [mem 0x4bffd5000-0x4bfffffff]
[    0.017470] Zone ranges:
[    0.017471]   DMA      [mem 0x0000000000001000-0x0000000000ffffff]
[    0.017473]   DMA32    [mem 0x0000000001000000-0x00000000ffffffff]
[    0.017474]   Normal   [mem 0x0000000100000000-0x00000004bfffffff]
[    0.017476]   Device   empty
[    0.017477] Movable zone start for each node
[    0.017480] Early memory node ranges
[    0.017481]   node   0: [mem 0x0000000000001000-0x000000000009ffff]
[    0.017482]   node   0: [mem 0x0000000000100000-0x000000003ff40fff]
[    0.017483]   node   0: [mem 0x000000003ffff000-0x000000003fffffff]
[    0.017484]   node   0: [mem 0x0000000100000000-0x00000004bfffffff]
[    0.017488] Initmem setup node 0 [mem 0x0000000000001000-0x00000004bfffffff]
[    0.017498] On node 0, zone DMA: 1 pages in unavailable ranges
[    0.017633] On node 0, zone DMA: 96 pages in unavailable ranges
[    0.021544] On node 0, zone DMA32: 190 pages in unavailable ranges
[    0.022209] ACPI: PM-Timer IO Port: 0x408
[    0.022223] ACPI: LAPIC_NMI (acpi_id[0x01] dfl dfl lint[0x1])
[    0.022623] IOAPIC[0]: apic_id 4, version 17, address 0xfec00000, GSI 0-23
[    0.022630] ACPI: INT_SRC_OVR (bus 0 bus_irq 9 global_irq 9 high level)
[    0.022637] ACPI: Using ACPI (MADT) for SMP configuration information
[    0.022647] e820: update [mem 0x3eed9000-0x3eedffff] usable ==> reserved
[    0.022659] ACPI: SPCR: console: uart,io,0x3f8,115200
[    0.022662] smpboot: Allowing 4 CPUs, 0 hotplug CPUs
[    0.022683] PM: hibernation: Registered nosave memory: [mem 0x00000000-0x00000fff]
[    0.022686] PM: hibernation: Registered nosave memory: [mem 0x000a0000-0x000bffff]
[    0.022689] PM: hibernation: Registered nosave memory: [mem 0x000c0000-0x000fffff]
[    0.022692] PM: hibernation: Registered nosave memory: [mem 0x3eed9000-0x3eedffff]
[    0.022696] PM: hibernation: Registered nosave memory: [mem 0x3ff41000-0x3ffc8fff]
[    0.022697] PM: hibernation: Registered nosave memory: [mem 0x3ffc9000-0x3fffafff]
[    0.022699] PM: hibernation: Registered nosave memory: [mem 0x3fffb000-0x3fffefff]
[    0.022703] PM: hibernation: Registered nosave memory: [mem 0x40000000-0xffffffff]
[    0.022706] [mem 0x40000000-0xffffffff] available for PCI devices
[    0.022708] Booting paravirtualized kernel on Hyper-V
[    0.022712] clocksource: refined-jiffies: mask: 0xffffffff max_cycles: 0xffffffff, max_idle_ns: 1910969940391419 ns
[    0.029236] setup_percpu: NR_CPUS:8192 nr_cpumask_bits:4 nr_cpu_ids:4 nr_node_ids:1
[    0.029700] percpu: Embedded 63 pages/cpu s221184 r8192 d28672 u524288
[    0.029706] pcpu-alloc: s221184 r8192 d28672 u524288 alloc=1*2097152
[    0.029709] pcpu-alloc: [0] 0 1 2 3 
[    0.029729] Hyper-V: PV spinlocks enabled
[    0.029732] PV qspinlock hash table entries: 256 (order: 0, 4096 bytes, linear)
[    0.029737] Fallback order for Node 0: 0 
[    0.029740] Built 1 zonelists, mobility grouping on.  Total pages: 4127002
[    0.029742] Policy zone: Normal
[    0.029743] Kernel command line: BOOT_IMAGE=(hd0,gpt3)/boot/ostree/rhcos-cb86807869a6e850801df2a066e50a19e49cbc779592b6f644931fcc9e590fcc/vmlinuz-5.14.0-427.20.1.el9_4.x86_64 rw ostree=/ostree/boot.0/rhcos/cb86807869a6e850801df2a066e50a19e49cbc779592b6f644931fcc9e590fcc/0 ignition.platform.id=azure console=tty0 console=ttyS0,115200n8 root=UUID=00fccde6-5020-42f9-b072-e13ec20f7c21 rw rootflags=prjquota boot=UUID=d032bd31-66fc-41c8-b511-c2ee0ddc885c systemd.unified_cgroup_hierarchy=1 cgroup_no_v1=all psi=1
[    0.029912] Unknown kernel command line parameters "BOOT_IMAGE=(hd0,gpt3)/boot/ostree/rhcos-cb86807869a6e850801df2a066e50a19e49cbc779592b6f644931fcc9e590fcc/vmlinuz-5.14.0-427.20.1.el9_4.x86_64 ostree=/ostree/boot.0/rhcos/cb86807869a6e850801df2a066e50a19e49cbc779592b6f644931fcc9e590fcc/0 boot=UUID=d032bd31-66fc-41c8-b511-c2ee0ddc885c", will be passed to user space.
[    0.029949] random: crng init done
[    0.032840] Dentry cache hash table entries: 2097152 (order: 12, 16777216 bytes, linear)
[    0.035755] Inode-cache hash table entries: 1048576 (order: 11, 8388608 bytes, linear)
[    0.036241] mem auto-init: stack:off, heap alloc:off, heap free:off
[    0.036248] software IO TLB: area num 4.
[    0.073939] Memory: 1010956K/16776068K available (16384K kernel code, 5626K rwdata, 11756K rodata, 3892K init, 5956K bss, 507328K reserved, 0K cma-reserved)
[    0.074110] SLUB: HWalign=64, Order=0-3, MinObjects=0, CPUs=4, Nodes=1
[    0.074125] Kernel/User page tables isolation: enabled
[    0.074143] ftrace: allocating 46883 entries in 184 pages
[    0.103056] ftrace: allocated 184 pages with 4 groups
[    0.103832] Dynamic Preempt: voluntary
[    0.103872] rcu: Preemptible hierarchical RCU implementation.
[    0.103873] rcu: 	RCU restricting CPUs from NR_CPUS=8192 to nr_cpu_ids=4.
[    0.103875] 	Trampoline variant of Tasks RCU enabled.
[    0.103875] 	Rude variant of Tasks RCU enabled.
[    0.103876] 	Tracing variant of Tasks RCU enabled.
[    0.103877] rcu: RCU calculated value of scheduler-enlistment delay is 100 jiffies.
[    0.103877] rcu: Adjusting geometry for rcu_fanout_leaf=16, nr_cpu_ids=4
[    0.109036] Using NULL legacy PIC
[    0.109038] NR_IRQS: 524544, nr_irqs: 456, preallocated irqs: 0
[    0.109073] rcu: srcu_init: Setting srcu_struct sizes based on contention.
[    0.110424] kfence: initialized - using 2097152 bytes for 255 objects at 0x(____ptrval____)-0x(____ptrval____)
[    0.110460] Console: colour dummy device 80x25
[    0.110736] printk: console [tty0] enabled
[    1.466638] printk: console [ttyS0] enabled
[    1.471955] ACPI: Core revision 20221020
[    1.476735] Failed to register legacy timer interrupt
[    1.482397] APIC: Switch to symmetric I/O mode setup
[    1.493130] Hyper-V: enabling crash_kexec_post_notifiers
[    1.499031] Hyper-V: Using IPI hypercalls
[    1.504206] Hyper-V: Using enlightened APIC (xapic mode)
[    1.504367] Calibrating delay loop (skipped), value calculated using timer frequency.. 4589.36 BogoMIPS (lpj=2294684)
[    1.505361] pid_max: default: 32768 minimum: 301
[    1.505361] LSM: initializing lsm=lockdown,capability,yama,integrity,selinux,bpf
[    1.505361] Yama: becoming mindful.
[    1.505361] SELinux:  Initializing.
[    1.505361] LSM support for eBPF active
[    1.505361] Mount-cache hash table entries: 32768 (order: 6, 262144 bytes, linear)
[    1.505361] Mountpoint-cache hash table entries: 32768 (order: 6, 262144 bytes, linear)
[    1.505361] Disabling cpuset control group subsystem in v1 mounts
[    1.505361] Disabling cpu control group subsystem in v1 mounts
[    1.505361] Disabling cpuacct control group subsystem in v1 mounts
[    1.505361] Disabling io control group subsystem in v1 mounts
[    1.505361] Disabling memory control group subsystem in v1 mounts
[    1.505361] Disabling devices control group subsystem in v1 mounts
[    1.505361] Disabling freezer control group subsystem in v1 mounts
[    1.505361] Disabling net_cls control group subsystem in v1 mounts
[    1.505361] Disabling perf_event control group subsystem in v1 mounts
[    1.505361] Disabling net_prio control group subsystem in v1 mounts
[    1.505361] Disabling hugetlb control group subsystem in v1 mounts
[    1.505361] Disabling pids control group subsystem in v1 mounts
[    1.505361] Disabling rdma control group subsystem in v1 mounts
[    1.505361] Disabling misc control group subsystem in v1 mounts
[    1.505361] Last level iTLB entries: 4KB 64, 2MB 8, 4MB 8
[    1.505361] Last level dTLB entries: 4KB 64, 2MB 0, 4MB 0, 1GB 4
[    1.505361] Spectre V1 : Mitigation: usercopy/swapgs barriers and __user pointer sanitization
[    1.505361] Spectre V2 : Mitigation: Retpolines
[    1.505361] Spectre V2 : Spectre v2 / SpectreRSB mitigation: Filling RSB on context switch
[    1.505361] Spectre V2 : Spectre v2 / SpectreRSB : Filling RSB on VMEXIT
[    1.505361] Speculative Store Bypass: Vulnerable
[    1.505361] MDS: Mitigation: Clear CPU buffers
[    1.505361] TAA: Mitigation: Clear CPU buffers
[    1.505361] MMIO Stale Data: Vulnerable: Clear CPU buffers attempted, no microcode
[    1.505361] Freeing SMP alternatives memory: 36K
[    1.505361] smpboot: CPU0: Intel(R) Xeon(R) CPU E5-2673 v4 @ 2.30GHz (family: 0x6, model: 0x4f, stepping: 0x1)
[    1.505614] cblist_init_generic: Setting adjustable number of callback queues.
[    1.506370] cblist_init_generic: Setting shift to 2 and lim to 1.
[    1.507470] cblist_init_generic: Setting shift to 2 and lim to 1.
[    1.508428] cblist_init_generic: Setting shift to 2 and lim to 1.
[    1.509412] Performance Events: unsupported p6 CPU model 79 no PMU driver, software events only.
[    1.510498] printk: console [ttyS0] printing thread started
[    1.510504] rcu: Hierarchical SRCU implementation.
[    1.510505] rcu: 	Max phase no-delay instances is 400.
[    1.510519] printk: console [tty0] printing thread started
[    1.511120] NMI watchdog: Perf NMI watchdog permanently disabled
[    1.511246] smp: Bringing up secondary CPUs ...
[    1.514440] x86: Booting SMP configuration:
[    1.514442] .... node  #0, CPUs:      #1
[    1.521388] MDS CPU bug present and SMT on, data leak possible. See https://www.kernel.org/doc/html/latest/admin-guide/hw-vuln/mds.html for more details.
[    1.521392] TAA CPU bug present and SMT on, data leak possible. See https://www.kernel.org/doc/html/latest/admin-guide/hw-vuln/tsx_async_abort.html for more details.
[    1.521393] MMIO Stale Data CPU bug present and SMT on, data leak possible. See https://www.kernel.org/doc/html/latest/admin-guide/hw-vuln/processor_mmio_stale_data.html for more details.
[    1.521574]  #2 #3
[    1.527182] smp: Brought up 1 node, 4 CPUs
[    1.527182] smpboot: Max logical packages: 1
[    1.527182] smpboot: Total of 4 processors activated (18357.47 BogoMIPS)
[    1.569405] node 0 deferred pages initialised in 38ms
[    1.573415] devtmpfs: initialized
[    1.573526] x86/mm: Memory block size: 128MB
[    1.575837] ACPI: PM: Registering ACPI NVS region [mem 0x3fffb000-0x3fffefff] (16384 bytes)
[    1.575837] clocksource: jiffies: mask: 0xffffffff max_cycles: 0xffffffff, max_idle_ns: 1911260446275000 ns
[    1.575837] futex hash table entries: 1024 (order: 4, 65536 bytes, linear)
[    1.575837] pinctrl core: initialized pinctrl subsystem
[    1.628602] NET: Registered PF_NETLINK/PF_ROUTE protocol family
[    1.628884] DMA: preallocated 2048 KiB GFP_KERNEL pool for atomic allocations
[    1.628895] DMA: preallocated 2048 KiB GFP_KERNEL|GFP_DMA pool for atomic allocations
[    1.628907] DMA: preallocated 2048 KiB GFP_KERNEL|GFP_DMA32 pool for atomic allocations
[    1.628924] audit: initializing netlink subsys (disabled)
[    1.629408] audit: type=2000 audit(1718103276.125:1): state=initialized audit_enabled=0 res=1
[    1.629536] thermal_sys: Registered thermal governor 'fair_share'
[    1.629538] thermal_sys: Registered thermal governor 'step_wise'
[    1.629539] thermal_sys: Registered thermal governor 'user_space'
[    1.631379] cpuidle: using governor menu
[    1.631511] acpiphp: ACPI Hot Plug PCI Controller Driver version: 0.5
[    1.631610] e820: reserve RAM buffer [mem 0x3eed9000-0x3fffffff]
[    1.631613] e820: reserve RAM buffer [mem 0x3ff41000-0x3fffffff]
[    1.641434] kprobes: kprobe jump-optimization is enabled. All kprobes are optimized if possible.
[    1.647609] HugeTLB: registered 1.00 GiB page size, pre-allocated 0 pages
[    1.647609] HugeTLB: 16380 KiB vmemmap can be freed for a 1.00 GiB page
[    1.647609] HugeTLB: registered 2.00 MiB page size, pre-allocated 0 pages
[    1.647609] HugeTLB: 28 KiB vmemmap can be freed for a 2.00 MiB page
[    1.653478] cryptd: max_cpu_qlen set to 1000
[    1.676643] ACPI: Added _OSI(Module Device)
[    1.676646] ACPI: Added _OSI(Processor Device)
[    1.676647] ACPI: Added _OSI(3.0 _SCP Extensions)
[    1.676648] ACPI: Added _OSI(Processor Aggregator Device)
[    1.676649] ACPI: Added _OSI(Linux-Dell-Video)
[    1.676650] ACPI: Added _OSI(Linux-Lenovo-NV-HDMI-Audio)
[    1.676651] ACPI: Added _OSI(Linux-HPI-Hybrid-Graphics)
[    1.682908] ACPI: 1 ACPI AML tables successfully acquired and loaded
[    1.684485] ACPI: Interpreter enabled
[    1.684496] ACPI: PM: (supports S0 S5)
[    1.684498] ACPI: Using IOAPIC for interrupt routing
[    1.684553] PCI: Using host bridge windows from ACPI; if necessary, use "pci=nocrs" and report a bug
[    1.684554] PCI: Ignoring E820 reservations for host bridge windows
[    1.684703] ACPI: Enabled 1 GPEs in block 00 to 0F
[    1.687907] iommu: Default domain type: Translated
[    1.687907] iommu: DMA domain TLB invalidation policy: lazy mode
[    1.687907] SCSI subsystem initialized
[    1.687907] ACPI: bus type USB registered
[    1.687907] usbcore: registered new interface driver usbfs
[    1.687907] usbcore: registered new interface driver hub
[    1.687907] usbcore: registered new device driver usb
[    1.687907] pps_core: LinuxPPS API ver. 1 registered
[    1.687907] pps_core: Software ver. 5.3.6 - Copyright 2005-2007 Rodolfo Giometti <giometti@linux.it>
[    1.687907] PTP clock support registered
[    1.688644] EDAC MC: Ver: 3.0.0
[    1.689687] Registered efivars operations
[    1.689687] NetLabel: Initializing
[    1.689687] NetLabel:  domain hash size = 128
[    1.689687] NetLabel:  protocols = UNLABELED CIPSOv4 CALIPSO
[    1.689687] NetLabel:  unlabeled traffic allowed by default
[    1.689687] PCI: Using ACPI for IRQ routing
[    1.689687] PCI: System does not support PCI
[    1.690392] vgaarb: loaded
[    1.703303] clocksource: Switched to clocksource hyperv_clocksource_tsc_page
[    1.739913] VFS: Disk quotas dquot_6.6.0
[    1.739929] VFS: Dquot-cache hash table entries: 512 (order 0, 4096 bytes)
[    1.740010] pnp: PnP ACPI init
[    1.740152] pnp: PnP ACPI: found 3 devices
[    1.748452] clocksource: acpi_pm: mask: 0xffffff max_cycles: 0xffffff, max_idle_ns: 2085701024 ns
[    1.748527] NET: Registered PF_INET protocol family
[    1.749015] IP idents hash table entries: 262144 (order: 9, 2097152 bytes, linear)
[    1.752414] tcp_listen_portaddr_hash hash table entries: 8192 (order: 5, 131072 bytes, linear)
[    1.752441] Table-perturb hash table entries: 65536 (order: 6, 262144 bytes, linear)
[    1.752449] TCP established hash table entries: 131072 (order: 8, 1048576 bytes, linear)
[    1.752622] TCP bind hash table entries: 65536 (order: 8, 1048576 bytes, linear)
[    1.752775] TCP: Hash tables configured (established 131072 bind 65536)
[    1.752968] MPTCP token hash table entries: 16384 (order: 6, 393216 bytes, linear)
[    1.753033] UDP hash table entries: 8192 (order: 6, 262144 bytes, linear)
[    1.753076] UDP-Lite hash table entries: 8192 (order: 6, 262144 bytes, linear)
[    1.753150] NET: Registered PF_UNIX/PF_LOCAL protocol family
[    1.753160] NET: Registered PF_XDP protocol family
[    1.753164] PCI: CLS 0 bytes, default 64
[    1.753175] PCI-DMA: Using software bounce buffering for IO (SWIOTLB)
[    1.753176] software IO TLB: mapped [mem 0x000000003aed9000-0x000000003eed9000] (64MB)
[    1.753190] ACPI: bus type thunderbolt registered
[    1.753279] Trying to unpack rootfs image as initramfs...
[    1.836599] Initialise system trusted keyrings
[    1.836617] Key type blacklist registered
[    1.836813] workingset: timestamp_bits=36 max_order=22 bucket_order=0
[    1.842964] zbud: loaded
[    1.940724] integrity: Platform Keyring initialized
[    1.940736] integrity: Machine keyring initialized
[    1.952903] NET: Registered PF_ALG protocol family
[    1.952912] xor: automatically using best checksumming function   avx       
[    1.952916] Key type asymmetric registered
[    1.952917] Asymmetric key parser 'x509' registered
[    1.952919] Running certificate verification selftests
[    1.956852] Loaded X.509 cert 'Certificate verification self-testing key: f58703bb33ce1b73ee02eccdee5b8817518fe3db'
[    1.957884] Block layer SCSI generic (bsg) driver version 0.4 loaded (major 246)
[    1.958111] io scheduler mq-deadline registered
[    1.958113] io scheduler kyber registered
[    1.958188] io scheduler bfq registered
[    1.990501] atomic64_test: passed for x86-64 platform with CX8 and with SSE
[    1.990887] shpchp: Standard Hot Plug PCI Controller Driver version: 0.4
[    1.991335] Serial: 8250/16550 driver, 4 ports, IRQ sharing enabled
[    2.011724] 00:00: ttyS0 at I/O 0x3f8 (irq = 4, base_baud = 115200) is a 16550A
[    2.031635] 00:01: ttyS1 at I/O 0x2f8 (irq = 3, base_baud = 115200) is a 16550A
[    2.032328] Non-volatile memory driver v1.3
[    2.049936] rdac: device handler registered
[    2.050039] hp_sw: device handler registered
[    2.050042] emc: device handler registered
[    2.050125] alua: device handler registered
[    2.050471] usbcore: registered new interface driver usbserial_generic
[    2.050477] usbserial: USB Serial support registered for generic
[    2.050512] i8042: PNP: No PS/2 controller found.
[    2.050573] mousedev: PS/2 mouse device common for all mice
[    2.055148] rtc_cmos 00:02: registered as rtc0
[    2.055992] rtc_cmos 00:02: setting system clock to 2024-06-11T10:54:38 UTC (1718103278)
[    2.056327] rtc_cmos 00:02: alarms up to one month, 114 bytes nvram
[    2.056345] intel_pstate: CPU model not supported
[    2.056483] efifb: probing for efifb
[    2.056492] efifb: framebuffer at 0x40000000, using 3072k, total 3072k
[    2.056494] efifb: mode is 1024x768x32, linelength=4096, pages=1
[    2.056496] efifb: scrolling: redraw
[    2.056496] efifb: Truecolor: size=8:8:8:8, shift=24:16:8:0
[    2.086488] Console: switching to colour frame buffer device 128x48
[    2.087794] fb0: EFI VGA frame buffer device
[    2.087815] EFI Variables Facility v0.08 2004-May-17
[    2.096828] hid: raw HID events driver (C) Jiri Kosina
[    2.096896] usbcore: registered new interface driver usbhid
[    2.096897] usbhid: USB HID core driver
[    2.096923] drop_monitor: Initializing network drop monitor service
[    2.129550] Initializing XFRM netlink socket
[    2.129715] NET: Registered PF_INET6 protocol family
[    2.569033] Freeing initrd memory: 89944K
[    2.577757] Segment Routing with IPv6
[    2.577799] NET: Registered PF_PACKET protocol family
[    2.577879] mpls_gso: MPLS GSO support
[    2.601561] No MBM correction factor available
[    2.601572] IPI shorthand broadcast: enabled
[    2.601582] AVX2 version of gcm_enc/dec engaged.
[    2.655052] AES CTR mode by8 optimization enabled
[    2.655154] sched_clock: Marking stable (1260286000, 1394090300)->(3186996900, -532620600)
[    2.677439] registered taskstats version 1
[    2.698206] Loading compiled-in X.509 certificates
[    2.699197] Loaded X.509 cert 'Red Hat Enterprise Linux kernel signing key: fcf6633dcca3f7a3376ff369eaacab4381b958ea'
[    2.699618] Loaded X.509 cert 'Red Hat Enterprise Linux Driver Update Program (key 3): bf57f3e87362bc7229d9f465321773dfd1f77a80'
[    2.700004] Loaded X.509 cert 'Red Hat Enterprise Linux kpatch signing key: 4d38fd864ebe18c5f0b72e3852e2014c3a676fc8'
[    2.700201] Loaded X.509 cert 'RH-IMA-CA: Red Hat IMA CA: fb31825dd0e073685b264e3038963673f753959a'
[    2.700218] Loaded X.509 cert 'Nvidia GPU OOT signing 001: 55e1cef88193e60419f0b0ec379c49f77545acf0'
[    2.700503] zswap: loaded using pool lzo/zbud
[    2.710871] page_owner is disabled
[    2.711034] Key type big_key registered
[    2.829939] Key type encrypted registered
[    2.830946] integrity: Loading X.509 certificate: UEFI:db
[    2.830988] integrity: Loaded X.509 cert 'Microsoft Windows Production PCA 2011: a92902398e16c49778cd90f99e4f9ae17c55af53'
[    2.832133] integrity: Loading X.509 certificate: UEFI:MokListRT (MOKvar table)
[    2.832340] integrity: Problem loading X.509 certificate -126
[    2.832342] integrity: Loading X.509 certificate: UEFI:MokListRT (MOKvar table)
[    2.832551] integrity: Loaded X.509 cert 'Red Hat Secure Boot CA 5: cc6fa5e72868ba494e939bbd680b9144769a9f8f'
[    2.832553] integrity: Loading X.509 certificate: UEFI:MokListRT (MOKvar table)
[    2.833172] integrity: Problem loading X.509 certificate -126
[    2.833173] integrity: Loading X.509 certificate: UEFI:MokListRT (MOKvar table)
[    2.833798] integrity: Loaded X.509 cert 'Red Hat Secure Boot CA 8: e1c6c580aa1e21d585aad9bf20f3929e5ec1f08b'
[    2.833802] ima: No TPM chip found, activating TPM-bypass!
[    2.833804] Loading compiled-in module X.509 certificates
[    2.834196] Loaded X.509 cert 'Red Hat Enterprise Linux kernel signing key: fcf6633dcca3f7a3376ff369eaacab4381b958ea'
[    2.834199] ima: Allocated hash algorithm: sha256
[    2.834212] ima: No architecture policies found
[    2.834238] evm: Initialising EVM extended attributes:
[    2.834239] evm: security.selinux
[    2.834240] evm: security.SMACK64 (disabled)
[    2.834241] evm: security.SMACK64EXEC (disabled)
[    2.834241] evm: security.SMACK64TRANSMUTE (disabled)
[    2.834242] evm: security.SMACK64MMAP (disabled)
[    2.834243] evm: security.apparmor (disabled)
[    2.834243] evm: security.ima
[    2.834244] evm: security.capability
[    2.834244] evm: HMAC attrs: 0x1
[    3.356065] Freeing unused decrypted memory: 2028K
[    3.357266] Freeing unused kernel image (initmem) memory: 3892K
[    3.369434] Write protecting the kernel read-only data: 28672k
[    3.369778] Freeing unused kernel image (rodata/data gap) memory: 532K
[    3.422608] x86/mm: Checked W+X mappings: passed, no W+X pages found.
[    3.422612] x86/mm: Checking user space page tables
[    3.473298] x86/mm: Checked W+X mappings: passed, no W+X pages found.
[    3.473330] Run /init as init process
[    3.473332]   with arguments:
[    3.473334]     /init
[    3.473334]   with environment:
[    3.473335]     HOME=/
[    3.473336]     TERM=linux
[    3.473336]     BOOT_IMAGE=(hd0,gpt3)/boot/ostree/rhcos-cb86807869a6e850801df2a066e50a19e49cbc779592b6f644931fcc9e590fcc/vmlinuz-5.14.0-427.20.1.el9_4.x86_64
[    3.473337]     ostree=/ostree/boot.0/rhcos/cb86807869a6e850801df2a066e50a19e49cbc779592b6f644931fcc9e590fcc/0
[    3.473338]     boot=UUID=d032bd31-66fc-41c8-b511-c2ee0ddc885c
[    3.508013] systemd[1]: systemd 252-32.el9_4 running in system mode (+PAM +AUDIT +SELINUX -APPARMOR +IMA +SMACK +SECCOMP +GCRYPT +GNUTLS +OPENSSL +ACL +BLKID +CURL +ELFUTILS -FIDO2 +IDN2 -IDN -IPTC +KMOD +LIBCRYPTSETUP +LIBFDISK +PCRE2 -PWQUALITY +P11KIT -QRENCODE +TPM2 +BZIP2 +LZ4 +XZ +ZLIB +ZSTD -BPF_FRAMEWORK +XKBCOMMON +UTMP +SYSVINIT default-hierarchy=unified)
[    3.508159] systemd[1]: Detected virtualization microsoft.
[    3.508164] systemd[1]: Detected architecture x86-64.
[    3.508166] systemd[1]: Running in initrd.
[    3.553909] systemd[1]: No hostname configured, using default hostname.
[    3.554037] systemd[1]: Hostname set to <localhost>.
[    3.554132] systemd[1]: Initializing machine ID from random generator.
[    3.698653] systemd[1]: Queued start job for default target Initrd Default Target.
[    3.699008] systemd[1]: Started Forward Password Requests to Clevis Directory Watch.
[    3.718653] systemd[1]: Started Dispatch Password Requests to Console Directory Watch.
[    3.730911] systemd[1]: Reached target Local Encrypted Volumes (Pre).
[    3.740813] systemd[1]: Reached target Local Encrypted Volumes.
[    3.749914] systemd[1]: Reached target Ignition Subsequent Boot Disk Setup.
[    3.764181] systemd[1]: Reached target Subsequent (Not Ignition) boot complete.
[    3.777062] systemd[1]: Reached target Initrd /usr File System.
[    3.786838] systemd[1]: Reached target Path Units.
[    3.794459] systemd[1]: Reached target Slice Units.
[    3.802261] systemd[1]: Reached target Swaps.
[    3.810998] systemd[1]: Reached target Timer Units.
[    3.821894] systemd[1]: Listening on D-Bus System Message Bus Socket.
[    3.831065] systemd[1]: Listening on Open-iSCSI iscsid Socket.
[    3.839780] systemd[1]: Listening on Open-iSCSI iscsiuio Socket.
[    3.849093] systemd[1]: Listening on Journal Socket (/dev/log).
[    3.861355] systemd[1]: Listening on Journal Socket.
[    3.868667] systemd[1]: Listening on udev Control Socket.
[    3.877632] systemd[1]: Listening on udev Kernel Socket.
[    3.886050] systemd[1]: Reached target Socket Units.
[    3.893728] systemd[1]: Check That Initrd Matches Kernel was skipped because of an unmet condition check (ConditionPathIsDirectory=!/usr/lib/modules/5.14.0-427.20.1.el9_4.x86_64).
[    3.912902] systemd[1]: Starting CoreOS: Touch /run/agetty.reload...
[    3.925412] systemd[1]: Starting Create List of Static Device Nodes...
[    3.939146] systemd[1]: Finish FIPS mode setup was skipped because of an unmet condition check (ConditionKernelCommandLine=fips).
[    3.948691] systemd[1]: Starting Journal Service...
[    3.966632] systemd[1]: Starting Load Kernel Modules...
[    3.977142] systemd[1]: Starting Create System Users...
[    3.987260] systemd[1]: Starting Setup Virtual Console...
[    3.993803] systemd[1]: Started Journal Service.
[    3.996686] systemd-sysusers[319]: Creating group 'nobody' with GID 65534.
[    4.007539] systemd[1]: Finished CoreOS: Touch /run/agetty.reload.
[    4.027339] systemd[1]: Finished Create List of Static Device Nodes.
[    4.039999] systemd[1]: Finished Setup Virtual Console.
[    4.052527] systemd[1]: dracut ask for additional cmdline parameters was skipped because no trigger condition checks were met.
[    4.053155] fuse: init (API version 7.36)
[    4.069732] systemd-modules-load[317]: Inserted module 'fuse'
[    4.069866] systemd-modules-load[317]: Module 'msr' is built in
[    4.069973] systemd[1]: Starting dracut cmdline hook...
[    4.090470] dracut-cmdline[322]: dracut-416.94.202406100958-0 dracut-057-53.git20240104.el9
[    4.091067] systemd[1]: Finished Load Kernel Modules.
[    4.107441] dracut-cmdline[322]: Using kernel command line parameters:    BOOT_IMAGE=(hd0,gpt3)/boot/ostree/rhcos-cb86807869a6e850801df2a066e50a19e49cbc779592b6f644931fcc9e590fcc/vmlinuz-5.14.0-427.20.1.el9_4.x86_64 rw ostree=/ostree/boot.0/rhcos/cb86807869a6e850801df2a066e50a19e49cbc779592b6f644931fcc9e590fcc/0 ignition.platform.id=azure console=tty0 console=ttyS0,115200n8 root=UUID=00fccde6-5020-42f9-b072-e13ec20f7c21 rw rootflags=prjquota boot=UUID=d032bd31-66fc-41c8-b511-c2ee0ddc885c systemd.unified_cgroup_hierarchy=1 cgroup_no_v1=all psi=1
[    4.110941] systemd[1]: Starting Apply Kernel Variables...
[    4.163961] systemd[1]: Finished Apply Kernel Variables.
[    4.173897] systemd-sysusers[319]: Creating group 'sgx' with GID 999.
[    4.175280] systemd-sysusers[319]: Creating group 'users' with GID 100.
[    4.176514] systemd-sysusers[319]: Creating group 'root' with GID 998.
[    4.178611] systemd-sysusers[319]: Creating group 'dbus' with GID 81.
[    4.181145] systemd-sysusers[319]: Creating user 'dbus' (System Message Bus) with UID 81 and GID 81.
[    4.182205] systemd[1]: Finished Create System Users.
[    4.235602] systemd[1]: Starting Create Static Device Nodes in /dev...
[    4.241253] systemd[1]: Starting Create Volatile Files and Directories...
[    4.255927] systemd[1]: Finished Create Static Device Nodes in /dev.
[    4.273861] systemd[1]: Finished Create Volatile Files and Directories.
[    4.287292] Loading iSCSI transport class v2.0-870.
[    4.306777] iscsi: registered transport (tcp)
[    4.335035] Warning: Deprecated Driver is detected: qla4xxx will not be maintained in a future major release and may be disabled
[    4.347398] iscsi: registered transport (qla4xxx)
[    4.347418] QLogic iSCSI HBA Driver
[    4.362429] libcxgbi:libcxgbi_init_module: Chelsio iSCSI driver library libcxgbi v0.9.1-ko (Apr. 2015)
[    4.440137] Chelsio T4-T6 iSCSI Driver cxgb4i v0.9.5-ko (Apr. 2015)
[    4.440173] iscsi: registered transport (cxgb4i)
[    4.464504] cnic: QLogic cnicDriver v2.5.22 (July 20, 2015)
[    4.477330] QLogic NetXtreme II iSCSI Driver bnx2i v2.7.10.1 (Jul 16, 2014)
[    4.477395] iscsi: registered transport (bnx2i)
[    4.498188] iscsi: registered transport (be2iscsi)
[    4.498190] In beiscsi_module_init, tt=00000000b2a791c9
[    4.756694] systemd[1]: Finished dracut cmdline hook.
[    4.781178] systemd[1]: Starting dracut pre-udev hook...
[    4.824177] device-mapper: core: CONFIG_IMA_DISABLE_HTABLE is disabled. Duplicate IMA measurements will not be recorded in the IMA log.
[    4.824204] device-mapper: uevent: version 1.0.3
[    4.824330] device-mapper: ioctl: 4.48.0-ioctl (2023-03-01) initialised: dm-devel@redhat.com
[    4.867340] systemd[1]: Finished dracut pre-udev hook.
[    4.885891] systemd[1]: Starting Rule-based Manager for Device Events and Files...
[    4.924285] systemd-udevd[508]: Using default interface naming scheme 'rhel-9.0'.
[    4.935696] systemd[1]: Started Rule-based Manager for Device Events and Files.
[    4.966302] systemd[1]: Starting dracut pre-trigger hook...
[    4.980736] dracut-pre-trigger[519]: rd.md=0: removing MD RAID activation
[    5.021821] systemd[1]: Finished dracut pre-trigger hook.
[    5.046343] systemd[1]: Starting Coldplug All udev Devices...
[    5.122567] systemd[1]: sys-module-fuse.device: Failed to enqueue SYSTEMD_WANTS= job, ignoring: Unit sys-fs-fuse-connections.mount not found.
[    5.131039] systemd[1]: Finished Coldplug All udev Devices.
[    5.157499] systemd[1]: nm-initrd.service was skipped because of an unmet condition check (ConditionPathExists=/run/NetworkManager/initrd/neednet).
[    5.157659] systemd[1]: Reached target Network.
[    5.182627] systemd[1]: nm-wait-online-initrd.service was skipped because of an unmet condition check (ConditionPathExists=/run/NetworkManager/initrd/neednet).
[    5.205329] systemd[1]: Starting dracut initqueue hook...
[    5.215040] systemd[1]: Starting Wait for udev To Complete Device Initialization...
[    5.242845] udevadm[563]: systemd-udev-settle.service is deprecated. Please fix multipathd-configure.service not to pull it in.
[    5.277375] hv_vmbus: Vmbus version:4.0
[    5.329357] hv_vmbus: registering driver hv_storvsc
[    5.335047] hv_utils: Registering HyperV Utility Driver
[    5.335049] hv_vmbus: registering driver hv_utils
[    5.335890] hv_utils: Heartbeat IC version 3.0
[    5.336659] hv_utils: Shutdown IC version 3.2
[    5.337740] hv_utils: TimeSync IC version 4.0
[    5.353720] scsi host1: storvsc_host_t
[    5.353836] hv_vmbus: registering driver hid_hyperv
[    5.358604] hv_vmbus: registering driver hv_netvsc
[    5.360704] input: Microsoft Vmbus HID-compliant Mouse as /devices/0006:045E:0621.0001/input/input0
[    5.360859] hid-generic 0006:045E:0621.0001: input: VIRTUAL HID v0.01 Mouse [Microsoft Vmbus HID-compliant Mouse] on 
[    5.371282] hv_vmbus: registering driver hyperv_keyboard
[    5.374943] input: AT Translated Set 2 keyboard as /devices/LNXSYSTM:00/LNXSYBUS:00/ACPI0004:00/VMBUS:00/d34b2567-b9b6-42b9-8778-0a4ec0b955bf/serio0/input/input1
[    5.378616] scsi host0: storvsc_host_t
[    5.379316] scsi 0:0:0:0: Direct-Access     Msft     Virtual Disk     1.0  PQ: 0 ANSI: 5
[    5.382459] scsi 0:0:0:1: Direct-Access     Msft     Virtual Disk     1.0  PQ: 0 ANSI: 5
[    5.435333] scsi 0:0:0:0: Attached scsi generic sg0 type 0
[    5.439858] scsi 0:0:0:1: Attached scsi generic sg1 type 0
[    5.457105] sd 0:0:0:0: [sda] 268435456 512-byte logical blocks: (137 GB/128 GiB)
[    5.457109] sd 0:0:0:0: [sda] 4096-byte physical blocks
[    5.457150] sd 0:0:0:1: [sdb] 67108864 512-byte logical blocks: (34.4 GB/32.0 GiB)
[    5.457152] sd 0:0:0:1: [sdb] 4096-byte physical blocks
[    5.457161] sd 0:0:0:0: [sda] Write Protect is off
[    5.457163] sd 0:0:0:0: [sda] Mode Sense: 0f 00 10 00
[    5.457216] sd 0:0:0:1: [sdb] Write Protect is off
[    5.457218] sd 0:0:0:1: [sdb] Mode Sense: 0f 00 10 00
[    5.457325] sd 0:0:0:0: [sda] Write cache: enabled, read cache: enabled, supports DPO and FUA
[    5.462515]  sda: sda1 sda2 sda3 sda4
[    5.462828] sd 0:0:0:0: [sda] Attached SCSI disk
[    5.467971] sd 0:0:0:1: [sdb] Write cache: disabled, read cache: enabled, supports DPO and FUA
[    5.482117]  sdb: sdb1
[    5.482213] sd 0:0:0:1: [sdb] Attached SCSI disk
[    5.512469] hv_netvsc 000d3a42-57b1-000d-3a42-57b1000d3a42 eth0: VF slot 1 added
[    5.542499] hv_vmbus: registering driver hv_pci
[    5.547963] hv_pci 18e0e81d-2443-4442-93eb-224b0e5dc1c3: PCI VMBus probing: Using version 0x10004
[    5.556699] hv_pci 18e0e81d-2443-4442-93eb-224b0e5dc1c3: PCI host bridge to bus 2443:00
[    5.556703] pci_bus 2443:00: root bus resource [mem 0xfe0000000-0xfe07fffff window]
[    5.556708] pci_bus 2443:00: No busn resource found for root bus, will use [bus 00-ff]
[    5.561350] pci 2443:00:02.0: [15b3:1004] type 00 class 0x020000
[    5.566764] pci 2443:00:02.0: reg 0x18: [mem 0xfe0000000-0xfe07fffff 64bit pref]
[    5.593846] pci_bus 2443:00: busn_res: [bus 00-ff] end is updated to 00
[    5.593860] pci 2443:00:02.0: BAR 2: assigned [mem 0xfe0000000-0xfe07fffff 64bit pref]
[    5.666732] mlx4_core: Mellanox ConnectX core driver v4.0-0
[    5.666759] mlx4_core: Initializing 2443:00:02.0
[    5.667206] mlx4_core 2443:00:02.0: enabling device (0000 -> 0002)
[    5.670403] mlx4_core 2443:00:02.0: Detected virtual function - running in slave mode
[    5.670499] mlx4_core 2443:00:02.0: Sending reset
[    5.670598] mlx4_core 2443:00:02.0: Sending vhcr0
[    5.672345] mlx4_core 2443:00:02.0: HCA minimum page size:512
[    5.673170] mlx4_core 2443:00:02.0: Timestamping is not supported in slave mode
[    5.676961] systemd[1]: Found device Virtual_Disk root.
[    5.721543] systemd[1]: Reached target Initrd Root Device.
[    5.742863] mlx4_en: Mellanox ConnectX HCA Ethernet driver v4.0-0
[    5.744046] mlx4_en 2443:00:02.0: Activating port:1
[    5.756864] mlx4_en: 2443:00:02.0: Port 1: Using 4 TX rings
[    5.756867] mlx4_en: 2443:00:02.0: Port 1: Using 4 RX rings
[    5.757032] mlx4_en: 2443:00:02.0: Port 1: Initializing port
[    5.761750] hv_netvsc 000d3a42-57b1-000d-3a42-57b1000d3a42 eth0: VF registering: eth1
[    5.761786] mlx4_core 2443:00:02.0 eth1: joined to eth0
[    5.763484] systemd[1]: Finished dracut initqueue hook.
[    5.793437] systemd[1]: Reached target Preparation for Remote File Systems.
[    5.804573] systemd[1]: Reached target Remote Encrypted Volumes.
[    5.815186] systemd[1]: Reached target Remote File Systems.
[    5.852039] systemd[1]: Starting dracut pre-mount hook...
[    5.876625] systemd[1]: Finished dracut pre-mount hook.
[    5.919333] <mlx4_ib> mlx4_ib_add: mlx4_ib: Mellanox ConnectX InfiniBand driver v4.0-0
[    5.930399] <mlx4_ib> mlx4_ib_add: counter index 31 for port 1 allocated 1
[    5.936953] mlx4_core 2443:00:02.0: mlx4_ib: multi-function enabled
[    5.936956] mlx4_core 2443:00:02.0: mlx4_ib: operating in qp1 tunnel mode
[    5.945784] mlx4_core 2443:00:02.0 enP9283s1: renamed from eth1
[    5.951959] systemd[1]: Created slice Slice /system/rdma-load-modules.
[    5.983925] systemd[1]: Starting Load RDMA modules from /etc/rdma/modules/infiniband.conf...
[    5.987900] systemd[1]: Starting Load RDMA modules from /etc/rdma/modules/rdma.conf...
[    6.019239] systemd[1]: Starting Load RDMA modules from /etc/rdma/modules/roce.conf...
[    6.042201] systemd[1]: Finished Wait for udev To Complete Device Initialization.
[    6.050467] systemd[1]: Finished Load RDMA modules from /etc/rdma/modules/roce.conf.
[    6.075140] systemd-modules-load[692]: Inserted module 'ib_ipoib'
[    6.076597] systemd[1]: Device-Mapper Multipath Default Configuration was skipped because of an unmet condition check (ConditionKernelCommandLine=rd.multipath=default).
[    6.097452] systemd-modules-load[692]: Inserted module 'ib_umad'
[    6.098813] systemd[1]: Starting Device-Mapper Multipath Device Controller...
[    6.120741] systemd[1]: Finished Load RDMA modules from /etc/rdma/modules/infiniband.conf.
[    6.140451] iscsi: registered transport (iser)
[    6.145066] systemd-modules-load[694]: Inserted module 'ib_iser'
[    6.155732] multipathd[700]: --------start up--------
[    6.155785] multipathd[700]: read /etc/multipath.conf
[    6.155827] multipathd[700]: /etc/multipath.conf does not exist, blacklisting all devices.
[    6.155847] multipathd[700]: You can run "/sbin/mpathconf --enable" to create
[    6.155866] multipathd[700]: /etc/multipath.conf. See man mpathconf(8) for more details
[    6.159984] multipathd[700]: /etc/multipath.conf does not exist, blacklisting all devices.
[    6.160025] multipathd[700]: You can run "/sbin/mpathconf --enable" to create
[    6.160046] multipathd[700]: /etc/multipath.conf. See man mpathconf(8) for more details
[    6.163455] multipathd[700]: path checkers start up
[    6.174326] systemd[1]: Started Device-Mapper Multipath Device Controller.
[    6.208349] systemd[1]: Reached target Preparation for Local File Systems.
[    6.237653] systemd[1]: Reached target Local File Systems.
[    6.250001] Rounding down aligned max_sectors from 4294967295 to 4294967288
[    6.250493] db_root: cannot open: /etc/target
[    6.271909] systemd[1]: Starting File System Check on /dev/disk/by-uuid/00fccde6-5020-42f9-b072-e13ec20f7c21...
[    6.289548] systemd-fsck[713]: /usr/sbin/fsck.xfs: XFS file system.
[    6.292424] systemd[1]: Finished File System Check on /dev/disk/by-uuid/00fccde6-5020-42f9-b072-e13ec20f7c21.
[    6.330659] systemd[1]: Mounting /sysroot...
[    6.330764] systemd-modules-load[694]: Inserted module 'ib_isert'
[    6.351349] ib_srpt MAD registration failed for mlx4_0-1.
[    6.351354] ib_srpt srpt_add_one(mlx4_0) failed.
[    6.357144] systemd-modules-load[694]: Inserted module 'ib_srpt'
[    6.366521] systemd-modules-load[694]: Inserted module 'rdma_ucm'
[    6.477116] RPC: Registered named UNIX socket transport module.
[    6.477120] RPC: Registered udp transport module.
[    6.477121] RPC: Registered tcp transport module.
[    6.477121] RPC: Registered tcp-with-tls transport module.
[    6.477122] RPC: Registered tcp NFSv4.1 backchannel transport module.
[    6.798937] SGI XFS with ACLs, security attributes, scrub, quota, no debug enabled
[    6.804218] RPC: Registered rdma transport module.
[    6.804220] RPC: Registered rdma backchannel transport module.
[    6.807204] systemd-modules-load[694]: Inserted module 'rpcrdma'
[    6.808865] systemd[1]: Finished Load RDMA modules from /etc/rdma/modules/rdma.conf.
[    6.815453] XFS (sda4): Mounting V5 Filesystem 00fccde6-5020-42f9-b072-e13ec20f7c21
[    6.847499] systemd[1]: Reached target Preparation for Network.
[    6.858704] systemd[1]: Reached target RDMA Hardware.
[    6.870452] systemd[1]: Reached target System Initialization.
[    6.881904] systemd[1]: Reached target Basic System.
[    6.889901] systemd[1]: Persist Osmet Files (ISO) was skipped because of an unmet condition check (ConditionKernelCommandLine=coreos.liveiso).
[    6.890002] systemd[1]: Acquire Live PXE rootfs Image was skipped because of an unmet condition check (ConditionPathExists=/run/ostree-live).
[    6.890114] systemd[1]: Persist Osmet Files (PXE) was skipped because of an unmet condition check (ConditionPathExists=/run/ostree-live).
[    6.896961] XFS (sda4): Ending clean mount
[    6.930404] systemd[1]: Mounted /sysroot.
[    6.955444] systemd[1]: Starting OSTree Prepare OS/...
[    6.961701] ostree-prepare-root[728]: Resolved OSTree target to: /sysroot/ostree/deploy/rhcos/deploy/37547adf68ea3b726e011e34a2c2ce27b17ebb4e2c1b679b7062daedbc7a8e68.1
[    6.961832] ostree-prepare-root[728]: Found legacy sysroot.readonly flag, not configured in ostree/prepare-root.conf
[    6.961903] ostree-prepare-root[728]: sysroot.readonly configuration value: 1 (fs writable: 1)
[    6.962616] ostree-prepare-root[728]: composefs: No image present
[    6.962657] ostree-prepare-root[728]: Using legacy ostree bind mount for /
[    6.968836] systemd[1]: Finished OSTree Prepare OS/.
[    7.006927] systemd[1]: Reached target Initrd Root File System.
[    7.017042] systemd[1]: CoreOS Propagate Multipath Configuration was skipped because of an unmet condition check (ConditionKernelCommandLine=rd.multipath=default).
[    7.032869] systemd[1]: Starting Mountpoints Configured in the Real Root...
[    7.056081] multipathd[700]: exit (signal)
[    7.056685] multipathd[700]: --------shut down-------
[    7.056937] systemd[1]: Stopping Device-Mapper Multipath Device Controller...
[    7.075479] systemd[1]: initrd-parse-etc.service: Deactivated successfully.
[    7.075666] systemd[1]: Finished Mountpoints Configured in the Real Root.
[    7.094125] systemd[1]: Reached target Initrd File Systems.
[    7.103589] systemd[1]: Reached target Initrd Default Target.
[    7.120906] systemd[1]: Starting dracut mount hook...
[    7.129599] systemd[1]: multipathd.service: Deactivated successfully.
[    7.129871] systemd[1]: Stopped Device-Mapper Multipath Device Controller.
[    7.154251] systemd[1]: sysroot.tmp.mount: Deactivated successfully.
[    7.154843] systemd[1]: Finished dracut mount hook.
[    7.169874] systemd[1]: Starting dracut pre-pivot and cleanup hook...
[    7.195436] dracut-pre-pivot[747]: 5.800953 | /etc/multipath.conf does not exist, blacklisting all devices.
[    7.215355] dracut-pre-pivot[747]: 5.800982 | You can run "/sbin/mpathconf --enable" to create
[    7.226245] dracut-pre-pivot[747]: 5.800987 | /etc/multipath.conf. See man mpathconf(8) for more details
[    7.249651] systemd[1]: Finished dracut pre-pivot and cleanup hook.
[    7.249815] systemd[1]: Workaround dracut FIPS unmounting /boot was skipped because of an unmet condition check (ConditionPathExists=/run/ostree-live).
[    7.265033] systemd[1]: Starting Cleaning Up and Shutting Down Daemons...
[    7.278873] systemd[1]: Stopped target Network.
[    7.286647] systemd[1]: Stopped target Preparation for Network.
[    7.292531] systemd[1]: Stopped target RDMA Hardware.
[    7.304477] systemd[1]: Stopped target Remote Encrypted Volumes.
[    7.314143] systemd[1]: Stopped target Timer Units.
[    7.324837] systemd[1]: dbus.socket: Deactivated successfully.
[    7.324957] systemd[1]: Closed D-Bus System Message Bus Socket.
[    7.340321] systemd[1]: Unmount Live /var if Persistent /var Is Configured was skipped because of an unmet condition check (ConditionPathExists=/run/ostree-live).
[    7.341347] systemd[1]: dracut-pre-pivot.service: Deactivated successfully.
[    7.341420] systemd[1]: Stopped dracut pre-pivot and cleanup hook.
[    7.365882] systemd[1]: Stopped target Initrd Default Target.
[    7.366036] systemd[1]: Stopped target Basic System.
[    7.380663] systemd[1]: Stopped target Subsequent (Not Ignition) boot complete.
[    7.392671] systemd[1]: Stopped target Ignition Subsequent Boot Disk Setup.
[    7.407712] systemd[1]: Stopped target Initrd Root Device.
[    7.407901] systemd[1]: Stopped target Initrd /usr File System.
[    7.422343] systemd[1]: Stopped target Path Units.
[    7.430432] systemd[1]: Stopped target Remote File Systems.
[    7.443909] systemd[1]: Stopped target Preparation for Remote File Systems.
[    7.455210] systemd[1]: Stopped target Slice Units.
[    7.462468] systemd[1]: Stopped target Socket Units.
[    7.471176] systemd[1]: Stopped target System Initialization.
[    7.480435] systemd[1]: Stopped target Local File Systems.
[    7.488855] systemd[1]: Stopped target Preparation for Local File Systems.
[    7.499418] systemd[1]: Stopped target Swaps.
[    7.507309] systemd[1]: iscsid.socket: Deactivated successfully.
[    7.510264] systemd[1]: Closed Open-iSCSI iscsid Socket.
[    7.524088] systemd[1]: iscsiuio.socket: Deactivated successfully.
[    7.524274] systemd[1]: Closed Open-iSCSI iscsiuio Socket.
[    7.538855] systemd[1]: coreos-touch-run-agetty.service: Deactivated successfully.
[    7.539059] systemd[1]: Stopped CoreOS: Touch /run/agetty.reload.
[    7.555115] systemd[1]: dracut-mount.service: Deactivated successfully.
[    7.555297] systemd[1]: Stopped dracut mount hook.
[    7.570920] systemd[1]: dracut-pre-mount.service: Deactivated successfully.
[    7.571048] systemd[1]: Stopped dracut pre-mount hook.
[    7.586461] systemd[1]: Stopped target Local Encrypted Volumes.
[    7.596586] systemd[1]: systemd-ask-password-console.path: Deactivated successfully.
[    7.596946] systemd[1]: Stopped Dispatch Password Requests to Console Directory Watch.
[    7.614563] systemd[1]: Stopped target Local Encrypted Volumes (Pre).
[    7.625360] systemd[1]: clevis-luks-askpass.path: Deactivated successfully.
[    7.629565] systemd[1]: Stopped Forward Password Requests to Clevis Directory Watch.
[    7.641130] systemd[1]: dracut-initqueue.service: Deactivated successfully.
[    7.641297] systemd[1]: Stopped dracut initqueue hook.
[    7.656135] systemd[1]: Acquire Live PXE rootfs Image was skipped because of an unmet condition check (ConditionPathExists=/run/ostree-live).
[    7.656259] systemd[1]: rdma-load-modules@infiniband.service: Deactivated successfully.
[    7.657004] systemd[1]: Stopped Load RDMA modules from /etc/rdma/modules/infiniband.conf.
[    7.687148] systemd[1]: rdma-load-modules@rdma.service: Deactivated successfully.
[    7.687252] systemd[1]: Stopped Load RDMA modules from /etc/rdma/modules/rdma.conf.
[    7.706258] systemd[1]: rdma-load-modules@roce.service: Deactivated successfully.
[    7.706447] systemd[1]: Stopped Load RDMA modules from /etc/rdma/modules/roce.conf.
[    7.719704] systemd[1]: systemd-sysctl.service: Deactivated successfully.
[    7.719843] systemd[1]: Stopped Apply Kernel Variables.
[    7.734592] systemd[1]: systemd-modules-load.service: Deactivated successfully.
[    7.734753] systemd[1]: Stopped Load Kernel Modules.
[    7.749443] systemd[1]: systemd-tmpfiles-setup.service: Deactivated successfully.
[    7.749649] systemd[1]: Stopped Create Volatile Files and Directories.
[    7.766222] systemd[1]: systemd-udev-settle.service: Deactivated successfully.
[    7.766948] systemd[1]: Stopped Wait for udev To Complete Device Initialization.
[    7.780764] systemd[1]: systemd-udev-trigger.service: Deactivated successfully.
[    7.780895] systemd[1]: Stopped Coldplug All udev Devices.
[    7.796950] systemd[1]: dracut-pre-trigger.service: Deactivated successfully.
[    7.797099] systemd[1]: Stopped dracut pre-trigger hook.
[    7.812661] systemd[1]: Stopping Rule-based Manager for Device Events and Files...
[    7.825347] systemd[1]: systemd-vconsole-setup.service: Deactivated successfully.
[    7.825743] systemd[1]: Stopped Setup Virtual Console.
[    7.849010] systemd[1]: run-credentials-systemd\x2dtmpfiles\x2dsetup.service.mount: Deactivated successfully.
[    7.849073] systemd[1]: run-credentials-systemd\x2dsysctl.service.mount: Deactivated successfully.
[    7.850712] systemd[1]: systemd-udevd.service: Deactivated successfully.
[    7.850923] systemd[1]: Stopped Rule-based Manager for Device Events and Files.
[    7.880832] systemd[1]: systemd-udevd.service: Consumed 1.418s CPU time.
[    7.881490] systemd[1]: systemd-udevd-control.socket: Deactivated successfully.
[    7.882393] systemd[1]: Closed udev Control Socket.
[    7.898808] systemd[1]: systemd-udevd-kernel.socket: Deactivated successfully.
[    7.898855] systemd[1]: Closed udev Kernel Socket.
[    7.912482] systemd[1]: dracut-pre-udev.service: Deactivated successfully.
[    7.912560] systemd[1]: Stopped dracut pre-udev hook.
[    7.928827] systemd[1]: dracut-cmdline.service: Deactivated successfully.
[    7.928896] systemd[1]: Stopped dracut cmdline hook.
[    7.952878] systemd[1]: Starting Cleanup udev Database...
[    7.961588] systemd[1]: systemd-tmpfiles-setup-dev.service: Deactivated successfully.
[    7.961705] systemd[1]: Stopped Create Static Device Nodes in /dev.
[    7.981578] systemd[1]: kmod-static-nodes.service: Deactivated successfully.
[    7.981661] systemd[1]: Stopped Create List of Static Device Nodes.
[    7.989817] systemd[1]: systemd-sysusers.service: Deactivated successfully.
[    7.992248] systemd[1]: Stopped Create System Users.
[    8.012578] systemd[1]: run-credentials-systemd\x2dtmpfiles\x2dsetup\x2ddev.service.mount: Deactivated successfully.
[    8.012680] systemd[1]: run-credentials-systemd\x2dsysusers.service.mount: Deactivated successfully.
[    8.013736] systemd[1]: initrd-cleanup.service: Deactivated successfully.
[    8.013969] systemd[1]: Finished Cleaning Up and Shutting Down Daemons.
[    8.045769] systemd[1]: initrd-udevadm-cleanup-db.service: Deactivated successfully.
[    8.045988] systemd[1]: Finished Cleanup udev Database.
[    8.062444] systemd[1]: Reached target Switch Root.
[    8.094513] systemd[1]: Starting Switch Root...
[    8.116430] systemd[1]: Switching root.
[    8.143025] systemd-journald[316]: Received SIGTERM from PID 1 (systemd).
[    8.260458] audit: type=1404 audit(1718103287.675:2): enforcing=1 old_enforcing=0 auid=4294967295 ses=4294967295 enabled=1 old-enabled=1 lsm=selinux res=1
[    8.319560] SELinux:  policy capability network_peer_controls=1
[    8.319565] SELinux:  policy capability open_perms=1
[    8.319566] SELinux:  policy capability extended_socket_class=1
[    8.319567] SELinux:  policy capability always_check_network=0
[    8.319568] SELinux:  policy capability cgroup_seclabel=1
[    8.319568] SELinux:  policy capability nnp_nosuid_transition=1
[    8.319569] SELinux:  policy capability genfs_seclabel_symlinks=1
[    8.365226] audit: type=1403 audit(1718103287.779:3): auid=4294967295 ses=4294967295 lsm=selinux res=1
[    8.368167] systemd[1]: Successfully loaded SELinux policy in 107.928ms.
[    8.437082] systemd[1]: Relabelled /dev, /dev/shm, /run, /sys/fs/cgroup in 57.841ms.
[    8.445858] systemd[1]: systemd 252-32.el9_4 running in system mode (+PAM +AUDIT +SELINUX -APPARMOR +IMA +SMACK +SECCOMP +GCRYPT +GNUTLS +OPENSSL +ACL +BLKID +CURL +ELFUTILS -FIDO2 +IDN2 -IDN -IPTC +KMOD +LIBCRYPTSETUP +LIBFDISK +PCRE2 -PWQUALITY +P11KIT -QRENCODE +TPM2 +BZIP2 +LZ4 +XZ +ZLIB +ZSTD -BPF_FRAMEWORK +XKBCOMMON +UTMP +SYSVINIT default-hierarchy=unified)
[    8.446001] systemd[1]: Detected virtualization microsoft.
[    8.446013] systemd[1]: Detected architecture x86-64.
[    8.479932] systemd[1]: Hostname set to <ci-op-9xx71rvq-1e28e-w667k-worker-centralus3-hgn49>.
[    8.561313] zram_generator::config[779]: No configuration found.
[    8.561573] systemd-rc-local-generator[774]: /etc/rc.d/rc.local is not marked executable, skipping.
[    8.920521] systemd[1]: initrd-switch-root.service: Deactivated successfully.
[    8.920686] systemd[1]: Stopped Switch Root.
[    8.934862] systemd[1]: systemd-journald.service: Scheduled restart job, restart counter is at 1.
[    8.935714] systemd[1]: Created slice Slice /system/getty.
[    8.952679] systemd[1]: Created slice Slice /system/modprobe.
[    8.962079] systemd[1]: Created slice Slice /system/serial-getty.
[    8.972032] systemd[1]: Created slice Slice /system/sshd-keygen.
[    8.981827] systemd[1]: Created slice Slice /system/systemd-fsck.
[    8.991971] systemd[1]: Created slice User and Session Slice.
[    9.001491] systemd[1]: Started Forward Password Requests to Clevis Directory Watch.
[    9.014478] systemd[1]: Started Dispatch Password Requests to Console Directory Watch.
[    9.027449] systemd[1]: Started Forward Password Requests to Wall Directory Watch.
[    9.040813] systemd[1]: Set up automount Arbitrary Executable File Formats File System Automount Point.
[    9.056938] systemd[1]: Reached target Synchronize afterburn-sshkeys@.service template instances.
[    9.070410] systemd[1]: Reached target Local Encrypted Volumes (Pre).
[    9.082057] systemd[1]: Reached target Local Encrypted Volumes.
[    9.091883] systemd[1]: Stopped target Switch Root.
[    9.099813] systemd[1]: Stopped target Initrd File Systems.
[    9.108732] systemd[1]: Stopped target Initrd Root File System.
[    9.118952] systemd[1]: Reached target Local Integrity Protected Volumes.
[    9.129589] systemd[1]: Reached target Host and Network Name Lookups.
[    9.141205] systemd[1]: Reached target Remote Encrypted Volumes.
[    9.151871] systemd[1]: Reached target Remote File Systems.
[    9.160989] systemd[1]: Reached target Slice Units.
[    9.169194] systemd[1]: Reached target Swaps.
[    9.176346] systemd[1]: Reached target Local Verity Protected Volumes.
[    9.189135] systemd[1]: Listening on Device-mapper event daemon FIFOs.
[    9.201692] systemd[1]: Listening on LVM2 poll daemon socket.
[    9.212631] systemd[1]: multipathd control socket was skipped because of an unmet condition check (ConditionPathExists=/etc/multipath.conf).
[    9.250479] systemd[1]: Listening on RPCbind Server Activation Socket.
[    9.261620] systemd[1]: Reached target RPC Port Mapper.
[    9.273241] systemd[1]: Listening on Process Core Dump Socket.
[    9.283343] systemd[1]: Listening on initctl Compatibility Named Pipe.
[    9.296852] systemd[1]: Listening on udev Control Socket.
[    9.307358] systemd[1]: Listening on udev Kernel Socket.
[    9.328633] systemd[1]: Mounting Huge Pages File System...
[    9.340741] systemd[1]: Mounting POSIX Message Queue File System...
[    9.350081] systemd[1]: Mounting Kernel Debug File System...
[    9.364089] systemd[1]: Mounting Kernel Trace File System...
[    9.375628] systemd[1]: Mounting Temporary Directory /tmp...
[    9.387858] systemd[1]: Starting CoreOS: Set printk To Level 4 (warn)...
[    9.404510] systemd[1]: Ignition (delete config) was skipped because of an unmet condition check (ConditionFirstBoot=true).
[    9.429744] systemd[1]: Starting Create List of Static Device Nodes...
[    9.443915] systemd[1]: Starting Monitoring of LVM2 mirrors, snapshots etc. using dmeventd or progress polling...
[    9.465960] systemd[1]: Starting Load Kernel Module configfs...
[    9.477699] systemd[1]: Starting Load Kernel Module drm...
[    9.489221] systemd[1]: Starting Load Kernel Module efi_pstore...
[    9.504807] systemd[1]: Starting Load Kernel Module fuse...
[    9.518083] systemd[1]: ostree-prepare-root.service: Deactivated successfully.
[    9.518240] systemd[1]: Stopped OSTree Prepare OS/.
[    9.539872] systemd[1]: systemd-fsck-root.service: Deactivated successfully.
[    9.539957] systemd[1]: Stopped File System Check on Root Device.
[    9.563500] systemd[1]: Stopped Journal Service.
[    9.610304] ACPI: bus type drm_connector registered
[    9.616942] systemd[1]: Starting Journal Service...
[    9.632741] systemd[1]: Starting Load Kernel Modules...
[    9.643853] systemd[1]: Starting Generate network units from Kernel command line...
[    9.661340] systemd[1]: TPM2 PCR Machine ID Measurement was skipped because of an unmet condition check (ConditionPathExists=/sys/firmware/efi/efivars/StubPcrKernelImage-4a67b082-0a4c-41cf-b6c7-440b29bb8c4f).
[    9.664592] systemd[1]: Starting Remount Root and Kernel File Systems...
[    9.670661] Warning: Unmaintained driver is detected: ip_tables
[    9.701488] systemd[1]: Starting Coldplug All udev Devices...
[    9.712841] systemd[1]: Started Journal Service.
[   10.843098] hv_vmbus: registering driver hv_balloon
[   10.843492] hv_balloon: Using Dynamic Memory protocol version 2.0
[   10.880605] input: PC Speaker as /devices/platform/pcspkr/input/input2
[   10.980094] RAPL PMU: API unit is 2^-32 Joules, 0 fixed counters, 10737418240 ms ovfl timer
[   11.102793] hv_vmbus: registering driver hyperv_drm
[   11.106009] hyperv_drm 5620e0c7-8062-4dce-aeb7-520c7ef76171: [drm] Synthvid Version major 3, minor 5
[   11.106227] Console: switching to colour dummy device 80x25
[   11.108404] [drm] Initialized hyperv_drm 1.0.0 2020 for 5620e0c7-8062-4dce-aeb7-520c7ef76171 on minor 0
[   11.429255] Console: switching to colour frame buffer device 128x48
[   11.527733] kvm_intel: Using Hyper-V Enlightened VMCS
[   11.592320] hyperv_drm 5620e0c7-8062-4dce-aeb7-520c7ef76171: [drm] fb0: hyperv_drmdrmfb frame buffer device
[   11.822352] systemd-journald[828]: Received client request to flush runtime journal.
[   12.037885] EXT4-fs (sda3): mounted filesystem d032bd31-66fc-41c8-b511-c2ee0ddc885c ro with ordered data mode. Quota mode: none.
[   13.572803] openvswitch: Open vSwitch switching datapath
[   13.990958] mlx4_en: enP9283s1: Steering Mode 2
[   14.010272] mlx4_en: enP9283s1: Link Up
[   14.028975] hv_netvsc 000d3a42-57b1-000d-3a42-57b1000d3a42 eth0: Data path switched to VF: enP9283s1
[   14.029900] IPv6: ADDRCONF(NETDEV_CHANGE): eth0: link becomes ready
[   14.029987] IPv6: ADDRCONF(NETDEV_CHANGE): enP9283s1: link becomes ready
[   19.835870] device ovs-system entered promiscuous mode
[   20.024603] Timeout policy base is empty
[   20.024608] Failed to associated timeout policy `ovs_test_tp'
[   20.342216] device eth0 entered promiscuous mode
[   20.342222] device enP9283s1 entered promiscuous mode
[   20.342607] mlx4_core 2443:00:02.0: going promisc on 1
[   21.360680] device eth0 left promiscuous mode
[   21.360686] device enP9283s1 left promiscuous mode
[   21.360796] mlx4_en: enP9283s1: Failed disabling promiscuous mode
[   21.397982] device ovs-system left promiscuous mode
[   21.492114] device ovs-system entered promiscuous mode
[   21.843083] No such timeout policy "ovs_test_tp"
[   21.843088] Failed to associated timeout policy `ovs_test_tp'
[   21.844422] device eth0 entered promiscuous mode
[   21.844427] device enP9283s1 entered promiscuous mode
[   21.844458] mlx4_core 2443:00:02.0: going promisc on 1
[   22.656617] device br-ex entered promiscuous mode
[   25.733262] Warning: Unmaintained driver is detected: nft_compat
[   37.538560] overlayfs: idmapped layers are currently not supported
[   58.995956] hv_balloon: Max. dynamic memory size: 16384 MB
[  114.234549] zram_generator::config[2815]: No configuration found.
[  114.249883] systemd-rc-local-generator[2801]: /etc/rc.d/rc.local is not marked executable, skipping.
[  116.379335] EXT4-fs (sda3): re-mounted d032bd31-66fc-41c8-b511-c2ee0ddc885c r/w. Quota mode: none.
[  154.729758] device br-int entered promiscuous mode
[  365.086588] device ovn-k8s-mp0 entered promiscuous mode
[  366.680354] device genev_sys_6081 entered promiscuous mode
[  367.258747] device br-ext entered promiscuous mode
[  367.319079] device vxlan_sys_4789 entered promiscuous mode
[  380.355063] IPv6: ADDRCONF(NETDEV_CHANGE): eth0: link becomes ready
[  380.355128] IPv6: ADDRCONF(NETDEV_CHANGE): 260b9731b8ec95b: link becomes ready
[  380.425087] IPv6: ADDRCONF(NETDEV_CHANGE): 4a42fee5306892c: link becomes ready
[  380.438291] device 260b9731b8ec95b entered promiscuous mode
[  380.547785] device 4a42fee5306892c entered promiscuous mode
[  380.602080] IPv6: ADDRCONF(NETDEV_CHANGE): e56a01b97cc900e: link becomes ready
[  380.627021] IPv6: ADDRCONF(NETDEV_CHANGE): 45f564a592c86ad: link becomes ready
[  380.693180] device e56a01b97cc900e entered promiscuous mode
[  380.741593] device 45f564a592c86ad entered promiscuous mode
[  380.789075] IPv6: ADDRCONF(NETDEV_CHANGE): e5394ccf686f6c4: link becomes ready
[  380.789186] IPv6: ADDRCONF(NETDEV_CHANGE): 665a19ae4de163a: link becomes ready
[  380.858702] device e5394ccf686f6c4 entered promiscuous mode
[  380.893110] device 665a19ae4de163a entered promiscuous mode
[  401.006070] device e56a01b97cc900e left promiscuous mode
[  485.556951] IPv6: ADDRCONF(NETDEV_CHANGE): 69a19ad3ddc9f00: link becomes ready
[  485.577428] IPv6: ADDRCONF(NETDEV_CHANGE): 1d4d20a94bf7723: link becomes ready
[  485.586977] IPv6: ADDRCONF(NETDEV_CHANGE): aa9c69137316f29: link becomes ready
[  485.642066] device 69a19ad3ddc9f00 entered promiscuous mode
[  485.698282] device 1d4d20a94bf7723 entered promiscuous mode
[  485.699318] device aa9c69137316f29 entered promiscuous mode
[  740.242465] IPv6: ADDRCONF(NETDEV_CHANGE): eth0: link becomes ready
[  740.242512] IPv6: ADDRCONF(NETDEV_CHANGE): 988d9e219ead021: link becomes ready
[  740.287786] device 988d9e219ead021 entered promiscuous mode
[  742.396374] IPv6: ADDRCONF(NETDEV_CHANGE): eth0: link becomes ready
[  742.396440] IPv6: ADDRCONF(NETDEV_CHANGE): 0589943642ff7eb: link becomes ready
[  742.441649] device 0589943642ff7eb entered promiscuous mode
[  743.109081] IPv6: ADDRCONF(NETDEV_CHANGE): b1785b4b7c4528f: link becomes ready
[  743.163661] device b1785b4b7c4528f entered promiscuous mode
[  750.448591] device 0589943642ff7eb left promiscuous mode
[ 1014.600886] IPv6: ADDRCONF(NETDEV_CHANGE): bb787ff37f88b9b: link becomes ready
[ 1014.646815] device bb787ff37f88b9b entered promiscuous mode
[ 1221.819396] IPv6: ADDRCONF(NETDEV_CHANGE): eth0: link becomes ready
[ 1221.819463] IPv6: ADDRCONF(NETDEV_CHANGE): 0596ea33717a779: link becomes ready
[ 1221.858802] device 0596ea33717a779 entered promiscuous mode
[ 1224.256239] device 0596ea33717a779 left promiscuous mode
[ 1682.362803] device b1785b4b7c4528f left promiscuous mode
[ 1687.044375] IPv6: ADDRCONF(NETDEV_CHANGE): eth0: link becomes ready
[ 1687.044429] IPv6: ADDRCONF(NETDEV_CHANGE): 46d6a328fb29fcd: link becomes ready
[ 1687.088984] device 46d6a328fb29fcd entered promiscuous mode
[ 1704.507824] systemd-rc-local-generator[19393]: /etc/rc.d/rc.local is not marked executable, skipping.
[ 1704.511528] zram_generator::config[19399]: No configuration found.
[ 1705.369721] zram_generator::config[19465]: No configuration found.
[ 1705.374084] systemd-rc-local-generator[19452]: /etc/rc.d/rc.local is not marked executable, skipping.
[ 1706.245001] zram_generator::config[19520]: No configuration found.
[ 1706.260342] systemd-rc-local-generator[19508]: /etc/rc.d/rc.local is not marked executable, skipping.
[ 1707.141805] systemd-rc-local-generator[19583]: /etc/rc.d/rc.local is not marked executable, skipping.
[ 1707.150317] zram_generator::config[19588]: No configuration found.
[ 1708.028767] systemd-rc-local-generator[19636]: /etc/rc.d/rc.local is not marked executable, skipping.
[ 1708.031725] zram_generator::config[19648]: No configuration found.
[ 1708.830344] zram_generator::config[19703]: No configuration found.
[ 1708.850306] systemd-rc-local-generator[19691]: /etc/rc.d/rc.local is not marked executable, skipping.
[ 1751.755028] IPv6: ADDRCONF(NETDEV_CHANGE): eth0: link becomes ready
[ 1751.755075] IPv6: ADDRCONF(NETDEV_CHANGE): 1fc5f22996b31a7: link becomes ready
[ 1751.796563] device 1fc5f22996b31a7 entered promiscuous mode
[ 1812.080569] zram_generator::config[20901]: No configuration found.
[ 1812.085935] systemd-rc-local-generator[20891]: /etc/rc.d/rc.local is not marked executable, skipping.
[ 1813.004133] zram_generator::config[20955]: No configuration found.
[ 1813.028756] systemd-rc-local-generator[20949]: /etc/rc.d/rc.local is not marked executable, skipping.
[ 1813.910710] zram_generator::config[21068]: No configuration found.
[ 1813.911416] systemd-rc-local-generator[21051]: /etc/rc.d/rc.local is not marked executable, skipping.
[ 1814.804231] zram_generator::config[21124]: No configuration found.
[ 1814.810801] systemd-rc-local-generator[21113]: /etc/rc.d/rc.local is not marked executable, skipping.
[ 1815.684678] systemd-rc-local-generator[21165]: /etc/rc.d/rc.local is not marked executable, skipping.
[ 1815.692905] zram_generator::config[21183]: No configuration found.
[ 1816.565949] systemd-rc-local-generator[21230]: /etc/rc.d/rc.local is not marked executable, skipping.
[ 1816.576705] zram_generator::config[21244]: No configuration found.
[ 1912.920510] IPv6: ADDRCONF(NETDEV_CHANGE): eth0: link becomes ready
[ 1912.920588] IPv6: ADDRCONF(NETDEV_CHANGE): 1d8a3dcd744ed4d: link becomes ready
[ 1912.965613] device 1d8a3dcd744ed4d entered promiscuous mode
[ 2018.029348] IPv6: ADDRCONF(NETDEV_CHANGE): eth0: link becomes ready
[ 2018.029416] IPv6: ADDRCONF(NETDEV_CHANGE): 238d05b01c8d703: link becomes ready
[ 2018.086284] device 238d05b01c8d703 entered promiscuous mode
[ 2024.568479] device 238d05b01c8d703 left promiscuous mode
[ 2121.191114] IPv6: ADDRCONF(NETDEV_CHANGE): 6176f09e6b901cb: link becomes ready
[ 2121.248452] device 6176f09e6b901cb entered promiscuous mode
[ 2124.007009] device 6176f09e6b901cb left promiscuous mode
[ 2354.933327] IPv6: ADDRCONF(NETDEV_CHANGE): eth0: link becomes ready
[ 2354.933397] IPv6: ADDRCONF(NETDEV_CHANGE): eb2b5e2030a45b4: link becomes ready
[ 2354.991053] device eb2b5e2030a45b4 entered promiscuous mode
