[    0.000000] Linux version 5.14.0-427.20.1.el9_4.x86_64 (mockbuild@x86-vm-09.brew-001.prod.iad2.dc.redhat.com) (gcc (GCC) 11.4.1 20231218 (Red Hat 11.4.1-3), GNU ld version 2.35.2-43.el9) #1 SMP PREEMPT_DYNAMIC Thu May 23 16:37:13 EDT 2024
[    0.000000] The list of certified hardware and cloud instances for Red Hat Enterprise Linux 9 can be viewed at the Red Hat Ecosystem Catalog, https://catalog.redhat.com.
[    0.000000] Command line: BOOT_IMAGE=(hd0,gpt3)/boot/ostree/rhcos-cb86807869a6e850801df2a066e50a19e49cbc779592b6f644931fcc9e590fcc/vmlinuz-5.14.0-427.20.1.el9_4.x86_64 rw ostree=/ostree/boot.0/rhcos/cb86807869a6e850801df2a066e50a19e49cbc779592b6f644931fcc9e590fcc/0 ignition.platform.id=azure console=tty0 console=ttyS0,115200n8 root=UUID=333934b0-17a0-4a47-a91c-c0f807fee595 rw rootflags=prjquota boot=UUID=1ef6b24e-7ea7-4faa-8437-887dfb9dc6e4 systemd.unified_cgroup_hierarchy=1 cgroup_no_v1=all psi=1
[    0.000000] x86/fpu: Supporting XSAVE feature 0x001: 'x87 floating point registers'
[    0.000000] x86/fpu: Supporting XSAVE feature 0x002: 'SSE registers'
[    0.000000] x86/fpu: Supporting XSAVE feature 0x004: 'AVX registers'
[    0.000000] x86/fpu: Supporting XSAVE feature 0x020: 'AVX-512 opmask'
[    0.000000] x86/fpu: Supporting XSAVE feature 0x040: 'AVX-512 Hi256'
[    0.000000] x86/fpu: Supporting XSAVE feature 0x080: 'AVX-512 ZMM_Hi256'
[    0.000000] x86/fpu: xstate_offset[2]:  576, xstate_sizes[2]:  256
[    0.000000] x86/fpu: xstate_offset[5]:  832, xstate_sizes[5]:   64
[    0.000000] x86/fpu: xstate_offset[6]:  896, xstate_sizes[6]:  512
[    0.000000] x86/fpu: xstate_offset[7]: 1408, xstate_sizes[7]: 1024
[    0.000000] x86/fpu: Enabled xstate features 0xe7, context size is 2432 bytes, using 'compacted' format.
[    0.000000] signal: max sigframe size: 3632
[    0.000000] BIOS-provided physical RAM map:
[    0.000000] BIOS-e820: [mem 0x0000000000000000-0x000000000009ffff] usable
[    0.000000] BIOS-e820: [mem 0x00000000000c0000-0x00000000000fffff] reserved
[    0.000000] BIOS-e820: [mem 0x0000000000100000-0x000000003ff40fff] usable
[    0.000000] BIOS-e820: [mem 0x000000003ff41000-0x000000003ffc8fff] reserved
[    0.000000] BIOS-e820: [mem 0x000000003ffc9000-0x000000003fffafff] ACPI data
[    0.000000] BIOS-e820: [mem 0x000000003fffb000-0x000000003fffefff] ACPI NVS
[    0.000000] BIOS-e820: [mem 0x000000003ffff000-0x000000003fffffff] usable
[    0.000000] BIOS-e820: [mem 0x0000000100000000-0x00000004bfffffff] usable
[    0.000000] NX (Execute Disable) protection: active
[    0.000000] efi: EFI v2.7 by Microsoft
[    0.000000] efi: ACPI=0x3fffa000 ACPI 2.0=0x3fffa014 SMBIOS=0x3ff85000 SMBIOS 3.0=0x3ff83000 MEMATTR=0x3f5c1a98 MOKvar=0x3ff81000 RNG=0x3ffd1018 
[    0.000000] secureboot: Secure boot disabled
[    0.000000] SMBIOS 3.1.0 present.
[    0.000000] DMI: Microsoft Corporation Virtual Machine/Virtual Machine, BIOS Hyper-V UEFI Release v4.1 03/08/2024
[    0.000000] Hypervisor detected: Microsoft Hyper-V
[    0.000000] Hyper-V: privilege flags low 0x2e7f, high 0x3b8030, hints 0x64c2c, misc 0xed7b2
[    0.000000] Hyper-V: Host Build 10.0.20348.1633-1-0
[    0.000000] Hyper-V: Nested features: 0xe0101
[    0.000000] Hyper-V: LAPIC Timer Frequency: 0x30d40
[    0.000000] Hyper-V: Using hypercall for remote TLB flush
[    0.000000] clocksource: hyperv_clocksource_tsc_page: mask: 0xffffffffffffffff max_cycles: 0x24e6a1710, max_idle_ns: 440795202120 ns
[    0.000002] clocksource: hyperv_clocksource_msr: mask: 0xffffffffffffffff max_cycles: 0x24e6a1710, max_idle_ns: 440795202120 ns
[    0.000003] tsc: Marking TSC unstable due to running on Hyper-V
[    0.000006] tsc: Detected 2593.908 MHz processor
[    0.000021] e820: update [mem 0x00000000-0x00000fff] usable ==> reserved
[    0.000023] e820: remove [mem 0x000a0000-0x000fffff] usable
[    0.000028] last_pfn = 0x4c0000 max_arch_pfn = 0x400000000
[    0.000058] MTRR map: 4 entries (2 fixed + 2 variable; max 18), built from 8 variable MTRRs
[    0.000060] x86/PAT: Configuration [0-7]: WB  WC  UC- UC  WB  WP  UC- WT  
[    0.000095] e820: update [mem 0x40000000-0xffffffff] usable ==> reserved
[    0.000098] last_pfn = 0x40000 max_arch_pfn = 0x400000000
[    0.014081] Using GB pages for direct mapping
[    0.014164] secureboot: Secure boot disabled
[    0.014165] RAMDISK: [mem 0x2cd1c000-0x324f1fff]
[    0.014171] ACPI: Early table checksum verification disabled
[    0.014174] ACPI: RSDP 0x000000003FFFA014 000024 (v02 VRTUAL)
[    0.014179] ACPI: XSDT 0x000000003FFF90E8 000064 (v01 VRTUAL MICROSFT 00000001 MSFT 00000001)
[    0.014185] ACPI: FACP 0x000000003FFF8000 000114 (v06 VRTUAL MICROSFT 00000001 MSFT 00000001)
[    0.014192] ACPI: DSDT 0x000000003FFD6000 01E184 (v02 MSFTVM DSDT01   00000001 MSFT 05000000)
[    0.014196] ACPI: FACS 0x000000003FFFE000 000040
[    0.014200] ACPI: OEM0 0x000000003FFF7000 000064 (v01 VRTUAL MICROSFT 00000001 MSFT 00000001)
[    0.014204] ACPI: SPCR 0x000000003FFF6000 000050 (v02 VRTUAL MICROSFT 00000001 MSFT 00000001)
[    0.014208] ACPI: WAET 0x000000003FFF5000 000028 (v01 VRTUAL MICROSFT 00000001 MSFT 00000001)
[    0.014212] ACPI: APIC 0x000000003FFD5000 000068 (v04 VRTUAL MICROSFT 00000001 MSFT 00000001)
[    0.014215] ACPI: SRAT 0x000000003FFD4000 0001B0 (v02 VRTUAL MICROSFT 00000001 MSFT 00000001)
[    0.014219] ACPI: BGRT 0x000000003FFD3000 000038 (v01 VRTUAL MICROSFT 00000001 MSFT 00000001)
[    0.014223] ACPI: FPDT 0x000000003FFD2000 000034 (v01 VRTUAL MICROSFT 00000001 MSFT 00000001)
[    0.014226] ACPI: Reserving FACP table memory at [mem 0x3fff8000-0x3fff8113]
[    0.014227] ACPI: Reserving DSDT table memory at [mem 0x3ffd6000-0x3fff4183]
[    0.014228] ACPI: Reserving FACS table memory at [mem 0x3fffe000-0x3fffe03f]
[    0.014229] ACPI: Reserving OEM0 table memory at [mem 0x3fff7000-0x3fff7063]
[    0.014230] ACPI: Reserving SPCR table memory at [mem 0x3fff6000-0x3fff604f]
[    0.014231] ACPI: Reserving WAET table memory at [mem 0x3fff5000-0x3fff5027]
[    0.014232] ACPI: Reserving APIC table memory at [mem 0x3ffd5000-0x3ffd5067]
[    0.014233] ACPI: Reserving SRAT table memory at [mem 0x3ffd4000-0x3ffd41af]
[    0.014234] ACPI: Reserving BGRT table memory at [mem 0x3ffd3000-0x3ffd3037]
[    0.014234] ACPI: Reserving FPDT table memory at [mem 0x3ffd2000-0x3ffd2033]
[    0.014272] SRAT: PXM 0 -> APIC 0x00 -> Node 0
[    0.014274] SRAT: PXM 0 -> APIC 0x01 -> Node 0
[    0.014275] SRAT: PXM 0 -> APIC 0x02 -> Node 0
[    0.014276] SRAT: PXM 0 -> APIC 0x03 -> Node 0
[    0.014280] ACPI: SRAT: Node 0 PXM 0 [mem 0x00000000-0x3fffffff] hotplug
[    0.014283] ACPI: SRAT: Node 0 PXM 0 [mem 0x100000000-0x4bfffffff] hotplug
[    0.014285] ACPI: SRAT: Node 0 PXM 0 [mem 0x4c0200000-0xfdfffffff] hotplug
[    0.014288] ACPI: SRAT: Node 0 PXM 0 [mem 0x1000000000-0xffffffffff] hotplug
[    0.014290] ACPI: SRAT: Node 0 PXM 0 [mem 0x10000200000-0x1ffffffffff] hotplug
[    0.014293] ACPI: SRAT: Node 0 PXM 0 [mem 0x20000200000-0x3ffffffffff] hotplug
[    0.014295] ACPI: SRAT: Node 0 PXM 0 [mem 0x40000200000-0x7ffffffffff] hotplug
[    0.014297] ACPI: SRAT: Node 0 PXM 0 [mem 0x80000200000-0xfffffffffff] hotplug
[    0.014303] NUMA: Node 0 [mem 0x00000000-0x3fffffff] + [mem 0x100000000-0x4bfffffff] -> [mem 0x00000000-0x4bfffffff]
[    0.014322] NODE_DATA(0) allocated [mem 0x4bffd5000-0x4bfffffff]
[    0.014695] Zone ranges:
[    0.014696]   DMA      [mem 0x0000000000001000-0x0000000000ffffff]
[    0.014697]   DMA32    [mem 0x0000000001000000-0x00000000ffffffff]
[    0.014699]   Normal   [mem 0x0000000100000000-0x00000004bfffffff]
[    0.014700]   Device   empty
[    0.014701] Movable zone start for each node
[    0.014703] Early memory node ranges
[    0.014703]   node   0: [mem 0x0000000000001000-0x000000000009ffff]
[    0.014705]   node   0: [mem 0x0000000000100000-0x000000003ff40fff]
[    0.014706]   node   0: [mem 0x000000003ffff000-0x000000003fffffff]
[    0.014707]   node   0: [mem 0x0000000100000000-0x00000004bfffffff]
[    0.014710] Initmem setup node 0 [mem 0x0000000000001000-0x00000004bfffffff]
[    0.014715] On node 0, zone DMA: 1 pages in unavailable ranges
[    0.014761] On node 0, zone DMA: 96 pages in unavailable ranges
[    0.017453] On node 0, zone DMA32: 190 pages in unavailable ranges
[    0.017896] ACPI: PM-Timer IO Port: 0x408
[    0.017908] ACPI: LAPIC_NMI (acpi_id[0x01] dfl dfl lint[0x1])
[    0.018195] IOAPIC[0]: apic_id 4, version 17, address 0xfec00000, GSI 0-23
[    0.018199] ACPI: INT_SRC_OVR (bus 0 bus_irq 9 global_irq 9 high level)
[    0.018206] ACPI: Using ACPI (MADT) for SMP configuration information
[    0.018215] e820: update [mem 0x3eed8000-0x3eedefff] usable ==> reserved
[    0.018226] ACPI: SPCR: console: uart,io,0x3f8,115200
[    0.018228] smpboot: Allowing 4 CPUs, 0 hotplug CPUs
[    0.018246] PM: hibernation: Registered nosave memory: [mem 0x00000000-0x00000fff]
[    0.018250] PM: hibernation: Registered nosave memory: [mem 0x000a0000-0x000bffff]
[    0.018251] PM: hibernation: Registered nosave memory: [mem 0x000c0000-0x000fffff]
[    0.018254] PM: hibernation: Registered nosave memory: [mem 0x3eed8000-0x3eedefff]
[    0.018257] PM: hibernation: Registered nosave memory: [mem 0x3ff41000-0x3ffc8fff]
[    0.018259] PM: hibernation: Registered nosave memory: [mem 0x3ffc9000-0x3fffafff]
[    0.018261] PM: hibernation: Registered nosave memory: [mem 0x3fffb000-0x3fffefff]
[    0.018264] PM: hibernation: Registered nosave memory: [mem 0x40000000-0xffffffff]
[    0.018266] [mem 0x40000000-0xffffffff] available for PCI devices
[    0.018268] Booting paravirtualized kernel on Hyper-V
[    0.018271] clocksource: refined-jiffies: mask: 0xffffffff max_cycles: 0xffffffff, max_idle_ns: 1910969940391419 ns
[    0.024614] setup_percpu: NR_CPUS:8192 nr_cpumask_bits:4 nr_cpu_ids:4 nr_node_ids:1
[    0.024983] percpu: Embedded 63 pages/cpu s221184 r8192 d28672 u524288
[    0.024988] pcpu-alloc: s221184 r8192 d28672 u524288 alloc=1*2097152
[    0.024991] pcpu-alloc: [0] 0 1 2 3 
[    0.025011] Hyper-V: PV spinlocks enabled
[    0.025013] PV qspinlock hash table entries: 256 (order: 0, 4096 bytes, linear)
[    0.025017] Fallback order for Node 0: 0 
[    0.025020] Built 1 zonelists, mobility grouping on.  Total pages: 4127002
[    0.025022] Policy zone: Normal
[    0.025023] Kernel command line: BOOT_IMAGE=(hd0,gpt3)/boot/ostree/rhcos-cb86807869a6e850801df2a066e50a19e49cbc779592b6f644931fcc9e590fcc/vmlinuz-5.14.0-427.20.1.el9_4.x86_64 rw ostree=/ostree/boot.0/rhcos/cb86807869a6e850801df2a066e50a19e49cbc779592b6f644931fcc9e590fcc/0 ignition.platform.id=azure console=tty0 console=ttyS0,115200n8 root=UUID=333934b0-17a0-4a47-a91c-c0f807fee595 rw rootflags=prjquota boot=UUID=1ef6b24e-7ea7-4faa-8437-887dfb9dc6e4 systemd.unified_cgroup_hierarchy=1 cgroup_no_v1=all psi=1
[    0.025175] Unknown kernel command line parameters "BOOT_IMAGE=(hd0,gpt3)/boot/ostree/rhcos-cb86807869a6e850801df2a066e50a19e49cbc779592b6f644931fcc9e590fcc/vmlinuz-5.14.0-427.20.1.el9_4.x86_64 ostree=/ostree/boot.0/rhcos/cb86807869a6e850801df2a066e50a19e49cbc779592b6f644931fcc9e590fcc/0 boot=UUID=1ef6b24e-7ea7-4faa-8437-887dfb9dc6e4", will be passed to user space.
[    0.025204] random: crng init done
[    0.027511] Dentry cache hash table entries: 2097152 (order: 12, 16777216 bytes, linear)
[    0.028665] Inode-cache hash table entries: 1048576 (order: 11, 8388608 bytes, linear)
[    0.029068] mem auto-init: stack:off, heap alloc:off, heap free:off
[    0.029073] software IO TLB: area num 4.
[    0.055440] Memory: 1010956K/16776068K available (16384K kernel code, 5626K rwdata, 11756K rodata, 3892K init, 5956K bss, 507328K reserved, 0K cma-reserved)
[    0.055551] SLUB: HWalign=64, Order=0-3, MinObjects=0, CPUs=4, Nodes=1
[    0.055561] Kernel/User page tables isolation: enabled
[    0.055578] ftrace: allocating 46883 entries in 184 pages
[    0.080763] ftrace: allocated 184 pages with 4 groups
[    0.081444] Dynamic Preempt: voluntary
[    0.081473] rcu: Preemptible hierarchical RCU implementation.
[    0.081474] rcu: 	RCU restricting CPUs from NR_CPUS=8192 to nr_cpu_ids=4.
[    0.081475] 	Trampoline variant of Tasks RCU enabled.
[    0.081476] 	Rude variant of Tasks RCU enabled.
[    0.081477] 	Tracing variant of Tasks RCU enabled.
[    0.081478] rcu: RCU calculated value of scheduler-enlistment delay is 100 jiffies.
[    0.081479] rcu: Adjusting geometry for rcu_fanout_leaf=16, nr_cpu_ids=4
[    0.085770] Using NULL legacy PIC
[    0.085771] NR_IRQS: 524544, nr_irqs: 456, preallocated irqs: 0
[    0.085806] rcu: srcu_init: Setting srcu_struct sizes based on contention.
[    0.086585] kfence: initialized - using 2097152 bytes for 255 objects at 0x(____ptrval____)-0x(____ptrval____)
[    0.086614] Console: colour dummy device 80x25
[    0.086873] printk: console [tty0] enabled
[    0.902282] printk: console [ttyS0] enabled
[    0.905418] ACPI: Core revision 20221020
[    0.908411] Failed to register legacy timer interrupt
[    0.912022] APIC: Switch to symmetric I/O mode setup
[    0.917246] Hyper-V: enabling crash_kexec_post_notifiers
[    0.921066] Hyper-V: Using IPI hypercalls
[    0.923879] Hyper-V: Using enlightened APIC (xapic mode)
[    0.923984] Calibrating delay loop (skipped), value calculated using timer frequency.. 5187.81 BogoMIPS (lpj=2593908)
[    0.924979] pid_max: default: 32768 minimum: 301
[    0.924979] LSM: initializing lsm=lockdown,capability,yama,integrity,selinux,bpf
[    0.924979] Yama: becoming mindful.
[    0.924979] SELinux:  Initializing.
[    0.924979] LSM support for eBPF active
[    0.924979] Mount-cache hash table entries: 32768 (order: 6, 262144 bytes, linear)
[    0.924979] Mountpoint-cache hash table entries: 32768 (order: 6, 262144 bytes, linear)
[    0.924979] Disabling cpuset control group subsystem in v1 mounts
[    0.924979] Disabling cpu control group subsystem in v1 mounts
[    0.924979] Disabling cpuacct control group subsystem in v1 mounts
[    0.924979] Disabling io control group subsystem in v1 mounts
[    0.924979] Disabling memory control group subsystem in v1 mounts
[    0.924979] Disabling devices control group subsystem in v1 mounts
[    0.924979] Disabling freezer control group subsystem in v1 mounts
[    0.924979] Disabling net_cls control group subsystem in v1 mounts
[    0.924979] Disabling perf_event control group subsystem in v1 mounts
[    0.924979] Disabling net_prio control group subsystem in v1 mounts
[    0.924979] Disabling hugetlb control group subsystem in v1 mounts
[    0.924979] Disabling pids control group subsystem in v1 mounts
[    0.924979] Disabling rdma control group subsystem in v1 mounts
[    0.924979] Disabling misc control group subsystem in v1 mounts
[    0.924979] Last level iTLB entries: 4KB 64, 2MB 8, 4MB 8
[    0.924979] Last level dTLB entries: 4KB 64, 2MB 0, 4MB 0, 1GB 4
[    0.924979] Spectre V1 : Mitigation: usercopy/swapgs barriers and __user pointer sanitization
[    0.924979] Spectre V2 : Mitigation: Retpolines
[    0.924979] Spectre V2 : Spectre v2 / SpectreRSB mitigation: Filling RSB on context switch
[    0.924979] Spectre V2 : Spectre v2 / SpectreRSB : Filling RSB on VMEXIT
[    0.924979] RETBleed: WARNING: Spectre v2 mitigation leaves CPU vulnerable to RETBleed attacks, data leaks possible!
[    0.924979] RETBleed: Vulnerable
[    0.924979] Speculative Store Bypass: Vulnerable
[    0.924979] MDS: Mitigation: Clear CPU buffers
[    0.924979] TAA: Mitigation: Clear CPU buffers
[    0.924979] MMIO Stale Data: Vulnerable: Clear CPU buffers attempted, no microcode
[    0.924979] GDS: Unknown: Dependent on hypervisor status
[    0.924979] Freeing SMP alternatives memory: 36K
[    0.924979] smpboot: CPU0: Intel(R) Xeon(R) Platinum 8272CL CPU @ 2.60GHz (family: 0x6, model: 0x55, stepping: 0x7)
[    0.925150] cblist_init_generic: Setting adjustable number of callback queues.
[    0.925984] cblist_init_generic: Setting shift to 2 and lim to 1.
[    0.927000] cblist_init_generic: Setting shift to 2 and lim to 1.
[    0.928000] cblist_init_generic: Setting shift to 2 and lim to 1.
[    0.928999] Performance Events: unsupported p6 CPU model 85 no PMU driver, software events only.
[    0.930050] printk: console [ttyS0] printing thread started
[    0.930055] rcu: Hierarchical SRCU implementation.
[    0.930055] rcu: 	Max phase no-delay instances is 400.
[    0.930066] printk: console [tty0] printing thread started
[    0.930540] NMI watchdog: Perf NMI watchdog permanently disabled
[    0.930624] smp: Bringing up secondary CPUs ...
[    0.930739] x86: Booting SMP configuration:
[    0.930739] .... node  #0, CPUs:      #1
[    0.935987] MDS CPU bug present and SMT on, data leak possible. See https://www.kernel.org/doc/html/latest/admin-guide/hw-vuln/mds.html for more details.
[    0.935988] TAA CPU bug present and SMT on, data leak possible. See https://www.kernel.org/doc/html/latest/admin-guide/hw-vuln/tsx_async_abort.html for more details.
[    0.935989] MMIO Stale Data CPU bug present and SMT on, data leak possible. See https://www.kernel.org/doc/html/latest/admin-guide/hw-vuln/processor_mmio_stale_data.html for more details.
[    0.942126]  #2 #3
[    0.943093] smp: Brought up 1 node, 4 CPUs
[    0.943093] smpboot: Max logical packages: 1
[    0.943093] smpboot: Total of 4 processors activated (20751.26 BogoMIPS)
[    0.970070] node 0 deferred pages initialised in 27ms
[    0.971459] devtmpfs: initialized
[    0.971459] x86/mm: Memory block size: 128MB
[    0.972815] ACPI: PM: Registering ACPI NVS region [mem 0x3fffb000-0x3fffefff] (16384 bytes)
[    0.972815] clocksource: jiffies: mask: 0xffffffff max_cycles: 0xffffffff, max_idle_ns: 1911260446275000 ns
[    0.972815] futex hash table entries: 1024 (order: 4, 65536 bytes, linear)
[    0.972815] pinctrl core: initialized pinctrl subsystem
[    0.994018] NET: Registered PF_NETLINK/PF_ROUTE protocol family
[    0.994171] DMA: preallocated 2048 KiB GFP_KERNEL pool for atomic allocations
[    0.994179] DMA: preallocated 2048 KiB GFP_KERNEL|GFP_DMA pool for atomic allocations
[    0.994187] DMA: preallocated 2048 KiB GFP_KERNEL|GFP_DMA32 pool for atomic allocations
[    0.994198] audit: initializing netlink subsys (disabled)
[    0.994207] audit: type=2000 audit(1718103335.070:1): state=initialized audit_enabled=0 res=1
[    0.994207] thermal_sys: Registered thermal governor 'fair_share'
[    0.994207] thermal_sys: Registered thermal governor 'step_wise'
[    0.994207] thermal_sys: Registered thermal governor 'user_space'
[    0.997988] cpuidle: using governor menu
[    0.998076] acpiphp: ACPI Hot Plug PCI Controller Driver version: 0.5
[    0.998140] e820: reserve RAM buffer [mem 0x3eed8000-0x3fffffff]
[    0.998141] e820: reserve RAM buffer [mem 0x3ff41000-0x3fffffff]
[    1.002026] kprobes: kprobe jump-optimization is enabled. All kprobes are optimized if possible.
[    1.004065] HugeTLB: registered 1.00 GiB page size, pre-allocated 0 pages
[    1.004066] HugeTLB: 16380 KiB vmemmap can be freed for a 1.00 GiB page
[    1.004068] HugeTLB: registered 2.00 MiB page size, pre-allocated 0 pages
[    1.004069] HugeTLB: 28 KiB vmemmap can be freed for a 2.00 MiB page
[    1.007295] cryptd: max_cpu_qlen set to 1000
[    1.012650] ACPI: Added _OSI(Module Device)
[    1.012652] ACPI: Added _OSI(Processor Device)
[    1.012653] ACPI: Added _OSI(3.0 _SCP Extensions)
[    1.012654] ACPI: Added _OSI(Processor Aggregator Device)
[    1.012655] ACPI: Added _OSI(Linux-Dell-Video)
[    1.012656] ACPI: Added _OSI(Linux-Lenovo-NV-HDMI-Audio)
[    1.012657] ACPI: Added _OSI(Linux-HPI-Hybrid-Graphics)
[    1.020449] ACPI: 1 ACPI AML tables successfully acquired and loaded
[    1.021229] ACPI: Interpreter enabled
[    1.021239] ACPI: PM: (supports S0 S5)
[    1.021240] ACPI: Using IOAPIC for interrupt routing
[    1.021286] PCI: Using host bridge windows from ACPI; if necessary, use "pci=nocrs" and report a bug
[    1.021287] PCI: Ignoring E820 reservations for host bridge windows
[    1.021395] ACPI: Enabled 1 GPEs in block 00 to 0F
[    1.022492] iommu: Default domain type: Translated
[    1.022492] iommu: DMA domain TLB invalidation policy: lazy mode
[    1.022492] SCSI subsystem initialized
[    1.022492] ACPI: bus type USB registered
[    1.022492] usbcore: registered new interface driver usbfs
[    1.022492] usbcore: registered new interface driver hub
[    1.022492] usbcore: registered new device driver usb
[    1.022492] pps_core: LinuxPPS API ver. 1 registered
[    1.022492] pps_core: Software ver. 5.3.6 - Copyright 2005-2007 Rodolfo Giometti <giometti@linux.it>
[    1.022492] PTP clock support registered
[    1.022492] EDAC MC: Ver: 3.0.0
[    1.023008] Registered efivars operations
[    1.023277] NetLabel: Initializing
[    1.023277] NetLabel:  domain hash size = 128
[    1.023278] NetLabel:  protocols = UNLABELED CIPSOv4 CALIPSO
[    1.023301] NetLabel:  unlabeled traffic allowed by default
[    1.023302] PCI: Using ACPI for IRQ routing
[    1.023303] PCI: System does not support PCI
[    1.023325] vgaarb: loaded
[    1.029548] clocksource: Switched to clocksource hyperv_clocksource_tsc_page
[    1.029557] VFS: Disk quotas dquot_6.6.0
[    1.029557] VFS: Dquot-cache hash table entries: 512 (order 0, 4096 bytes)
[    1.029557] pnp: PnP ACPI init
[    1.029557] pnp: PnP ACPI: found 3 devices
[    1.035055] clocksource: acpi_pm: mask: 0xffffff max_cycles: 0xffffff, max_idle_ns: 2085701024 ns
[    1.035108] NET: Registered PF_INET protocol family
[    1.035479] IP idents hash table entries: 262144 (order: 9, 2097152 bytes, linear)
[    1.038301] tcp_listen_portaddr_hash hash table entries: 8192 (order: 5, 131072 bytes, linear)
[    1.038323] Table-perturb hash table entries: 65536 (order: 6, 262144 bytes, linear)
[    1.038329] TCP established hash table entries: 131072 (order: 8, 1048576 bytes, linear)
[    1.038476] TCP bind hash table entries: 65536 (order: 8, 1048576 bytes, linear)
[    1.038598] TCP: Hash tables configured (established 131072 bind 65536)
[    1.038745] MPTCP token hash table entries: 16384 (order: 6, 393216 bytes, linear)
[    1.038785] UDP hash table entries: 8192 (order: 6, 262144 bytes, linear)
[    1.038817] UDP-Lite hash table entries: 8192 (order: 6, 262144 bytes, linear)
[    1.038882] NET: Registered PF_UNIX/PF_LOCAL protocol family
[    1.038888] NET: Registered PF_XDP protocol family
[    1.038892] PCI: CLS 0 bytes, default 64
[    1.038907] PCI-DMA: Using software bounce buffering for IO (SWIOTLB)
[    1.038908] software IO TLB: mapped [mem 0x000000003aed8000-0x000000003eed8000] (64MB)
[    1.038918] ACPI: bus type thunderbolt registered
[    1.038969] Trying to unpack rootfs image as initramfs...
[    1.117474] Initialise system trusted keyrings
[    1.117488] Key type blacklist registered
[    1.117582] workingset: timestamp_bits=36 max_order=22 bucket_order=0
[    1.120290] zbud: loaded
[    1.176408] integrity: Platform Keyring initialized
[    1.176416] integrity: Machine keyring initialized
[    1.184074] NET: Registered PF_ALG protocol family
[    1.184080] xor: automatically using best checksumming function   avx       
[    1.184083] Key type asymmetric registered
[    1.184085] Asymmetric key parser 'x509' registered
[    1.184086] Running certificate verification selftests
[    1.186652] Loaded X.509 cert 'Certificate verification self-testing key: f58703bb33ce1b73ee02eccdee5b8817518fe3db'
[    1.187446] Block layer SCSI generic (bsg) driver version 0.4 loaded (major 246)
[    1.187522] io scheduler mq-deadline registered
[    1.187524] io scheduler kyber registered
[    1.187577] io scheduler bfq registered
[    1.208309] atomic64_test: passed for x86-64 platform with CX8 and with SSE
[    1.208677] shpchp: Standard Hot Plug PCI Controller Driver version: 0.4
[    1.209073] Serial: 8250/16550 driver, 4 ports, IRQ sharing enabled
[    1.213818] 00:00: ttyS0 at I/O 0x3f8 (irq = 4, base_baud = 115200) is a 16550A
[    1.217416] 00:01: ttyS1 at I/O 0x2f8 (irq = 3, base_baud = 115200) is a 16550A
[    1.217765] Non-volatile memory driver v1.3
[    1.222224] rdac: device handler registered
[    1.222300] hp_sw: device handler registered
[    1.222302] emc: device handler registered
[    1.222363] alua: device handler registered
[    1.222704] usbcore: registered new interface driver usbserial_generic
[    1.222712] usbserial: USB Serial support registered for generic
[    1.222758] i8042: PNP: No PS/2 controller found.
[    1.222810] mousedev: PS/2 mouse device common for all mice
[    1.225436] rtc_cmos 00:02: registered as rtc0
[    1.225955] rtc_cmos 00:02: setting system clock to 2024-06-11T10:55:36 UTC (1718103336)
[    1.226137] rtc_cmos 00:02: alarms up to one month, 114 bytes nvram
[    1.226157] intel_pstate: CPU model not supported
[    1.226290] efifb: probing for efifb
[    1.226300] efifb: framebuffer at 0x40000000, using 3072k, total 3072k
[    1.226302] efifb: mode is 1024x768x32, linelength=4096, pages=1
[    1.226304] efifb: scrolling: redraw
[    1.226304] efifb: Truecolor: size=8:8:8:8, shift=24:16:8:0
[    1.230547] Console: switching to colour frame buffer device 128x48
[    1.232536] fb0: EFI VGA frame buffer device
[    1.232554] EFI Variables Facility v0.08 2004-May-17
[    1.238159] hid: raw HID events driver (C) Jiri Kosina
[    1.238213] usbcore: registered new interface driver usbhid
[    1.238214] usbhid: USB HID core driver
[    1.238230] drop_monitor: Initializing network drop monitor service
[    1.251674] Initializing XFRM netlink socket
[    1.251811] NET: Registered PF_INET6 protocol family
[    1.533662] Freeing initrd memory: 89944K
[    1.540791] Segment Routing with IPv6
[    1.540824] NET: Registered PF_PACKET protocol family
[    1.540880] mpls_gso: MPLS GSO support
[    1.544157] No MBM correction factor available
[    1.544162] IPI shorthand broadcast: enabled
[    1.544170] AVX2 version of gcm_enc/dec engaged.
[    1.561100] AES CTR mode by8 optimization enabled
[    1.561192] sched_clock: Marking stable (723524400, 837526500)->(1828457700, -267406800)
[    1.561382] registered taskstats version 1
[    1.561648] Loading compiled-in X.509 certificates
[    1.562470] Loaded X.509 cert 'Red Hat Enterprise Linux kernel signing key: fcf6633dcca3f7a3376ff369eaacab4381b958ea'
[    1.562888] Loaded X.509 cert 'Red Hat Enterprise Linux Driver Update Program (key 3): bf57f3e87362bc7229d9f465321773dfd1f77a80'
[    1.563307] Loaded X.509 cert 'Red Hat Enterprise Linux kpatch signing key: 4d38fd864ebe18c5f0b72e3852e2014c3a676fc8'
[    1.563529] Loaded X.509 cert 'RH-IMA-CA: Red Hat IMA CA: fb31825dd0e073685b264e3038963673f753959a'
[    1.563546] Loaded X.509 cert 'Nvidia GPU OOT signing 001: 55e1cef88193e60419f0b0ec379c49f77545acf0'
[    1.563790] zswap: loaded using pool lzo/zbud
[    1.571001] page_owner is disabled
[    1.571104] Key type big_key registered
[    1.626723] Key type encrypted registered
[    1.627435] integrity: Loading X.509 certificate: UEFI:db
[    1.627474] integrity: Loaded X.509 cert 'Microsoft Windows Production PCA 2011: a92902398e16c49778cd90f99e4f9ae17c55af53'
[    1.628439] integrity: Loading X.509 certificate: UEFI:MokListRT (MOKvar table)
[    1.628611] integrity: Problem loading X.509 certificate -126
[    1.628612] integrity: Loading X.509 certificate: UEFI:MokListRT (MOKvar table)
[    1.628767] integrity: Loaded X.509 cert 'Red Hat Secure Boot CA 5: cc6fa5e72868ba494e939bbd680b9144769a9f8f'
[    1.628767] integrity: Loading X.509 certificate: UEFI:MokListRT (MOKvar table)
[    1.629276] integrity: Problem loading X.509 certificate -126
[    1.629277] integrity: Loading X.509 certificate: UEFI:MokListRT (MOKvar table)
[    1.629770] integrity: Loaded X.509 cert 'Red Hat Secure Boot CA 8: e1c6c580aa1e21d585aad9bf20f3929e5ec1f08b'
[    1.629774] ima: No TPM chip found, activating TPM-bypass!
[    1.629776] Loading compiled-in module X.509 certificates
[    1.630096] Loaded X.509 cert 'Red Hat Enterprise Linux kernel signing key: fcf6633dcca3f7a3376ff369eaacab4381b958ea'
[    1.630099] ima: Allocated hash algorithm: sha256
[    1.630107] ima: No architecture policies found
[    1.630125] evm: Initialising EVM extended attributes:
[    1.630126] evm: security.selinux
[    1.630128] evm: security.SMACK64 (disabled)
[    1.630128] evm: security.SMACK64EXEC (disabled)
[    1.630129] evm: security.SMACK64TRANSMUTE (disabled)
[    1.630129] evm: security.SMACK64MMAP (disabled)
[    1.630130] evm: security.apparmor (disabled)
[    1.630130] evm: security.ima
[    1.630131] evm: security.capability
[    1.630131] evm: HMAC attrs: 0x1
[    1.796048] Freeing unused decrypted memory: 2028K
[    1.796868] Freeing unused kernel image (initmem) memory: 3892K
[    1.806992] Write protecting the kernel read-only data: 28672k
[    1.807334] Freeing unused kernel image (rodata/data gap) memory: 532K
[    1.853262] x86/mm: Checked W+X mappings: passed, no W+X pages found.
[    1.853264] x86/mm: Checking user space page tables
[    1.897524] x86/mm: Checked W+X mappings: passed, no W+X pages found.
[    1.897549] Run /init as init process
[    1.897551]   with arguments:
[    1.897552]     /init
[    1.897553]   with environment:
[    1.897553]     HOME=/
[    1.897554]     TERM=linux
[    1.897554]     BOOT_IMAGE=(hd0,gpt3)/boot/ostree/rhcos-cb86807869a6e850801df2a066e50a19e49cbc779592b6f644931fcc9e590fcc/vmlinuz-5.14.0-427.20.1.el9_4.x86_64
[    1.897555]     ostree=/ostree/boot.0/rhcos/cb86807869a6e850801df2a066e50a19e49cbc779592b6f644931fcc9e590fcc/0
[    1.897556]     boot=UUID=1ef6b24e-7ea7-4faa-8437-887dfb9dc6e4
[    1.915639] systemd[1]: systemd 252-32.el9_4 running in system mode (+PAM +AUDIT +SELINUX -APPARMOR +IMA +SMACK +SECCOMP +GCRYPT +GNUTLS +OPENSSL +ACL +BLKID +CURL +ELFUTILS -FIDO2 +IDN2 -IDN -IPTC +KMOD +LIBCRYPTSETUP +LIBFDISK +PCRE2 -PWQUALITY +P11KIT -QRENCODE +TPM2 +BZIP2 +LZ4 +XZ +ZLIB +ZSTD -BPF_FRAMEWORK +XKBCOMMON +UTMP +SYSVINIT default-hierarchy=unified)
[    1.915760] systemd[1]: Detected virtualization microsoft.
[    1.915764] systemd[1]: Detected architecture x86-64.
[    1.915766] systemd[1]: Running in initrd.
[    1.920145] systemd[1]: No hostname configured, using default hostname.
[    1.920223] systemd[1]: Hostname set to <localhost>.
[    1.920291] systemd[1]: Initializing machine ID from random generator.
[    2.034617] systemd[1]: Queued start job for default target Initrd Default Target.
[    2.034892] systemd[1]: Started Forward Password Requests to Clevis Directory Watch.
[    2.038315] systemd[1]: Started Dispatch Password Requests to Console Directory Watch.
[    2.048825] systemd[1]: Reached target Local Encrypted Volumes (Pre).
[    2.051307] systemd[1]: Reached target Local Encrypted Volumes.
[    2.055693] systemd[1]: Reached target Ignition Subsequent Boot Disk Setup.
[    2.060497] systemd[1]: Reached target Subsequent (Not Ignition) boot complete.
[    2.069704] systemd[1]: Reached target Initrd /usr File System.
[    2.073507] systemd[1]: Reached target Path Units.
[    2.076513] systemd[1]: Reached target Slice Units.
[    2.079974] systemd[1]: Reached target Swaps.
[    2.085204] systemd[1]: Reached target Timer Units.
[    2.088492] systemd[1]: Listening on D-Bus System Message Bus Socket.
[    2.092909] systemd[1]: Listening on Open-iSCSI iscsid Socket.
[    2.097222] systemd[1]: Listening on Open-iSCSI iscsiuio Socket.
[    2.101297] systemd[1]: Listening on Journal Socket (/dev/log).
[    2.105509] systemd[1]: Listening on Journal Socket.
[    2.109145] systemd[1]: Listening on udev Control Socket.
[    2.113108] systemd[1]: Listening on udev Kernel Socket.
[    2.116783] systemd[1]: Reached target Socket Units.
[    2.120126] systemd[1]: Check That Initrd Matches Kernel was skipped because of an unmet condition check (ConditionPathIsDirectory=!/usr/lib/modules/5.14.0-427.20.1.el9_4.x86_64).
[    2.134027] systemd[1]: Starting CoreOS: Touch /run/agetty.reload...
[    2.139233] systemd[1]: Starting Create List of Static Device Nodes...
[    2.143491] systemd[1]: Finish FIPS mode setup was skipped because of an unmet condition check (ConditionKernelCommandLine=fips).
[    2.148512] systemd[1]: Starting Journal Service...
[    2.153291] systemd[1]: Starting Load Kernel Modules...
[    2.156212] systemd[1]: Starting Create System Users...
[    2.161806] systemd[1]: Starting Setup Virtual Console...
[    2.166512] systemd[1]: Finished CoreOS: Touch /run/agetty.reload.
[    2.169402] systemd[1]: Finished Create List of Static Device Nodes.
[    2.175262] systemd-sysusers[319]: Creating group 'nobody' with GID 65534.
[    2.179362] systemd[1]: Started Journal Service.
[    2.185275] systemd[1]: Finished Setup Virtual Console.
[    2.185594] systemd[1]: dracut ask for additional cmdline parameters was skipped because no trigger condition checks were met.
[    2.195146] fuse: init (API version 7.36)
[    2.207199] systemd-modules-load[318]: Inserted module 'fuse'
[    2.209156] systemd-modules-load[318]: Module 'msr' is built in
[    2.209245] systemd[1]: Starting dracut cmdline hook...
[    2.212940] systemd[1]: Finished Load Kernel Modules.
[    2.219242] systemd[1]: Starting Apply Kernel Variables...
[    2.221498] dracut-cmdline[322]: dracut-416.94.202406100958-0 dracut-057-53.git20240104.el9
[    2.225224] systemd-sysusers[319]: Creating group 'sgx' with GID 999.
[    2.225904] dracut-cmdline[322]: Using kernel command line parameters:    BOOT_IMAGE=(hd0,gpt3)/boot/ostree/rhcos-cb86807869a6e850801df2a066e50a19e49cbc779592b6f644931fcc9e590fcc/vmlinuz-5.14.0-427.20.1.el9_4.x86_64 rw ostree=/ostree/boot.0/rhcos/cb86807869a6e850801df2a066e50a19e49cbc779592b6f644931fcc9e590fcc/0 ignition.platform.id=azure console=tty0 console=ttyS0,115200n8 root=UUID=333934b0-17a0-4a47-a91c-c0f807fee595 rw rootflags=prjquota boot=UUID=1ef6b24e-7ea7-4faa-8437-887dfb9dc6e4 systemd.unified_cgroup_hierarchy=1 cgroup_no_v1=all psi=1
[    2.226126] systemd-sysusers[319]: Creating group 'users' with GID 100.
[    2.228318] systemd-sysusers[319]: Creating group 'root' with GID 998.
[    2.230349] systemd[1]: Finished Apply Kernel Variables.
[    2.257812] systemd-sysusers[319]: Creating group 'dbus' with GID 81.
[    2.259978] systemd-sysusers[319]: Creating user 'dbus' (System Message Bus) with UID 81 and GID 81.
[    2.261162] systemd[1]: Finished Create System Users.
[    2.281393] systemd[1]: Starting Create Static Device Nodes in /dev...
[    2.287098] systemd[1]: Starting Create Volatile Files and Directories...
[    2.295837] systemd[1]: Finished Create Static Device Nodes in /dev.
[    2.301406] systemd[1]: Finished Create Volatile Files and Directories.
[    2.340116] Loading iSCSI transport class v2.0-870.
[    2.352023] iscsi: registered transport (tcp)
[    2.373745] Warning: Deprecated Driver is detected: qla4xxx will not be maintained in a future major release and may be disabled
[    2.380762] iscsi: registered transport (qla4xxx)
[    2.380778] QLogic iSCSI HBA Driver
[    2.391163] libcxgbi:libcxgbi_init_module: Chelsio iSCSI driver library libcxgbi v0.9.1-ko (Apr. 2015)
[    2.450913] Chelsio T4-T6 iSCSI Driver cxgb4i v0.9.5-ko (Apr. 2015)
[    2.450944] iscsi: registered transport (cxgb4i)
[    2.463558] cnic: QLogic cnicDriver v2.5.22 (July 20, 2015)
[    2.469916] QLogic NetXtreme II iSCSI Driver bnx2i v2.7.10.1 (Jul 16, 2014)
[    2.469947] iscsi: registered transport (bnx2i)
[    2.492789] iscsi: registered transport (be2iscsi)
[    2.492791] In beiscsi_module_init, tt=000000000e2504fa
[    2.685405] systemd[1]: Finished dracut cmdline hook.
[    2.698393] systemd[1]: Starting dracut pre-udev hook...
[    2.729375] device-mapper: core: CONFIG_IMA_DISABLE_HTABLE is disabled. Duplicate IMA measurements will not be recorded in the IMA log.
[    2.729401] device-mapper: uevent: version 1.0.3
[    2.729499] device-mapper: ioctl: 4.48.0-ioctl (2023-03-01) initialised: dm-devel@redhat.com
[    2.757364] systemd[1]: Finished dracut pre-udev hook.
[    2.777445] systemd[1]: Starting Rule-based Manager for Device Events and Files...
[    2.795747] systemd-udevd[507]: Using default interface naming scheme 'rhel-9.0'.
[    2.801836] systemd[1]: Started Rule-based Manager for Device Events and Files.
[    2.811491] systemd[1]: Starting dracut pre-trigger hook...
[    2.827208] dracut-pre-trigger[524]: rd.md=0: removing MD RAID activation
[    2.855799] systemd[1]: Finished dracut pre-trigger hook.
[    2.866369] systemd[1]: Starting Coldplug All udev Devices...
[    2.927206] systemd[1]: sys-module-fuse.device: Failed to enqueue SYSTEMD_WANTS= job, ignoring: Unit sys-fs-fuse-connections.mount not found.
[    2.932082] systemd[1]: Finished Coldplug All udev Devices.
[    2.937596] systemd[1]: nm-initrd.service was skipped because of an unmet condition check (ConditionPathExists=/run/NetworkManager/initrd/neednet).
[    2.937717] systemd[1]: Reached target Network.
[    2.945430] systemd[1]: nm-wait-online-initrd.service was skipped because of an unmet condition check (ConditionPathExists=/run/NetworkManager/initrd/neednet).
[    2.958490] systemd[1]: Starting dracut initqueue hook...
[    2.964116] systemd[1]: Starting Wait for udev To Complete Device Initialization...
[    2.977293] udevadm[582]: systemd-udev-settle.service is deprecated. Please fix multipathd-configure.service not to pull it in.
[    3.021475] hv_vmbus: Vmbus version:4.0
[    3.062257] hv_utils: Registering HyperV Utility Driver
[    3.062261] hv_vmbus: registering driver hv_utils
[    3.062813] hv_utils: Heartbeat IC version 3.0
[    3.062823] hv_utils: Shutdown IC version 3.2
[    3.063017] hv_utils: TimeSync IC version 4.0
[    3.080129] hv_vmbus: registering driver hid_hyperv
[    3.080752] input: Microsoft Vmbus HID-compliant Mouse as /devices/0006:045E:0621.0001/input/input0
[    3.080823] hid-generic 0006:045E:0621.0001: input: VIRTUAL HID v0.01 Mouse [Microsoft Vmbus HID-compliant Mouse] on 
[    3.089686] hv_vmbus: registering driver hv_storvsc
[    3.092621] scsi host0: storvsc_host_t
[    3.092836] hv_vmbus: registering driver hyperv_keyboard
[    3.093228] scsi host1: storvsc_host_t
[    3.094137] scsi 0:0:0:0: Direct-Access     Msft     Virtual Disk     1.0  PQ: 0 ANSI: 5
[    3.094262] input: AT Translated Set 2 keyboard as /devices/LNXSYSTM:00/LNXSYBUS:00/ACPI0004:00/VMBUS:00/d34b2567-b9b6-42b9-8778-0a4ec0b955bf/serio0/input/input1
[    3.095122] scsi 0:0:0:1: Direct-Access     Msft     Virtual Disk     1.0  PQ: 0 ANSI: 5
[    3.111000] hv_vmbus: registering driver hv_netvsc
[    3.123890] scsi 0:0:0:0: Attached scsi generic sg0 type 0
[    3.123964] scsi 0:0:0:1: Attached scsi generic sg1 type 0
[    3.133543] sd 0:0:0:1: [sdb] 67108864 512-byte logical blocks: (34.4 GB/32.0 GiB)
[    3.133543] sd 0:0:0:0: [sda] 268435456 512-byte logical blocks: (137 GB/128 GiB)
[    3.133546] sd 0:0:0:1: [sdb] 4096-byte physical blocks
[    3.133546] sd 0:0:0:0: [sda] 4096-byte physical blocks
[    3.133597] sd 0:0:0:1: [sdb] Write Protect is off
[    3.133597] sd 0:0:0:0: [sda] Write Protect is off
[    3.133598] sd 0:0:0:1: [sdb] Mode Sense: 0f 00 10 00
[    3.133600] sd 0:0:0:0: [sda] Mode Sense: 0f 00 10 00
[    3.133911] sd 0:0:0:0: [sda] Write cache: enabled, read cache: enabled, supports DPO and FUA
[    3.133913] sd 0:0:0:1: [sdb] Write cache: disabled, read cache: enabled, supports DPO and FUA
[    3.136596]  sdb: sdb1
[    3.136669] sd 0:0:0:1: [sdb] Attached SCSI disk
[    3.139274]  sda: sda1 sda2 sda3 sda4
[    3.143164] sd 0:0:0:0: [sda] Attached SCSI disk
[    3.228862] systemd[1]: Found device Virtual_Disk root.
[    3.228951] systemd[1]: Reached target Initrd Root Device.
[    3.288395] hv_netvsc 00224847-87e4-0022-4847-87e400224847 eth0: VF slot 1 added
[    3.302049] hv_vmbus: registering driver hv_pci
[    3.302421] hv_pci 83c68e7a-753f-4567-a245-02532bf1d0fd: PCI VMBus probing: Using version 0x10004
[    3.303676] hv_pci 83c68e7a-753f-4567-a245-02532bf1d0fd: PCI host bridge to bus 753f:00
[    3.303678] pci_bus 753f:00: root bus resource [mem 0xfe0000000-0xfe00fffff window]
[    3.303680] pci_bus 753f:00: No busn resource found for root bus, will use [bus 00-ff]
[    3.308405] pci 753f:00:02.0: [15b3:1016] type 00 class 0x020000
[    3.310255] pci 753f:00:02.0: reg 0x10: [mem 0xfe0000000-0xfe00fffff 64bit pref]
[    3.311858] pci 753f:00:02.0: enabling Extended Tags
[    3.318634] pci 753f:00:02.0: 0.000 Gb/s available PCIe bandwidth, limited by Unknown x0 link at 753f:00:02.0 (capable of 63.008 Gb/s with 8.0 GT/s PCIe x8 link)
[    3.319886] pci_bus 753f:00: busn_res: [bus 00-ff] end is updated to 00
[    3.319894] pci 753f:00:02.0: BAR 0: assigned [mem 0xfe0000000-0xfe00fffff 64bit pref]
[    3.342730] systemd[1]: Finished dracut initqueue hook.
[    3.347168] systemd[1]: Reached target Preparation for Remote File Systems.
[    3.350041] systemd[1]: Reached target Remote Encrypted Volumes.
[    3.356705] systemd[1]: Reached target Remote File Systems.
[    3.375397] systemd[1]: Starting dracut pre-mount hook...
[    3.388434] systemd[1]: Finished dracut pre-mount hook.
[    3.656252] mlx5_core 753f:00:02.0: enabling device (0000 -> 0002)
[    3.659222] mlx5_core 753f:00:02.0: firmware version: 14.30.1284
[    3.897641] hv_netvsc 00224847-87e4-0022-4847-87e400224847 eth0: VF registering: eth1
[    3.897669] mlx5_core 753f:00:02.0 eth1: joined to eth0
[    3.897898] mlx5_core 753f:00:02.0 eth1: Disabling LRO, not supported in legacy RQ
[    3.907685] mlx5_core 753f:00:02.0 eth1: Disabling LRO, not supported in legacy RQ
[    3.907695] mlx5_core 753f:00:02.0: MLX5E: StrdRq(0) RqSz(1024) StrdSz(256) RxCqeCmprss(0 basic)
[    3.918654] mlx5_core 753f:00:02.0 enP30015s1: renamed from eth1
[    4.030097] systemd[1]: Created slice Slice /system/rdma-load-modules.
[    4.045368] systemd[1]: Starting Load RDMA modules from /etc/rdma/modules/infiniband.conf...
[    4.052513] systemd[1]: Starting Load RDMA modules from /etc/rdma/modules/rdma.conf...
[    4.074053] systemd[1]: Starting Load RDMA modules from /etc/rdma/modules/roce.conf...
[    4.074163] systemd[1]: Finished Wait for udev To Complete Device Initialization.
[    4.074337] systemd[1]: Device-Mapper Multipath Default Configuration was skipped because of an unmet condition check (ConditionKernelCommandLine=rd.multipath=default).
[    4.074491] systemd[1]: Starting Device-Mapper Multipath Device Controller...
[    4.080125] systemd[1]: Finished Load RDMA modules from /etc/rdma/modules/roce.conf.
[    4.109215] systemd-modules-load[694]: Inserted module 'ib_ipoib'
[    4.109312] systemd-modules-load[694]: Inserted module 'ib_umad'
[    4.109854] systemd[1]: Finished Load RDMA modules from /etc/rdma/modules/infiniband.conf.
[    4.118893] multipathd[700]: --------start up--------
[    4.118945] multipathd[700]: read /etc/multipath.conf
[    4.119000] multipathd[700]: /etc/multipath.conf does not exist, blacklisting all devices.
[    4.119028] multipathd[700]: You can run "/sbin/mpathconf --enable" to create
[    4.119046] multipathd[700]: /etc/multipath.conf. See man mpathconf(8) for more details
[    4.122576] multipathd[700]: path checkers start up
[    4.126452] multipathd[700]: /etc/multipath.conf does not exist, blacklisting all devices.
[    4.126487] multipathd[700]: You can run "/sbin/mpathconf --enable" to create
[    4.126504] multipathd[700]: /etc/multipath.conf. See man mpathconf(8) for more details
[    4.131380] systemd[1]: Started Device-Mapper Multipath Device Controller.
[    4.147384] systemd[1]: Reached target Preparation for Local File Systems.
[    4.153024] systemd[1]: Reached target Local File Systems.
[    4.162277] iscsi: registered transport (iser)
[    4.166187] systemd-modules-load[695]: Inserted module 'ib_iser'
[    4.166343] systemd[1]: Starting File System Check on /dev/disk/by-uuid/333934b0-17a0-4a47-a91c-c0f807fee595...
[    4.181826] systemd-fsck[711]: /usr/sbin/fsck.xfs: XFS file system.
[    4.187275] systemd[1]: Finished File System Check on /dev/disk/by-uuid/333934b0-17a0-4a47-a91c-c0f807fee595.
[    4.203402] Rounding down aligned max_sectors from 4294967295 to 4294967288
[    4.203454] db_root: cannot open: /etc/target
[    4.205927] systemd[1]: Mounting /sysroot...
[    4.242304] systemd-modules-load[695]: Inserted module 'ib_isert'
[    4.249713] ib_srpt MAD registration failed for mlx5_0-1.
[    4.250477] ib_srpt srpt_add_one(mlx5_0) failed.
[    4.254034] systemd-modules-load[695]: Inserted module 'ib_srpt'
[    4.257690] systemd-modules-load[695]: Inserted module 'rdma_ucm'
[    4.356812] RPC: Registered named UNIX socket transport module.
[    4.356814] RPC: Registered udp transport module.
[    4.356815] RPC: Registered tcp transport module.
[    4.356815] RPC: Registered tcp-with-tls transport module.
[    4.356816] RPC: Registered tcp NFSv4.1 backchannel transport module.
[    4.565065] SGI XFS with ACLs, security attributes, scrub, quota, no debug enabled
[    4.568969] RPC: Registered rdma transport module.
[    4.568971] RPC: Registered rdma backchannel transport module.
[    4.572419] systemd-modules-load[695]: Inserted module 'rpcrdma'
[    4.572769] XFS (sda4): Mounting V5 Filesystem 333934b0-17a0-4a47-a91c-c0f807fee595
[    4.573750] systemd[1]: Finished Load RDMA modules from /etc/rdma/modules/rdma.conf.
[    4.578732] systemd[1]: Reached target Preparation for Network.
[    4.587392] systemd[1]: Reached target RDMA Hardware.
[    4.589428] systemd[1]: Reached target System Initialization.
[    4.595437] systemd[1]: Reached target Basic System.
[    4.597956] systemd[1]: Persist Osmet Files (ISO) was skipped because of an unmet condition check (ConditionKernelCommandLine=coreos.liveiso).
[    4.598035] systemd[1]: Acquire Live PXE rootfs Image was skipped because of an unmet condition check (ConditionPathExists=/run/ostree-live).
[    4.598102] systemd[1]: Persist Osmet Files (PXE) was skipped because of an unmet condition check (ConditionPathExists=/run/ostree-live).
[    4.619624] XFS (sda4): Ending clean mount
[    4.660293] systemd[1]: Mounted /sysroot.
[    4.674435] systemd[1]: Starting OSTree Prepare OS/...
[    4.680356] ostree-prepare-root[729]: Resolved OSTree target to: /sysroot/ostree/deploy/rhcos/deploy/a8b6e9b5f805528d845494c7a5ae61d36f7ad371bfda9b4ce2bc28cde71a175d.1
[    4.680427] ostree-prepare-root[729]: Found legacy sysroot.readonly flag, not configured in ostree/prepare-root.conf
[    4.680448] ostree-prepare-root[729]: sysroot.readonly configuration value: 1 (fs writable: 1)
[    4.680518] ostree-prepare-root[729]: composefs: No image present
[    4.680546] ostree-prepare-root[729]: Using legacy ostree bind mount for /
[    4.683969] systemd[1]: Finished OSTree Prepare OS/.
[    4.702188] systemd[1]: Reached target Initrd Root File System.
[    4.706784] systemd[1]: CoreOS Propagate Multipath Configuration was skipped because of an unmet condition check (ConditionKernelCommandLine=rd.multipath=default).
[    4.713422] systemd[1]: Starting Mountpoints Configured in the Real Root...
[    4.726345] multipathd[700]: exit (signal)
[    4.726603] multipathd[700]: --------shut down-------
[    4.726634] systemd[1]: Stopping Device-Mapper Multipath Device Controller...
[    4.735679] systemd[1]: initrd-parse-etc.service: Deactivated successfully.
[    4.735850] systemd[1]: Finished Mountpoints Configured in the Real Root.
[    4.743620] systemd[1]: Reached target Initrd File Systems.
[    4.747648] systemd[1]: Reached target Initrd Default Target.
[    4.765390] systemd[1]: Starting dracut mount hook...
[    4.769336] systemd[1]: multipathd.service: Deactivated successfully.
[    4.769484] systemd[1]: Stopped Device-Mapper Multipath Device Controller.
[    4.777558] systemd[1]: Finished dracut mount hook.
[    4.783219] systemd[1]: Starting dracut pre-pivot and cleanup hook...
[    4.799617] dracut-pre-pivot[748]: 3.961850 | /etc/multipath.conf does not exist, blacklisting all devices.
[    4.803143] dracut-pre-pivot[748]: 3.961874 | You can run "/sbin/mpathconf --enable" to create
[    4.811792] dracut-pre-pivot[748]: 3.961877 | /etc/multipath.conf. See man mpathconf(8) for more details
[    4.820128] systemd[1]: Finished dracut pre-pivot and cleanup hook.
[    4.824782] systemd[1]: Workaround dracut FIPS unmounting /boot was skipped because of an unmet condition check (ConditionPathExists=/run/ostree-live).
[    4.838425] systemd[1]: Starting Cleaning Up and Shutting Down Daemons...
[    4.848370] systemd[1]: Stopped target Network.
[    4.851959] systemd[1]: Stopped target Preparation for Network.
[    4.857553] systemd[1]: Stopped target RDMA Hardware.
[    4.861241] systemd[1]: Stopped target Remote Encrypted Volumes.
[    4.865539] systemd[1]: Stopped target Timer Units.
[    4.868999] systemd[1]: dbus.socket: Deactivated successfully.
[    4.869117] systemd[1]: Closed D-Bus System Message Bus Socket.
[    4.876297] systemd[1]: Unmount Live /var if Persistent /var Is Configured was skipped because of an unmet condition check (ConditionPathExists=/run/ostree-live).
[    4.876408] systemd[1]: dracut-pre-pivot.service: Deactivated successfully.
[    4.876522] systemd[1]: Stopped dracut pre-pivot and cleanup hook.
[    4.888156] systemd[1]: Stopped target Initrd Default Target.
[    4.892195] systemd[1]: Stopped target Basic System.
[    4.895863] systemd[1]: Stopped target Subsequent (Not Ignition) boot complete.
[    4.901002] systemd[1]: Stopped target Ignition Subsequent Boot Disk Setup.
[    4.903897] systemd[1]: Stopped target Initrd Root Device.
[    4.910200] systemd[1]: Stopped target Initrd /usr File System.
[    4.914517] systemd[1]: Stopped target Path Units.
[    4.917918] systemd[1]: Stopped target Remote File Systems.
[    4.921978] systemd[1]: Stopped target Preparation for Remote File Systems.
[    4.927106] systemd[1]: Stopped target Slice Units.
[    4.929099] systemd[1]: Stopped target Socket Units.
[    4.934152] systemd[1]: Stopped target System Initialization.
[    4.938343] systemd[1]: Stopped target Local File Systems.
[    4.944053] systemd[1]: Stopped target Preparation for Local File Systems.
[    4.948916] systemd[1]: Stopped target Swaps.
[    4.952327] systemd[1]: iscsid.socket: Deactivated successfully.
[    4.952425] systemd[1]: Closed Open-iSCSI iscsid Socket.
[    4.958212] systemd[1]: iscsiuio.socket: Deactivated successfully.
[    4.958300] systemd[1]: Closed Open-iSCSI iscsiuio Socket.
[    4.963694] systemd[1]: coreos-touch-run-agetty.service: Deactivated successfully.
[    4.963803] systemd[1]: Stopped CoreOS: Touch /run/agetty.reload.
[    4.970609] systemd[1]: dracut-mount.service: Deactivated successfully.
[    4.970710] systemd[1]: Stopped dracut mount hook.
[    4.976580] systemd[1]: dracut-pre-mount.service: Deactivated successfully.
[    4.976679] systemd[1]: Stopped dracut pre-mount hook.
[    4.982632] systemd[1]: Stopped target Local Encrypted Volumes.
[    4.986792] systemd[1]: systemd-ask-password-console.path: Deactivated successfully.
[    4.986874] systemd[1]: Stopped Dispatch Password Requests to Console Directory Watch.
[    4.994697] systemd[1]: Stopped target Local Encrypted Volumes (Pre).
[    4.999202] systemd[1]: clevis-luks-askpass.path: Deactivated successfully.
[    5.001076] systemd[1]: Stopped Forward Password Requests to Clevis Directory Watch.
[    5.007509] systemd[1]: dracut-initqueue.service: Deactivated successfully.
[    5.007632] systemd[1]: Stopped dracut initqueue hook.
[    5.013713] systemd[1]: Acquire Live PXE rootfs Image was skipped because of an unmet condition check (ConditionPathExists=/run/ostree-live).
[    5.013800] systemd[1]: rdma-load-modules@infiniband.service: Deactivated successfully.
[    5.013919] systemd[1]: Stopped Load RDMA modules from /etc/rdma/modules/infiniband.conf.
[    5.025678] systemd[1]: rdma-load-modules@rdma.service: Deactivated successfully.
[    5.025785] systemd[1]: Stopped Load RDMA modules from /etc/rdma/modules/rdma.conf.
[    5.033217] systemd[1]: rdma-load-modules@roce.service: Deactivated successfully.
[    5.033348] systemd[1]: Stopped Load RDMA modules from /etc/rdma/modules/roce.conf.
[    5.041497] systemd[1]: systemd-sysctl.service: Deactivated successfully.
[    5.041617] systemd[1]: Stopped Apply Kernel Variables.
[    5.047817] systemd[1]: systemd-modules-load.service: Deactivated successfully.
[    5.047942] systemd[1]: Stopped Load Kernel Modules.
[    5.053635] systemd[1]: systemd-tmpfiles-setup.service: Deactivated successfully.
[    5.053757] systemd[1]: Stopped Create Volatile Files and Directories.
[    5.060477] systemd[1]: systemd-udev-settle.service: Deactivated successfully.
[    5.060593] systemd[1]: Stopped Wait for udev To Complete Device Initialization.
[    5.068109] systemd[1]: systemd-udev-trigger.service: Deactivated successfully.
[    5.068234] systemd[1]: Stopped Coldplug All udev Devices.
[    5.075878] systemd[1]: dracut-pre-trigger.service: Deactivated successfully.
[    5.076023] systemd[1]: Stopped dracut pre-trigger hook.
[    5.082674] systemd[1]: Stopping Rule-based Manager for Device Events and Files...
[    5.088352] systemd[1]: systemd-vconsole-setup.service: Deactivated successfully.
[    5.088403] systemd[1]: Stopped Setup Virtual Console.
[    5.096915] systemd[1]: systemd-udevd.service: Deactivated successfully.
[    5.097290] systemd[1]: Stopped Rule-based Manager for Device Events and Files.
[    5.104789] systemd[1]: systemd-udevd.service: Consumed 1.232s CPU time.
[    5.106228] systemd[1]: systemd-udevd-control.socket: Deactivated successfully.
[    5.106310] systemd[1]: Closed udev Control Socket.
[    5.113264] systemd[1]: systemd-udevd-kernel.socket: Deactivated successfully.
[    5.113300] systemd[1]: Closed udev Kernel Socket.
[    5.118877] systemd[1]: dracut-pre-udev.service: Deactivated successfully.
[    5.118932] systemd[1]: Stopped dracut pre-udev hook.
[    5.124663] systemd[1]: dracut-cmdline.service: Deactivated successfully.
[    5.124708] systemd[1]: Stopped dracut cmdline hook.
[    5.139346] systemd[1]: Starting Cleanup udev Database...
[    5.141248] systemd[1]: systemd-tmpfiles-setup-dev.service: Deactivated successfully.
[    5.141345] systemd[1]: Stopped Create Static Device Nodes in /dev.
[    5.148195] systemd[1]: kmod-static-nodes.service: Deactivated successfully.
[    5.148243] systemd[1]: Stopped Create List of Static Device Nodes.
[    5.156806] systemd[1]: systemd-sysusers.service: Deactivated successfully.
[    5.156874] systemd[1]: Stopped Create System Users.
[    5.164147] systemd[1]: initrd-cleanup.service: Deactivated successfully.
[    5.164309] systemd[1]: Finished Cleaning Up and Shutting Down Daemons.
[    5.171723] systemd[1]: initrd-udevadm-cleanup-db.service: Deactivated successfully.
[    5.171848] systemd[1]: Finished Cleanup udev Database.
[    5.179497] systemd[1]: Reached target Switch Root.
[    5.192368] systemd[1]: Starting Switch Root...
[    5.197366] systemd[1]: sysroot.tmp-etc.mount: Deactivated successfully.
[    5.197431] systemd[1]: sysroot.tmp.mount: Deactivated successfully.
[    5.197486] systemd[1]: run-credentials-systemd\x2dtmpfiles\x2dsetup.service.mount: Deactivated successfully.
[    5.197540] systemd[1]: run-credentials-systemd\x2dtmpfiles\x2dsetup\x2ddev.service.mount: Deactivated successfully.
[    5.197594] systemd[1]: run-credentials-systemd\x2dsysctl.service.mount: Deactivated successfully.
[    5.197651] systemd[1]: run-credentials-systemd\x2dsysusers.service.mount: Deactivated successfully.
[    5.207882] systemd[1]: Switching root.
[    5.223972] systemd-journald[317]: Received SIGTERM from PID 1 (systemd).
[    5.308467] audit: type=1404 audit(1718103341.547:2): enforcing=1 old_enforcing=0 auid=4294967295 ses=4294967295 enabled=1 old-enabled=1 lsm=selinux res=1
[    5.351715] SELinux:  policy capability network_peer_controls=1
[    5.351718] SELinux:  policy capability open_perms=1
[    5.351719] SELinux:  policy capability extended_socket_class=1
[    5.351720] SELinux:  policy capability always_check_network=0
[    5.351720] SELinux:  policy capability cgroup_seclabel=1
[    5.351721] SELinux:  policy capability nnp_nosuid_transition=1
[    5.351722] SELinux:  policy capability genfs_seclabel_symlinks=1
[    5.390089] audit: type=1403 audit(1718103341.629:3): auid=4294967295 ses=4294967295 lsm=selinux res=1
[    5.392453] systemd[1]: Successfully loaded SELinux policy in 84.061ms.
[    5.430135] systemd[1]: Relabelled /dev, /dev/shm, /run, /sys/fs/cgroup in 30.015ms.
[    5.435783] systemd[1]: systemd 252-32.el9_4 running in system mode (+PAM +AUDIT +SELINUX -APPARMOR +IMA +SMACK +SECCOMP +GCRYPT +GNUTLS +OPENSSL +ACL +BLKID +CURL +ELFUTILS -FIDO2 +IDN2 -IDN -IPTC +KMOD +LIBCRYPTSETUP +LIBFDISK +PCRE2 -PWQUALITY +P11KIT -QRENCODE +TPM2 +BZIP2 +LZ4 +XZ +ZLIB +ZSTD -BPF_FRAMEWORK +XKBCOMMON +UTMP +SYSVINIT default-hierarchy=unified)
[    5.435895] systemd[1]: Detected virtualization microsoft.
[    5.435903] systemd[1]: Detected architecture x86-64.
[    5.456750] systemd[1]: Hostname set to <ci-op-9xx71rvq-1e28e-w667k-worker-centralus1-k2hfp>.
[    5.507191] systemd-rc-local-generator[775]: /etc/rc.d/rc.local is not marked executable, skipping.
[    5.523213] zram_generator::config[786]: No configuration found.
[    5.760422] systemd[1]: initrd-switch-root.service: Deactivated successfully.
[    5.760553] systemd[1]: Stopped Switch Root.
[    5.767793] systemd[1]: systemd-journald.service: Scheduled restart job, restart counter is at 1.
[    5.768263] systemd[1]: Created slice Slice /system/getty.
[    5.775737] systemd[1]: Created slice Slice /system/modprobe.
[    5.780521] systemd[1]: Created slice Slice /system/serial-getty.
[    5.783147] systemd[1]: Created slice Slice /system/sshd-keygen.
[    5.789212] systemd[1]: Created slice Slice /system/systemd-fsck.
[    5.793737] systemd[1]: Created slice User and Session Slice.
[    5.798008] systemd[1]: Started Forward Password Requests to Clevis Directory Watch.
[    5.803339] systemd[1]: Started Dispatch Password Requests to Console Directory Watch.
[    5.808811] systemd[1]: Started Forward Password Requests to Wall Directory Watch.
[    5.814695] systemd[1]: Set up automount Arbitrary Executable File Formats File System Automount Point.
[    5.821338] systemd[1]: Reached target Synchronize afterburn-sshkeys@.service template instances.
[    5.828063] systemd[1]: Reached target Local Encrypted Volumes (Pre).
[    5.832256] systemd[1]: Reached target Local Encrypted Volumes.
[    5.835931] systemd[1]: Stopped target Switch Root.
[    5.839022] systemd[1]: Stopped target Initrd File Systems.
[    5.842841] systemd[1]: Stopped target Initrd Root File System.
[    5.846387] systemd[1]: Reached target Local Integrity Protected Volumes.
[    5.850270] systemd[1]: Reached target Host and Network Name Lookups.
[    5.854423] systemd[1]: Reached target Remote Encrypted Volumes.
[    5.858705] systemd[1]: Reached target Remote File Systems.
[    5.862786] systemd[1]: Reached target Slice Units.
[    5.866188] systemd[1]: Reached target Swaps.
[    5.869417] systemd[1]: Reached target Local Verity Protected Volumes.
[    5.874925] systemd[1]: Listening on Device-mapper event daemon FIFOs.
[    5.880736] systemd[1]: Listening on LVM2 poll daemon socket.
[    5.885134] systemd[1]: multipathd control socket was skipped because of an unmet condition check (ConditionPathExists=/etc/multipath.conf).
[    5.903301] systemd[1]: Listening on RPCbind Server Activation Socket.
[    5.908565] systemd[1]: Reached target RPC Port Mapper.
[    5.914282] systemd[1]: Listening on Process Core Dump Socket.
[    5.919052] systemd[1]: Listening on initctl Compatibility Named Pipe.
[    5.925072] systemd[1]: Listening on udev Control Socket.
[    5.929540] systemd[1]: Listening on udev Kernel Socket.
[    5.942237] systemd[1]: Mounting Huge Pages File System...
[    5.947526] systemd[1]: Mounting POSIX Message Queue File System...
[    5.955293] systemd[1]: Mounting Kernel Debug File System...
[    5.960625] systemd[1]: Mounting Kernel Trace File System...
[    5.966096] systemd[1]: Mounting Temporary Directory /tmp...
[    5.971909] systemd[1]: Starting CoreOS: Set printk To Level 4 (warn)...
[    5.976718] systemd[1]: Ignition (delete config) was skipped because of an unmet condition check (ConditionFirstBoot=true).
[    5.979232] systemd[1]: Starting Create List of Static Device Nodes...
[    5.986629] systemd[1]: Starting Monitoring of LVM2 mirrors, snapshots etc. using dmeventd or progress polling...
[    5.995387] systemd[1]: Starting Load Kernel Module configfs...
[    6.001111] systemd[1]: Starting Load Kernel Module drm...
[    6.006526] systemd[1]: Starting Load Kernel Module efi_pstore...
[    6.012638] systemd[1]: Starting Load Kernel Module fuse...
[    6.017647] systemd[1]: ostree-prepare-root.service: Deactivated successfully.
[    6.017721] systemd[1]: Stopped OSTree Prepare OS/.
[    6.020236] systemd[1]: systemd-fsck-root.service: Deactivated successfully.
[    6.020290] systemd[1]: Stopped File System Check on Root Device.
[    6.030960] systemd[1]: Stopped Journal Service.
[    6.046326] systemd[1]: Starting Journal Service...
[    6.052521] systemd[1]: Starting Load Kernel Modules...
[    6.058906] systemd[1]: Starting Generate network units from Kernel command line...
[    6.068266] systemd[1]: TPM2 PCR Machine ID Measurement was skipped because of an unmet condition check (ConditionPathExists=/sys/firmware/efi/efivars/StubPcrKernelImage-4a67b082-0a4c-41cf-b6c7-440b29bb8c4f).
[    6.071408] systemd[1]: Starting Remount Root and Kernel File Systems...
[    6.087145] ACPI: bus type drm_connector registered
[    6.087521] systemd[1]: Starting Coldplug All udev Devices...
[    6.094061] Warning: Unmaintained driver is detected: ip_tables
[    6.097578] systemd[1]: Started Journal Service.
[    6.895819] input: PC Speaker as /devices/platform/pcspkr/input/input2
[    6.920999] hv_vmbus: registering driver hv_balloon
[    6.926652] hv_balloon: Using Dynamic Memory protocol version 2.0
[    7.014685] RAPL PMU: API unit is 2^-32 Joules, 0 fixed counters, 10737418240 ms ovfl timer
[    7.030047] hv_vmbus: registering driver hyperv_drm
[    7.031415] hyperv_drm 5620e0c7-8062-4dce-aeb7-520c7ef76171: [drm] Synthvid Version major 3, minor 5
[    7.031595] Console: switching to colour dummy device 80x25
[    7.036387] [drm] Initialized hyperv_drm 1.0.0 2020 for 5620e0c7-8062-4dce-aeb7-520c7ef76171 on minor 0
[    7.249700] kvm_intel: Using Hyper-V Enlightened VMCS
[    7.393797] Console: switching to colour frame buffer device 128x48
[    7.565062] hyperv_drm 5620e0c7-8062-4dce-aeb7-520c7ef76171: [drm] fb0: hyperv_drmdrmfb frame buffer device
[    7.666539] systemd-journald[829]: Received client request to flush runtime journal.
[    7.839291] EXT4-fs (sda3): mounted filesystem 1ef6b24e-7ea7-4faa-8437-887dfb9dc6e4 ro with ordered data mode. Quota mode: none.
[    8.879987] openvswitch: Open vSwitch switching datapath
[    9.205130] mlx5_core 753f:00:02.0 enP30015s1: Link up
[    9.234233] hv_netvsc 00224847-87e4-0022-4847-87e400224847 eth0: Data path switched to VF: enP30015s1
[    9.236690] IPv6: ADDRCONF(NETDEV_CHANGE): eth0: link becomes ready
[    9.236898] IPv6: ADDRCONF(NETDEV_CHANGE): enP30015s1: link becomes ready
[   12.445789] device ovs-system entered promiscuous mode
[   12.447296] Timeout policy base is empty
[   12.447298] Failed to associated timeout policy `ovs_test_tp'
[   12.486257] device eth0 entered promiscuous mode
[   12.486261] device enP30015s1 entered promiscuous mode
[   12.492484] mlx5_core 753f:00:02.0: mlx5e_fs_set_rx_mode_work:844:(pid 43): S-tagged traffic will be dropped while C-tag vlan stripping is enabled
[   12.990959] device eth0 left promiscuous mode
[   12.990964] device enP30015s1 left promiscuous mode
[   12.999777] device ovs-system left promiscuous mode
[   13.020537] device ovs-system entered promiscuous mode
[   13.022814] No such timeout policy "ovs_test_tp"
[   13.022817] Failed to associated timeout policy `ovs_test_tp'
[   13.023745] device eth0 entered promiscuous mode
[   13.023749] device enP30015s1 entered promiscuous mode
[   13.664177] device br-ex entered promiscuous mode
[   26.274647] Warning: Unmaintained driver is detected: nft_compat
[   27.791054] overlayfs: idmapped layers are currently not supported
[   55.017440] hv_balloon: Max. dynamic memory size: 16384 MB
[   71.125108] systemd-rc-local-generator[2744]: /etc/rc.d/rc.local is not marked executable, skipping.
[   71.126744] zram_generator::config[2759]: No configuration found.
[   72.918811] EXT4-fs (sda3): re-mounted 1ef6b24e-7ea7-4faa-8437-887dfb9dc6e4 r/w. Quota mode: none.
[  106.522375] device br-int entered promiscuous mode
[  307.618997] device ovn-k8s-mp0 entered promiscuous mode
[  309.069647] device genev_sys_6081 entered promiscuous mode
[  309.755897] device br-ext entered promiscuous mode
[  309.808325] device vxlan_sys_4789 entered promiscuous mode
[  320.576470] IPv6: ADDRCONF(NETDEV_CHANGE): 933c04279ab7b25: link becomes ready
[  320.576538] IPv6: ADDRCONF(NETDEV_CHANGE): ba17f1966af6e8b: link becomes ready
[  320.578642] IPv6: ADDRCONF(NETDEV_CHANGE): eth0: link becomes ready
[  320.578689] IPv6: ADDRCONF(NETDEV_CHANGE): 9ad169cfc7e4557: link becomes ready
[  320.627353] device 933c04279ab7b25 entered promiscuous mode
[  320.642150] device 9ad169cfc7e4557 entered promiscuous mode
[  320.649603] device ba17f1966af6e8b entered promiscuous mode
[  327.463302] IPv6: ADDRCONF(NETDEV_CHANGE): eth0: link becomes ready
[  327.463350] IPv6: ADDRCONF(NETDEV_CHANGE): 1d0b7e1b8347b84: link becomes ready
[  327.500089] IPv6: ADDRCONF(NETDEV_CHANGE): e94586e13f8a603: link becomes ready
[  327.543296] device 1d0b7e1b8347b84 entered promiscuous mode
[  327.593282] device e94586e13f8a603 entered promiscuous mode
[  346.037105] IPv6: ADDRCONF(NETDEV_CHANGE): eth0: link becomes ready
[  346.037147] IPv6: ADDRCONF(NETDEV_CHANGE): 2e3d68928101d9b: link becomes ready
[  346.068964] device 2e3d68928101d9b entered promiscuous mode
[  346.398817] IPv6: ADDRCONF(NETDEV_CHANGE): 60dbb22f81ab03d: link becomes ready
[  346.431212] device 60dbb22f81ab03d entered promiscuous mode
[  352.341882] IPv6: ADDRCONF(NETDEV_CHANGE): eth0: link becomes ready
[  352.341930] IPv6: ADDRCONF(NETDEV_CHANGE): 5c95458a7bfdd82: link becomes ready
[  352.375187] device 5c95458a7bfdd82 entered promiscuous mode
[  683.346671] IPv6: ADDRCONF(NETDEV_CHANGE): 9018f558e1d24d8: link becomes ready
[  683.380580] device 9018f558e1d24d8 entered promiscuous mode
[  683.779953] IPv6: ADDRCONF(NETDEV_CHANGE): c1940d21bcf38cb: link becomes ready
[  683.810471] device c1940d21bcf38cb entered promiscuous mode
[  685.502106] IPv6: ADDRCONF(NETDEV_CHANGE): eth0: link becomes ready
[  685.502164] IPv6: ADDRCONF(NETDEV_CHANGE): cb74396a3ad8f15: link becomes ready
[  685.535684] device cb74396a3ad8f15 entered promiscuous mode
[  736.406807] device cb74396a3ad8f15 left promiscuous mode
[  957.492430] IPv6: ADDRCONF(NETDEV_CHANGE): 0a24d6b0781e8d8: link becomes ready
[  957.523205] device 0a24d6b0781e8d8 entered promiscuous mode
[  957.950348] IPv6: ADDRCONF(NETDEV_CHANGE): 47e53fcc11ed65d: link becomes ready
[  957.983705] device 47e53fcc11ed65d entered promiscuous mode
[  969.905988] scsi 1:0:0:0: Direct-Access     Msft     Virtual Disk     1.0  PQ: 0 ANSI: 5
[  969.910451] sd 1:0:0:0: [sdc] 41943040 512-byte logical blocks: (21.5 GB/20.0 GiB)
[  969.910455] sd 1:0:0:0: [sdc] 4096-byte physical blocks
[  969.910679] sd 1:0:0:0: [sdc] Write Protect is off
[  969.910682] sd 1:0:0:0: [sdc] Mode Sense: 0f 00 10 00
[  969.910820] sd 1:0:0:0: Attached scsi generic sg2 type 0
[  969.910961] sd 1:0:0:0: [sdc] Write cache: disabled, read cache: enabled, supports DPO and FUA
[  969.913891] sd 1:0:0:0: [sdc] Attached SCSI disk
[  974.705569] EXT4-fs (sdc): mounted filesystem 4d1b3929-9f16-4143-abf8-3c91a4544609 r/w with ordered data mode. Quota mode: none.
[  975.072585] IPv6: ADDRCONF(NETDEV_CHANGE): eth0: link becomes ready
[  975.072627] IPv6: ADDRCONF(NETDEV_CHANGE): ff1cf42a7b772b6: link becomes ready
[  975.105683] device ff1cf42a7b772b6 entered promiscuous mode
[ 1599.532479] IPv6: ADDRCONF(NETDEV_CHANGE): eth0: link becomes ready
[ 1599.532539] IPv6: ADDRCONF(NETDEV_CHANGE): d3b8242e7499f45: link becomes ready
[ 1599.571326] device d3b8242e7499f45 entered promiscuous mode
[ 1600.498534] zram_generator::config[24335]: No configuration found.
[ 1600.505164] systemd-rc-local-generator[24322]: /etc/rc.d/rc.local is not marked executable, skipping.
[ 1601.254728] zram_generator::config[24444]: No configuration found.
[ 1601.256380] systemd-rc-local-generator[24439]: /etc/rc.d/rc.local is not marked executable, skipping.
[ 1601.968690] zram_generator::config[24514]: No configuration found.
[ 1601.972341] systemd-rc-local-generator[24492]: /etc/rc.d/rc.local is not marked executable, skipping.
[ 1602.687555] zram_generator::config[24564]: No configuration found.
[ 1602.687980] systemd-rc-local-generator[24556]: /etc/rc.d/rc.local is not marked executable, skipping.
[ 1603.799798] systemd-rc-local-generator[24618]: /etc/rc.d/rc.local is not marked executable, skipping.
[ 1603.803818] zram_generator::config[24631]: No configuration found.
[ 1604.493466] zram_generator::config[24673]: No configuration found.
[ 1604.497968] systemd-rc-local-generator[24667]: /etc/rc.d/rc.local is not marked executable, skipping.
[ 1707.777241] zram_generator::config[26240]: No configuration found.
[ 1707.789801] systemd-rc-local-generator[26235]: /etc/rc.d/rc.local is not marked executable, skipping.
[ 1708.616988] zram_generator::config[26295]: No configuration found.
[ 1708.624572] systemd-rc-local-generator[26287]: /etc/rc.d/rc.local is not marked executable, skipping.
[ 1709.374880] zram_generator::config[26365]: No configuration found.
[ 1709.380102] systemd-rc-local-generator[26351]: /etc/rc.d/rc.local is not marked executable, skipping.
[ 1710.102006] zram_generator::config[26474]: No configuration found.
[ 1710.128094] systemd-rc-local-generator[26469]: /etc/rc.d/rc.local is not marked executable, skipping.
[ 1710.855011] zram_generator::config[26569]: No configuration found.
[ 1710.868465] systemd-rc-local-generator[26563]: /etc/rc.d/rc.local is not marked executable, skipping.
[ 1711.545995] zram_generator::config[26633]: No configuration found.
[ 1711.558557] systemd-rc-local-generator[26618]: /etc/rc.d/rc.local is not marked executable, skipping.
[ 2298.086223] IPv6: ADDRCONF(NETDEV_CHANGE): eth0: link becomes ready
[ 2298.086265] IPv6: ADDRCONF(NETDEV_CHANGE): 92f562b7b78edcf: link becomes ready
[ 2298.117912] device 92f562b7b78edcf entered promiscuous mode
