[    0.000000] Linux version 5.14.0-427.20.1.el9_4.x86_64 (mockbuild@x86-vm-09.brew-001.prod.iad2.dc.redhat.com) (gcc (GCC) 11.4.1 20231218 (Red Hat 11.4.1-3), GNU ld version 2.35.2-43.el9) #1 SMP PREEMPT_DYNAMIC Thu May 23 16:37:13 EDT 2024
[    0.000000] The list of certified hardware and cloud instances for Red Hat Enterprise Linux 9 can be viewed at the Red Hat Ecosystem Catalog, https://catalog.redhat.com.
[    0.000000] Command line: BOOT_IMAGE=(hd0,gpt3)/boot/ostree/rhcos-cb86807869a6e850801df2a066e50a19e49cbc779592b6f644931fcc9e590fcc/vmlinuz-5.14.0-427.20.1.el9_4.x86_64 rw ostree=/ostree/boot.0/rhcos/cb86807869a6e850801df2a066e50a19e49cbc779592b6f644931fcc9e590fcc/0 ignition.platform.id=azure console=tty0 console=ttyS0,115200n8 root=UUID=10d209b7-84ae-40c7-9ac7-803229bbd6c6 rw rootflags=prjquota boot=UUID=bc95591a-3d94-455c-bf1b-a1f7f1256e37 systemd.unified_cgroup_hierarchy=1 cgroup_no_v1=all psi=1
[    0.000000] x86/fpu: Supporting XSAVE feature 0x001: 'x87 floating point registers'
[    0.000000] x86/fpu: Supporting XSAVE feature 0x002: 'SSE registers'
[    0.000000] x86/fpu: Supporting XSAVE feature 0x004: 'AVX registers'
[    0.000000] x86/fpu: Supporting XSAVE feature 0x020: 'AVX-512 opmask'
[    0.000000] x86/fpu: Supporting XSAVE feature 0x040: 'AVX-512 Hi256'
[    0.000000] x86/fpu: Supporting XSAVE feature 0x080: 'AVX-512 ZMM_Hi256'
[    0.000000] x86/fpu: xstate_offset[2]:  576, xstate_sizes[2]:  256
[    0.000000] x86/fpu: xstate_offset[5]:  832, xstate_sizes[5]:   64
[    0.000000] x86/fpu: xstate_offset[6]:  896, xstate_sizes[6]:  512
[    0.000000] x86/fpu: xstate_offset[7]: 1408, xstate_sizes[7]: 1024
[    0.000000] x86/fpu: Enabled xstate features 0xe7, context size is 2432 bytes, using 'compacted' format.
[    0.000000] signal: max sigframe size: 3632
[    0.000000] BIOS-provided physical RAM map:
[    0.000000] BIOS-e820: [mem 0x0000000000000000-0x000000000009ffff] usable
[    0.000000] BIOS-e820: [mem 0x00000000000c0000-0x00000000000fffff] reserved
[    0.000000] BIOS-e820: [mem 0x0000000000100000-0x000000003ff40fff] usable
[    0.000000] BIOS-e820: [mem 0x000000003ff41000-0x000000003ffc8fff] reserved
[    0.000000] BIOS-e820: [mem 0x000000003ffc9000-0x000000003fffafff] ACPI data
[    0.000000] BIOS-e820: [mem 0x000000003fffb000-0x000000003fffefff] ACPI NVS
[    0.000000] BIOS-e820: [mem 0x000000003ffff000-0x000000003fffffff] usable
[    0.000000] BIOS-e820: [mem 0x0000000100000000-0x00000004bfffffff] usable
[    0.000000] NX (Execute Disable) protection: active
[    0.000000] efi: EFI v2.7 by Microsoft
[    0.000000] efi: ACPI=0x3fffa000 ACPI 2.0=0x3fffa014 SMBIOS=0x3ff85000 SMBIOS 3.0=0x3ff83000 MEMATTR=0x3f5c1a98 MOKvar=0x3ff81000 RNG=0x3ffd1018 
[    0.000000] secureboot: Secure boot disabled
[    0.000000] SMBIOS 3.1.0 present.
[    0.000000] DMI: Microsoft Corporation Virtual Machine/Virtual Machine, BIOS Hyper-V UEFI Release v4.1 03/08/2024
[    0.000000] Hypervisor detected: Microsoft Hyper-V
[    0.000000] Hyper-V: privilege flags low 0x2e7f, high 0x3b8030, hints 0x64c2c, misc 0xed7b2
[    0.000000] Hyper-V: Host Build 10.0.20348.1633-1-0
[    0.000000] Hyper-V: Nested features: 0xe0101
[    0.000000] Hyper-V: LAPIC Timer Frequency: 0x30d40
[    0.000000] Hyper-V: Using hypercall for remote TLB flush
[    0.000000] clocksource: hyperv_clocksource_tsc_page: mask: 0xffffffffffffffff max_cycles: 0x24e6a1710, max_idle_ns: 440795202120 ns
[    0.000001] clocksource: hyperv_clocksource_msr: mask: 0xffffffffffffffff max_cycles: 0x24e6a1710, max_idle_ns: 440795202120 ns
[    0.000003] tsc: Marking TSC unstable due to running on Hyper-V
[    0.000005] tsc: Detected 2593.905 MHz processor
[    0.000018] e820: update [mem 0x00000000-0x00000fff] usable ==> reserved
[    0.000021] e820: remove [mem 0x000a0000-0x000fffff] usable
[    0.000026] last_pfn = 0x4c0000 max_arch_pfn = 0x400000000
[    0.000055] MTRR map: 4 entries (2 fixed + 2 variable; max 18), built from 8 variable MTRRs
[    0.000058] x86/PAT: Configuration [0-7]: WB  WC  UC- UC  WB  WP  UC- WT  
[    0.000092] e820: update [mem 0x40000000-0xffffffff] usable ==> reserved
[    0.000096] last_pfn = 0x40000 max_arch_pfn = 0x400000000
[    0.014089] Using GB pages for direct mapping
[    0.014275] secureboot: Secure boot disabled
[    0.014275] RAMDISK: [mem 0x2cd1c000-0x324f1fff]
[    0.014281] ACPI: Early table checksum verification disabled
[    0.014284] ACPI: RSDP 0x000000003FFFA014 000024 (v02 VRTUAL)
[    0.014289] ACPI: XSDT 0x000000003FFF90E8 000064 (v01 VRTUAL MICROSFT 00000001 MSFT 00000001)
[    0.014296] ACPI: FACP 0x000000003FFF8000 000114 (v06 VRTUAL MICROSFT 00000001 MSFT 00000001)
[    0.014302] ACPI: DSDT 0x000000003FFD6000 01E184 (v02 MSFTVM DSDT01   00000001 MSFT 05000000)
[    0.014307] ACPI: FACS 0x000000003FFFE000 000040
[    0.014310] ACPI: OEM0 0x000000003FFF7000 000064 (v01 VRTUAL MICROSFT 00000001 MSFT 00000001)
[    0.014314] ACPI: SPCR 0x000000003FFF6000 000050 (v02 VRTUAL MICROSFT 00000001 MSFT 00000001)
[    0.014318] ACPI: WAET 0x000000003FFF5000 000028 (v01 VRTUAL MICROSFT 00000001 MSFT 00000001)
[    0.014322] ACPI: APIC 0x000000003FFD5000 000068 (v04 VRTUAL MICROSFT 00000001 MSFT 00000001)
[    0.014326] ACPI: SRAT 0x000000003FFD4000 0001B0 (v02 VRTUAL MICROSFT 00000001 MSFT 00000001)
[    0.014330] ACPI: BGRT 0x000000003FFD3000 000038 (v01 VRTUAL MICROSFT 00000001 MSFT 00000001)
[    0.014334] ACPI: FPDT 0x000000003FFD2000 000034 (v01 VRTUAL MICROSFT 00000001 MSFT 00000001)
[    0.014336] ACPI: Reserving FACP table memory at [mem 0x3fff8000-0x3fff8113]
[    0.014338] ACPI: Reserving DSDT table memory at [mem 0x3ffd6000-0x3fff4183]
[    0.014339] ACPI: Reserving FACS table memory at [mem 0x3fffe000-0x3fffe03f]
[    0.014340] ACPI: Reserving OEM0 table memory at [mem 0x3fff7000-0x3fff7063]
[    0.014341] ACPI: Reserving SPCR table memory at [mem 0x3fff6000-0x3fff604f]
[    0.014342] ACPI: Reserving WAET table memory at [mem 0x3fff5000-0x3fff5027]
[    0.014342] ACPI: Reserving APIC table memory at [mem 0x3ffd5000-0x3ffd5067]
[    0.014343] ACPI: Reserving SRAT table memory at [mem 0x3ffd4000-0x3ffd41af]
[    0.014344] ACPI: Reserving BGRT table memory at [mem 0x3ffd3000-0x3ffd3037]
[    0.014345] ACPI: Reserving FPDT table memory at [mem 0x3ffd2000-0x3ffd2033]
[    0.014383] SRAT: PXM 0 -> APIC 0x00 -> Node 0
[    0.014385] SRAT: PXM 0 -> APIC 0x01 -> Node 0
[    0.014386] SRAT: PXM 0 -> APIC 0x02 -> Node 0
[    0.014388] SRAT: PXM 0 -> APIC 0x03 -> Node 0
[    0.014391] ACPI: SRAT: Node 0 PXM 0 [mem 0x00000000-0x3fffffff] hotplug
[    0.014394] ACPI: SRAT: Node 0 PXM 0 [mem 0x100000000-0x4bfffffff] hotplug
[    0.014397] ACPI: SRAT: Node 0 PXM 0 [mem 0x4c0200000-0xfdfffffff] hotplug
[    0.014399] ACPI: SRAT: Node 0 PXM 0 [mem 0x1000000000-0xffffffffff] hotplug
[    0.014402] ACPI: SRAT: Node 0 PXM 0 [mem 0x10000200000-0x1ffffffffff] hotplug
[    0.014404] ACPI: SRAT: Node 0 PXM 0 [mem 0x20000200000-0x3ffffffffff] hotplug
[    0.014406] ACPI: SRAT: Node 0 PXM 0 [mem 0x40000200000-0x7ffffffffff] hotplug
[    0.014409] ACPI: SRAT: Node 0 PXM 0 [mem 0x80000200000-0xfffffffffff] hotplug
[    0.014415] NUMA: Node 0 [mem 0x00000000-0x3fffffff] + [mem 0x100000000-0x4bfffffff] -> [mem 0x00000000-0x4bfffffff]
[    0.014433] NODE_DATA(0) allocated [mem 0x4bffd5000-0x4bfffffff]
[    0.015135] Zone ranges:
[    0.015136]   DMA      [mem 0x0000000000001000-0x0000000000ffffff]
[    0.015139]   DMA32    [mem 0x0000000001000000-0x00000000ffffffff]
[    0.015141]   Normal   [mem 0x0000000100000000-0x00000004bfffffff]
[    0.015144]   Device   empty
[    0.015145] Movable zone start for each node
[    0.015149] Early memory node ranges
[    0.015150]   node   0: [mem 0x0000000000001000-0x000000000009ffff]
[    0.015152]   node   0: [mem 0x0000000000100000-0x000000003ff40fff]
[    0.015154]   node   0: [mem 0x000000003ffff000-0x000000003fffffff]
[    0.015156]   node   0: [mem 0x0000000100000000-0x00000004bfffffff]
[    0.015162] Initmem setup node 0 [mem 0x0000000000001000-0x00000004bfffffff]
[    0.015171] On node 0, zone DMA: 1 pages in unavailable ranges
[    0.015230] On node 0, zone DMA: 96 pages in unavailable ranges
[    0.017895] On node 0, zone DMA32: 190 pages in unavailable ranges
[    0.018332] ACPI: PM-Timer IO Port: 0x408
[    0.018343] ACPI: LAPIC_NMI (acpi_id[0x01] dfl dfl lint[0x1])
[    0.018636] IOAPIC[0]: apic_id 4, version 17, address 0xfec00000, GSI 0-23
[    0.018640] ACPI: INT_SRC_OVR (bus 0 bus_irq 9 global_irq 9 high level)
[    0.018647] ACPI: Using ACPI (MADT) for SMP configuration information
[    0.018655] e820: update [mem 0x3eed8000-0x3eedefff] usable ==> reserved
[    0.018665] ACPI: SPCR: console: uart,io,0x3f8,115200
[    0.018667] smpboot: Allowing 4 CPUs, 0 hotplug CPUs
[    0.018685] PM: hibernation: Registered nosave memory: [mem 0x00000000-0x00000fff]
[    0.018689] PM: hibernation: Registered nosave memory: [mem 0x000a0000-0x000bffff]
[    0.018690] PM: hibernation: Registered nosave memory: [mem 0x000c0000-0x000fffff]
[    0.018693] PM: hibernation: Registered nosave memory: [mem 0x3eed8000-0x3eedefff]
[    0.018696] PM: hibernation: Registered nosave memory: [mem 0x3ff41000-0x3ffc8fff]
[    0.018698] PM: hibernation: Registered nosave memory: [mem 0x3ffc9000-0x3fffafff]
[    0.018699] PM: hibernation: Registered nosave memory: [mem 0x3fffb000-0x3fffefff]
[    0.018702] PM: hibernation: Registered nosave memory: [mem 0x40000000-0xffffffff]
[    0.018705] [mem 0x40000000-0xffffffff] available for PCI devices
[    0.018707] Booting paravirtualized kernel on Hyper-V
[    0.018710] clocksource: refined-jiffies: mask: 0xffffffff max_cycles: 0xffffffff, max_idle_ns: 1910969940391419 ns
[    0.024740] setup_percpu: NR_CPUS:8192 nr_cpumask_bits:4 nr_cpu_ids:4 nr_node_ids:1
[    0.025110] percpu: Embedded 63 pages/cpu s221184 r8192 d28672 u524288
[    0.025115] pcpu-alloc: s221184 r8192 d28672 u524288 alloc=1*2097152
[    0.025117] pcpu-alloc: [0] 0 1 2 3 
[    0.025137] Hyper-V: PV spinlocks enabled
[    0.025139] PV qspinlock hash table entries: 256 (order: 0, 4096 bytes, linear)
[    0.025144] Fallback order for Node 0: 0 
[    0.025147] Built 1 zonelists, mobility grouping on.  Total pages: 4127002
[    0.025148] Policy zone: Normal
[    0.025150] Kernel command line: BOOT_IMAGE=(hd0,gpt3)/boot/ostree/rhcos-cb86807869a6e850801df2a066e50a19e49cbc779592b6f644931fcc9e590fcc/vmlinuz-5.14.0-427.20.1.el9_4.x86_64 rw ostree=/ostree/boot.0/rhcos/cb86807869a6e850801df2a066e50a19e49cbc779592b6f644931fcc9e590fcc/0 ignition.platform.id=azure console=tty0 console=ttyS0,115200n8 root=UUID=10d209b7-84ae-40c7-9ac7-803229bbd6c6 rw rootflags=prjquota boot=UUID=bc95591a-3d94-455c-bf1b-a1f7f1256e37 systemd.unified_cgroup_hierarchy=1 cgroup_no_v1=all psi=1
[    0.025301] Unknown kernel command line parameters "BOOT_IMAGE=(hd0,gpt3)/boot/ostree/rhcos-cb86807869a6e850801df2a066e50a19e49cbc779592b6f644931fcc9e590fcc/vmlinuz-5.14.0-427.20.1.el9_4.x86_64 ostree=/ostree/boot.0/rhcos/cb86807869a6e850801df2a066e50a19e49cbc779592b6f644931fcc9e590fcc/0 boot=UUID=bc95591a-3d94-455c-bf1b-a1f7f1256e37", will be passed to user space.
[    0.025331] random: crng init done
[    0.027664] Dentry cache hash table entries: 2097152 (order: 12, 16777216 bytes, linear)
[    0.028832] Inode-cache hash table entries: 1048576 (order: 11, 8388608 bytes, linear)
[    0.029239] mem auto-init: stack:off, heap alloc:off, heap free:off
[    0.029243] software IO TLB: area num 4.
[    0.055071] Memory: 1010956K/16776068K available (16384K kernel code, 5626K rwdata, 11756K rodata, 3892K init, 5956K bss, 507328K reserved, 0K cma-reserved)
[    0.055183] SLUB: HWalign=64, Order=0-3, MinObjects=0, CPUs=4, Nodes=1
[    0.055194] Kernel/User page tables isolation: enabled
[    0.055209] ftrace: allocating 46883 entries in 184 pages
[    0.080337] ftrace: allocated 184 pages with 4 groups
[    0.081017] Dynamic Preempt: voluntary
[    0.081047] rcu: Preemptible hierarchical RCU implementation.
[    0.081047] rcu: 	RCU restricting CPUs from NR_CPUS=8192 to nr_cpu_ids=4.
[    0.081049] 	Trampoline variant of Tasks RCU enabled.
[    0.081050] 	Rude variant of Tasks RCU enabled.
[    0.081050] 	Tracing variant of Tasks RCU enabled.
[    0.081051] rcu: RCU calculated value of scheduler-enlistment delay is 100 jiffies.
[    0.081052] rcu: Adjusting geometry for rcu_fanout_leaf=16, nr_cpu_ids=4
[    0.085338] Using NULL legacy PIC
[    0.085339] NR_IRQS: 524544, nr_irqs: 456, preallocated irqs: 0
[    0.085375] rcu: srcu_init: Setting srcu_struct sizes based on contention.
[    0.086284] kfence: initialized - using 2097152 bytes for 255 objects at 0x(____ptrval____)-0x(____ptrval____)
[    0.086315] Console: colour dummy device 80x25
[    0.086571] printk: console [tty0] enabled
[    0.850025] printk: console [ttyS0] enabled
[    0.852964] ACPI: Core revision 20221020
[    0.855848] Failed to register legacy timer interrupt
[    0.859503] APIC: Switch to symmetric I/O mode setup
[    0.864718] Hyper-V: enabling crash_kexec_post_notifiers
[    0.868537] Hyper-V: Using IPI hypercalls
[    0.871386] Hyper-V: Using enlightened APIC (xapic mode)
[    0.871502] Calibrating delay loop (skipped), value calculated using timer frequency.. 5187.81 BogoMIPS (lpj=2593905)
[    0.872497] pid_max: default: 32768 minimum: 301
[    0.872497] LSM: initializing lsm=lockdown,capability,yama,integrity,selinux,bpf
[    0.872497] Yama: becoming mindful.
[    0.872497] SELinux:  Initializing.
[    0.872497] LSM support for eBPF active
[    0.872497] Mount-cache hash table entries: 32768 (order: 6, 262144 bytes, linear)
[    0.872497] Mountpoint-cache hash table entries: 32768 (order: 6, 262144 bytes, linear)
[    0.872497] Disabling cpuset control group subsystem in v1 mounts
[    0.872497] Disabling cpu control group subsystem in v1 mounts
[    0.872497] Disabling cpuacct control group subsystem in v1 mounts
[    0.872497] Disabling io control group subsystem in v1 mounts
[    0.872497] Disabling memory control group subsystem in v1 mounts
[    0.872497] Disabling devices control group subsystem in v1 mounts
[    0.872497] Disabling freezer control group subsystem in v1 mounts
[    0.872497] Disabling net_cls control group subsystem in v1 mounts
[    0.872497] Disabling perf_event control group subsystem in v1 mounts
[    0.872497] Disabling net_prio control group subsystem in v1 mounts
[    0.872497] Disabling hugetlb control group subsystem in v1 mounts
[    0.872497] Disabling pids control group subsystem in v1 mounts
[    0.872497] Disabling rdma control group subsystem in v1 mounts
[    0.872497] Disabling misc control group subsystem in v1 mounts
[    0.872497] Last level iTLB entries: 4KB 64, 2MB 8, 4MB 8
[    0.872497] Last level dTLB entries: 4KB 64, 2MB 0, 4MB 0, 1GB 4
[    0.872497] Spectre V1 : Mitigation: usercopy/swapgs barriers and __user pointer sanitization
[    0.872497] Spectre V2 : Mitigation: Retpolines
[    0.872497] Spectre V2 : Spectre v2 / SpectreRSB mitigation: Filling RSB on context switch
[    0.872497] Spectre V2 : Spectre v2 / SpectreRSB : Filling RSB on VMEXIT
[    0.872497] RETBleed: WARNING: Spectre v2 mitigation leaves CPU vulnerable to RETBleed attacks, data leaks possible!
[    0.872497] RETBleed: Vulnerable
[    0.872497] Speculative Store Bypass: Vulnerable
[    0.872497] MDS: Mitigation: Clear CPU buffers
[    0.872497] TAA: Mitigation: Clear CPU buffers
[    0.872497] MMIO Stale Data: Vulnerable: Clear CPU buffers attempted, no microcode
[    0.872497] GDS: Unknown: Dependent on hypervisor status
[    0.872497] Freeing SMP alternatives memory: 36K
[    0.872497] smpboot: CPU0: Intel(R) Xeon(R) Platinum 8272CL CPU @ 2.60GHz (family: 0x6, model: 0x55, stepping: 0x7)
[    0.872661] cblist_init_generic: Setting adjustable number of callback queues.
[    0.873502] cblist_init_generic: Setting shift to 2 and lim to 1.
[    0.874519] cblist_init_generic: Setting shift to 2 and lim to 1.
[    0.875518] cblist_init_generic: Setting shift to 2 and lim to 1.
[    0.876517] Performance Events: unsupported p6 CPU model 85 no PMU driver, software events only.
[    0.877567] printk: console [ttyS0] printing thread started
[    0.877572] rcu: Hierarchical SRCU implementation.
[    0.877572] rcu: 	Max phase no-delay instances is 400.
[    0.877583] printk: console [tty0] printing thread started
[    0.878063] NMI watchdog: Perf NMI watchdog permanently disabled
[    0.878146] smp: Bringing up secondary CPUs ...
[    0.878263] x86: Booting SMP configuration:
[    0.878264] .... node  #0, CPUs:      #1
[    0.883504] MDS CPU bug present and SMT on, data leak possible. See https://www.kernel.org/doc/html/latest/admin-guide/hw-vuln/mds.html for more details.
[    0.883505] TAA CPU bug present and SMT on, data leak possible. See https://www.kernel.org/doc/html/latest/admin-guide/hw-vuln/tsx_async_abort.html for more details.
[    0.883506] MMIO Stale Data CPU bug present and SMT on, data leak possible. See https://www.kernel.org/doc/html/latest/admin-guide/hw-vuln/processor_mmio_stale_data.html for more details.
[    0.889600]  #2 #3
[    0.890555] smp: Brought up 1 node, 4 CPUs
[    0.890555] smpboot: Max logical packages: 1
[    0.890555] smpboot: Total of 4 processors activated (20751.24 BogoMIPS)
[    0.917970] node 0 deferred pages initialised in 27ms
[    0.919062] devtmpfs: initialized
[    0.919062] x86/mm: Memory block size: 128MB
[    0.920165] ACPI: PM: Registering ACPI NVS region [mem 0x3fffb000-0x3fffefff] (16384 bytes)
[    0.920165] clocksource: jiffies: mask: 0xffffffff max_cycles: 0xffffffff, max_idle_ns: 1911260446275000 ns
[    0.920165] futex hash table entries: 1024 (order: 4, 65536 bytes, linear)
[    0.920553] pinctrl core: initialized pinctrl subsystem
[    0.933476] NET: Registered PF_NETLINK/PF_ROUTE protocol family
[    0.933628] DMA: preallocated 2048 KiB GFP_KERNEL pool for atomic allocations
[    0.933636] DMA: preallocated 2048 KiB GFP_KERNEL|GFP_DMA pool for atomic allocations
[    0.933644] DMA: preallocated 2048 KiB GFP_KERNEL|GFP_DMA32 pool for atomic allocations
[    0.933655] audit: initializing netlink subsys (disabled)
[    0.933664] audit: type=2000 audit(1718103278.062:1): state=initialized audit_enabled=0 res=1
[    0.933664] thermal_sys: Registered thermal governor 'fair_share'
[    0.933664] thermal_sys: Registered thermal governor 'step_wise'
[    0.933664] thermal_sys: Registered thermal governor 'user_space'
[    0.939503] cpuidle: using governor menu
[    0.939585] acpiphp: ACPI Hot Plug PCI Controller Driver version: 0.5
[    0.939641] e820: reserve RAM buffer [mem 0x3eed8000-0x3fffffff]
[    0.939643] e820: reserve RAM buffer [mem 0x3ff41000-0x3fffffff]
[    0.944538] kprobes: kprobe jump-optimization is enabled. All kprobes are optimized if possible.
[    0.944633] HugeTLB: registered 1.00 GiB page size, pre-allocated 0 pages
[    0.944634] HugeTLB: 16380 KiB vmemmap can be freed for a 1.00 GiB page
[    0.944636] HugeTLB: registered 2.00 MiB page size, pre-allocated 0 pages
[    0.944637] HugeTLB: 28 KiB vmemmap can be freed for a 2.00 MiB page
[    0.948784] cryptd: max_cpu_qlen set to 1000
[    0.952908] ACPI: Added _OSI(Module Device)
[    0.952910] ACPI: Added _OSI(Processor Device)
[    0.952911] ACPI: Added _OSI(3.0 _SCP Extensions)
[    0.952911] ACPI: Added _OSI(Processor Aggregator Device)
[    0.952913] ACPI: Added _OSI(Linux-Dell-Video)
[    0.952914] ACPI: Added _OSI(Linux-Lenovo-NV-HDMI-Audio)
[    0.952915] ACPI: Added _OSI(Linux-HPI-Hybrid-Graphics)
[    0.960711] ACPI: 1 ACPI AML tables successfully acquired and loaded
[    0.961688] ACPI: Interpreter enabled
[    0.961698] ACPI: PM: (supports S0 S5)
[    0.961699] ACPI: Using IOAPIC for interrupt routing
[    0.961743] PCI: Using host bridge windows from ACPI; if necessary, use "pci=nocrs" and report a bug
[    0.961744] PCI: Ignoring E820 reservations for host bridge windows
[    0.961837] ACPI: Enabled 1 GPEs in block 00 to 0F
[    0.962869] iommu: Default domain type: Translated
[    0.962869] iommu: DMA domain TLB invalidation policy: lazy mode
[    0.962869] SCSI subsystem initialized
[    0.962869] ACPI: bus type USB registered
[    0.962869] usbcore: registered new interface driver usbfs
[    0.962869] usbcore: registered new interface driver hub
[    0.962869] usbcore: registered new device driver usb
[    0.962869] pps_core: LinuxPPS API ver. 1 registered
[    0.962869] pps_core: Software ver. 5.3.6 - Copyright 2005-2007 Rodolfo Giometti <giometti@linux.it>
[    0.962869] PTP clock support registered
[    0.962869] EDAC MC: Ver: 3.0.0
[    0.963502] Registered efivars operations
[    0.963502] NetLabel: Initializing
[    0.963502] NetLabel:  domain hash size = 128
[    0.963502] NetLabel:  protocols = UNLABELED CIPSOv4 CALIPSO
[    0.963502] NetLabel:  unlabeled traffic allowed by default
[    0.963502] PCI: Using ACPI for IRQ routing
[    0.963502] PCI: System does not support PCI
[    0.963529] vgaarb: loaded
[    0.971800] clocksource: Switched to clocksource hyperv_clocksource_tsc_page
[    0.986424] VFS: Disk quotas dquot_6.6.0
[    0.986434] VFS: Dquot-cache hash table entries: 512 (order 0, 4096 bytes)
[    0.986512] pnp: PnP ACPI init
[    0.986637] pnp: PnP ACPI: found 3 devices
[    0.994105] clocksource: acpi_pm: mask: 0xffffff max_cycles: 0xffffff, max_idle_ns: 2085701024 ns
[    0.994162] NET: Registered PF_INET protocol family
[    0.994595] IP idents hash table entries: 262144 (order: 9, 2097152 bytes, linear)
[    0.997640] tcp_listen_portaddr_hash hash table entries: 8192 (order: 5, 131072 bytes, linear)
[    0.997660] Table-perturb hash table entries: 65536 (order: 6, 262144 bytes, linear)
[    0.997666] TCP established hash table entries: 131072 (order: 8, 1048576 bytes, linear)
[    0.997806] TCP bind hash table entries: 65536 (order: 8, 1048576 bytes, linear)
[    0.997917] TCP: Hash tables configured (established 131072 bind 65536)
[    0.998089] MPTCP token hash table entries: 16384 (order: 6, 393216 bytes, linear)
[    0.998132] UDP hash table entries: 8192 (order: 6, 262144 bytes, linear)
[    0.998168] UDP-Lite hash table entries: 8192 (order: 6, 262144 bytes, linear)
[    0.998238] NET: Registered PF_UNIX/PF_LOCAL protocol family
[    0.998244] NET: Registered PF_XDP protocol family
[    0.998248] PCI: CLS 0 bytes, default 64
[    0.998258] PCI-DMA: Using software bounce buffering for IO (SWIOTLB)
[    0.998259] software IO TLB: mapped [mem 0x000000003aed8000-0x000000003eed8000] (64MB)
[    0.998275] ACPI: bus type thunderbolt registered
[    0.998300] Trying to unpack rootfs image as initramfs...
[    1.089668] Initialise system trusted keyrings
[    1.089681] Key type blacklist registered
[    1.089767] workingset: timestamp_bits=36 max_order=22 bucket_order=0
[    1.092577] zbud: loaded
[    1.137896] integrity: Platform Keyring initialized
[    1.137903] integrity: Machine keyring initialized
[    1.145512] NET: Registered PF_ALG protocol family
[    1.145518] xor: automatically using best checksumming function   avx       
[    1.145521] Key type asymmetric registered
[    1.145523] Asymmetric key parser 'x509' registered
[    1.145524] Running certificate verification selftests
[    1.148234] Loaded X.509 cert 'Certificate verification self-testing key: f58703bb33ce1b73ee02eccdee5b8817518fe3db'
[    1.149039] Block layer SCSI generic (bsg) driver version 0.4 loaded (major 246)
[    1.149106] io scheduler mq-deadline registered
[    1.149107] io scheduler kyber registered
[    1.149157] io scheduler bfq registered
[    1.172889] atomic64_test: passed for x86-64 platform with CX8 and with SSE
[    1.173212] shpchp: Standard Hot Plug PCI Controller Driver version: 0.4
[    1.173697] Serial: 8250/16550 driver, 4 ports, IRQ sharing enabled
[    1.176793] 00:00: ttyS0 at I/O 0x3f8 (irq = 4, base_baud = 115200) is a 16550A
[    1.182686] 00:01: ttyS1 at I/O 0x2f8 (irq = 3, base_baud = 115200) is a 16550A
[    1.183182] Non-volatile memory driver v1.3
[    1.188335] rdac: device handler registered
[    1.188425] hp_sw: device handler registered
[    1.188427] emc: device handler registered
[    1.188475] alua: device handler registered
[    1.188773] usbcore: registered new interface driver usbserial_generic
[    1.188779] usbserial: USB Serial support registered for generic
[    1.188812] i8042: PNP: No PS/2 controller found.
[    1.188874] mousedev: PS/2 mouse device common for all mice
[    1.191436] rtc_cmos 00:02: registered as rtc0
[    1.191798] rtc_cmos 00:02: setting system clock to 2024-06-11T10:54:39 UTC (1718103279)
[    1.191955] rtc_cmos 00:02: alarms up to one month, 114 bytes nvram
[    1.191972] intel_pstate: CPU model not supported
[    1.192063] efifb: probing for efifb
[    1.192070] efifb: framebuffer at 0x40000000, using 3072k, total 3072k
[    1.192072] efifb: mode is 1024x768x32, linelength=4096, pages=1
[    1.192073] efifb: scrolling: redraw
[    1.192073] efifb: Truecolor: size=8:8:8:8, shift=24:16:8:0
[    1.195421] Console: switching to colour frame buffer device 128x48
[    1.196534] fb0: EFI VGA frame buffer device
[    1.196542] EFI Variables Facility v0.08 2004-May-17
[    1.201752] hid: raw HID events driver (C) Jiri Kosina
[    1.201795] usbcore: registered new interface driver usbhid
[    1.201796] usbhid: USB HID core driver
[    1.201812] drop_monitor: Initializing network drop monitor service
[    1.213922] Initializing XFRM netlink socket
[    1.214029] NET: Registered PF_INET6 protocol family
[    1.458205] Freeing initrd memory: 89944K
[    1.465771] Segment Routing with IPv6
[    1.465799] NET: Registered PF_PACKET protocol family
[    1.465859] mpls_gso: MPLS GSO support
[    1.466204] No MBM correction factor available
[    1.466208] IPI shorthand broadcast: enabled
[    1.466215] AVX2 version of gcm_enc/dec engaged.
[    1.466354] AES CTR mode by8 optimization enabled
[    1.466408] sched_clock: Marking stable (680778700, 785345500)->(1709664100, -243539900)
[    1.466605] registered taskstats version 1
[    1.473557] Loading compiled-in X.509 certificates
[    1.474291] Loaded X.509 cert 'Red Hat Enterprise Linux kernel signing key: fcf6633dcca3f7a3376ff369eaacab4381b958ea'
[    1.474644] Loaded X.509 cert 'Red Hat Enterprise Linux Driver Update Program (key 3): bf57f3e87362bc7229d9f465321773dfd1f77a80'
[    1.474999] Loaded X.509 cert 'Red Hat Enterprise Linux kpatch signing key: 4d38fd864ebe18c5f0b72e3852e2014c3a676fc8'
[    1.475186] Loaded X.509 cert 'RH-IMA-CA: Red Hat IMA CA: fb31825dd0e073685b264e3038963673f753959a'
[    1.475200] Loaded X.509 cert 'Nvidia GPU OOT signing 001: 55e1cef88193e60419f0b0ec379c49f77545acf0'
[    1.475445] zswap: loaded using pool lzo/zbud
[    1.478982] page_owner is disabled
[    1.479094] Key type big_key registered
[    1.547213] Key type encrypted registered
[    1.547968] integrity: Loading X.509 certificate: UEFI:db
[    1.548013] integrity: Loaded X.509 cert 'Microsoft Windows Production PCA 2011: a92902398e16c49778cd90f99e4f9ae17c55af53'
[    1.548842] integrity: Loading X.509 certificate: UEFI:MokListRT (MOKvar table)
[    1.549032] integrity: Problem loading X.509 certificate -126
[    1.549033] integrity: Loading X.509 certificate: UEFI:MokListRT (MOKvar table)
[    1.549207] integrity: Loaded X.509 cert 'Red Hat Secure Boot CA 5: cc6fa5e72868ba494e939bbd680b9144769a9f8f'
[    1.549208] integrity: Loading X.509 certificate: UEFI:MokListRT (MOKvar table)
[    1.549788] integrity: Problem loading X.509 certificate -126
[    1.549789] integrity: Loading X.509 certificate: UEFI:MokListRT (MOKvar table)
[    1.550352] integrity: Loaded X.509 cert 'Red Hat Secure Boot CA 8: e1c6c580aa1e21d585aad9bf20f3929e5ec1f08b'
[    1.550356] ima: No TPM chip found, activating TPM-bypass!
[    1.550357] Loading compiled-in module X.509 certificates
[    1.550725] Loaded X.509 cert 'Red Hat Enterprise Linux kernel signing key: fcf6633dcca3f7a3376ff369eaacab4381b958ea'
[    1.550728] ima: Allocated hash algorithm: sha256
[    1.550739] ima: No architecture policies found
[    1.550754] evm: Initialising EVM extended attributes:
[    1.550754] evm: security.selinux
[    1.550755] evm: security.SMACK64 (disabled)
[    1.550756] evm: security.SMACK64EXEC (disabled)
[    1.550757] evm: security.SMACK64TRANSMUTE (disabled)
[    1.550757] evm: security.SMACK64MMAP (disabled)
[    1.550758] evm: security.apparmor (disabled)
[    1.550758] evm: security.ima
[    1.550758] evm: security.capability
[    1.550759] evm: HMAC attrs: 0x1
[    1.720260] Freeing unused decrypted memory: 2028K
[    1.721108] Freeing unused kernel image (initmem) memory: 3892K
[    1.729526] Write protecting the kernel read-only data: 28672k
[    1.730134] Freeing unused kernel image (rodata/data gap) memory: 532K
[    1.776775] x86/mm: Checked W+X mappings: passed, no W+X pages found.
[    1.776779] x86/mm: Checking user space page tables
[    1.821148] x86/mm: Checked W+X mappings: passed, no W+X pages found.
[    1.821178] Run /init as init process
[    1.821180]   with arguments:
[    1.821181]     /init
[    1.821181]   with environment:
[    1.821182]     HOME=/
[    1.821183]     TERM=linux
[    1.821183]     BOOT_IMAGE=(hd0,gpt3)/boot/ostree/rhcos-cb86807869a6e850801df2a066e50a19e49cbc779592b6f644931fcc9e590fcc/vmlinuz-5.14.0-427.20.1.el9_4.x86_64
[    1.821184]     ostree=/ostree/boot.0/rhcos/cb86807869a6e850801df2a066e50a19e49cbc779592b6f644931fcc9e590fcc/0
[    1.821185]     boot=UUID=bc95591a-3d94-455c-bf1b-a1f7f1256e37
[    1.838256] systemd[1]: systemd 252-32.el9_4 running in system mode (+PAM +AUDIT +SELINUX -APPARMOR +IMA +SMACK +SECCOMP +GCRYPT +GNUTLS +OPENSSL +ACL +BLKID +CURL +ELFUTILS -FIDO2 +IDN2 -IDN -IPTC +KMOD +LIBCRYPTSETUP +LIBFDISK +PCRE2 -PWQUALITY +P11KIT -QRENCODE +TPM2 +BZIP2 +LZ4 +XZ +ZLIB +ZSTD -BPF_FRAMEWORK +XKBCOMMON +UTMP +SYSVINIT default-hierarchy=unified)
[    1.838369] systemd[1]: Detected virtualization microsoft.
[    1.838374] systemd[1]: Detected architecture x86-64.
[    1.838376] systemd[1]: Running in initrd.
[    1.842358] systemd[1]: No hostname configured, using default hostname.
[    1.842448] systemd[1]: Hostname set to <localhost>.
[    1.842530] systemd[1]: Initializing machine ID from random generator.
[    1.956366] systemd[1]: Queued start job for default target Initrd Default Target.
[    1.956648] systemd[1]: Started Forward Password Requests to Clevis Directory Watch.
[    1.964496] systemd[1]: Started Dispatch Password Requests to Console Directory Watch.
[    1.967215] systemd[1]: Reached target Local Encrypted Volumes (Pre).
[    1.974044] systemd[1]: Reached target Local Encrypted Volumes.
[    1.976205] systemd[1]: Reached target Ignition Subsequent Boot Disk Setup.
[    1.980447] systemd[1]: Reached target Subsequent (Not Ignition) boot complete.
[    1.987227] systemd[1]: Reached target Initrd /usr File System.
[    1.989369] systemd[1]: Reached target Path Units.
[    1.993076] systemd[1]: Reached target Slice Units.
[    1.997741] systemd[1]: Reached target Swaps.
[    1.999360] systemd[1]: Reached target Timer Units.
[    2.004143] systemd[1]: Listening on D-Bus System Message Bus Socket.
[    2.008638] systemd[1]: Listening on Open-iSCSI iscsid Socket.
[    2.012793] systemd[1]: Listening on Open-iSCSI iscsiuio Socket.
[    2.016850] systemd[1]: Listening on Journal Socket (/dev/log).
[    2.020921] systemd[1]: Listening on Journal Socket.
[    2.024704] systemd[1]: Listening on udev Control Socket.
[    2.028988] systemd[1]: Listening on udev Kernel Socket.
[    2.034680] systemd[1]: Reached target Socket Units.
[    2.038192] systemd[1]: Check That Initrd Matches Kernel was skipped because of an unmet condition check (ConditionPathIsDirectory=!/usr/lib/modules/5.14.0-427.20.1.el9_4.x86_64).
[    2.052483] systemd[1]: Starting CoreOS: Touch /run/agetty.reload...
[    2.057981] systemd[1]: Starting Create List of Static Device Nodes...
[    2.062213] systemd[1]: Finish FIPS mode setup was skipped because of an unmet condition check (ConditionKernelCommandLine=fips).
[    2.066791] systemd[1]: Starting Journal Service...
[    2.071249] systemd[1]: Starting Load Kernel Modules...
[    2.075913] systemd[1]: Starting Create System Users...
[    2.081546] systemd[1]: Starting Setup Virtual Console...
[    2.087905] systemd[1]: Started Journal Service.
[    2.089968] systemd-sysusers[321]: Creating group 'nobody' with GID 65534.
[    2.092549] systemd[1]: Finished CoreOS: Touch /run/agetty.reload.
[    2.097973] systemd[1]: Finished Create List of Static Device Nodes.
[    2.104886] systemd[1]: Finished Setup Virtual Console.
[    2.105052] fuse: init (API version 7.36)
[    2.109963] systemd-modules-load[320]: Inserted module 'fuse'
[    2.110021] systemd-modules-load[320]: Module 'msr' is built in
[    2.110595] systemd[1]: dracut ask for additional cmdline parameters was skipped because no trigger condition checks were met.
[    2.119848] systemd[1]: Starting dracut cmdline hook...
[    2.123731] systemd[1]: Finished Load Kernel Modules.
[    2.128934] systemd[1]: Starting Apply Kernel Variables...
[    2.133061] systemd-sysusers[321]: Creating group 'sgx' with GID 999.
[    2.134233] systemd-sysusers[321]: Creating group 'users' with GID 100.
[    2.135072] systemd-sysusers[321]: Creating group 'root' with GID 998.
[    2.136276] systemd-sysusers[321]: Creating group 'dbus' with GID 81.
[    2.138074] systemd-sysusers[321]: Creating user 'dbus' (System Message Bus) with UID 81 and GID 81.
[    2.139085] systemd[1]: Finished Create System Users.
[    2.139423] dracut-cmdline[324]: dracut-416.94.202406100958-0 dracut-057-53.git20240104.el9
[    2.143105] dracut-cmdline[324]: Using kernel command line parameters:    BOOT_IMAGE=(hd0,gpt3)/boot/ostree/rhcos-cb86807869a6e850801df2a066e50a19e49cbc779592b6f644931fcc9e590fcc/vmlinuz-5.14.0-427.20.1.el9_4.x86_64 rw ostree=/ostree/boot.0/rhcos/cb86807869a6e850801df2a066e50a19e49cbc779592b6f644931fcc9e590fcc/0 ignition.platform.id=azure console=tty0 console=ttyS0,115200n8 root=UUID=10d209b7-84ae-40c7-9ac7-803229bbd6c6 rw rootflags=prjquota boot=UUID=bc95591a-3d94-455c-bf1b-a1f7f1256e37 systemd.unified_cgroup_hierarchy=1 cgroup_no_v1=all psi=1
[    2.148542] systemd[1]: Finished Apply Kernel Variables.
[    2.186584] systemd[1]: Starting Create Static Device Nodes in /dev...
[    2.189693] systemd[1]: Starting Create Volatile Files and Directories...
[    2.197829] systemd[1]: Finished Create Static Device Nodes in /dev.
[    2.203753] systemd[1]: Finished Create Volatile Files and Directories.
[    2.249895] Loading iSCSI transport class v2.0-870.
[    2.262136] iscsi: registered transport (tcp)
[    2.283859] Warning: Deprecated Driver is detected: qla4xxx will not be maintained in a future major release and may be disabled
[    2.291023] iscsi: registered transport (qla4xxx)
[    2.291038] QLogic iSCSI HBA Driver
[    2.300336] libcxgbi:libcxgbi_init_module: Chelsio iSCSI driver library libcxgbi v0.9.1-ko (Apr. 2015)
[    2.359557] Chelsio T4-T6 iSCSI Driver cxgb4i v0.9.5-ko (Apr. 2015)
[    2.359592] iscsi: registered transport (cxgb4i)
[    2.373419] cnic: QLogic cnicDriver v2.5.22 (July 20, 2015)
[    2.381599] QLogic NetXtreme II iSCSI Driver bnx2i v2.7.10.1 (Jul 16, 2014)
[    2.381624] iscsi: registered transport (bnx2i)
[    2.393494] iscsi: registered transport (be2iscsi)
[    2.393496] In beiscsi_module_init, tt=0000000062298a69
[    2.586011] systemd[1]: Finished dracut cmdline hook.
[    2.599940] systemd[1]: Starting dracut pre-udev hook...
[    2.633210] device-mapper: core: CONFIG_IMA_DISABLE_HTABLE is disabled. Duplicate IMA measurements will not be recorded in the IMA log.
[    2.633240] device-mapper: uevent: version 1.0.3
[    2.633333] device-mapper: ioctl: 4.48.0-ioctl (2023-03-01) initialised: dm-devel@redhat.com
[    2.660816] systemd[1]: Finished dracut pre-udev hook.
[    2.681047] systemd[1]: Starting Rule-based Manager for Device Events and Files...
[    2.710188] systemd-udevd[507]: Using default interface naming scheme 'rhel-9.0'.
[    2.716651] systemd[1]: Started Rule-based Manager for Device Events and Files.
[    2.726684] systemd[1]: Starting dracut pre-trigger hook...
[    2.739715] dracut-pre-trigger[525]: rd.md=0: removing MD RAID activation
[    2.766490] systemd[1]: Finished dracut pre-trigger hook.
[    2.783805] systemd[1]: Starting Coldplug All udev Devices...
[    2.840431] systemd[1]: sys-module-fuse.device: Failed to enqueue SYSTEMD_WANTS= job, ignoring: Unit sys-fs-fuse-connections.mount not found.
[    2.842770] systemd[1]: Finished Coldplug All udev Devices.
[    2.849978] systemd[1]: nm-initrd.service was skipped because of an unmet condition check (ConditionPathExists=/run/NetworkManager/initrd/neednet).
[    2.850100] systemd[1]: Reached target Network.
[    2.857232] systemd[1]: nm-wait-online-initrd.service was skipped because of an unmet condition check (ConditionPathExists=/run/NetworkManager/initrd/neednet).
[    2.864809] systemd[1]: Starting dracut initqueue hook...
[    2.869764] systemd[1]: Starting Wait for udev To Complete Device Initialization...
[    2.883774] udevadm[569]: systemd-udev-settle.service is deprecated. Please fix multipathd-configure.service not to pull it in.
[    2.933640] hv_vmbus: Vmbus version:4.0
[    2.951394] hv_utils: Registering HyperV Utility Driver
[    2.951396] hv_vmbus: registering driver hv_utils
[    2.952295] hv_utils: Shutdown IC version 3.2
[    2.952393] hv_utils: TimeSync IC version 4.0
[    2.952402] hv_utils: Heartbeat IC version 3.0
[    2.955378] hv_vmbus: registering driver hid_hyperv
[    2.955546] systemd-journald[318]: Time jumped backwards, rotating.
[    2.959334] input: Microsoft Vmbus HID-compliant Mouse as /devices/0006:045E:0621.0001/input/input0
[    2.959401] hid-generic 0006:045E:0621.0001: input: VIRTUAL HID v0.01 Mouse [Microsoft Vmbus HID-compliant Mouse] on 
[    2.975726] hv_vmbus: registering driver hyperv_keyboard
[    2.976278] input: AT Translated Set 2 keyboard as /devices/LNXSYSTM:00/LNXSYBUS:00/ACPI0004:00/VMBUS:00/d34b2567-b9b6-42b9-8778-0a4ec0b955bf/serio0/input/input1
[    2.984186] hv_vmbus: registering driver hv_storvsc
[    2.992314] scsi host0: storvsc_host_t
[    2.993024] scsi 0:0:0:0: Direct-Access     Msft     Virtual Disk     1.0  PQ: 0 ANSI: 5
[    2.993037] scsi host1: storvsc_host_t
[    2.994339] scsi 0:0:0:1: Direct-Access     Msft     Virtual Disk     1.0  PQ: 0 ANSI: 5
[    3.002079] hv_vmbus: registering driver hv_netvsc
[    3.010423] scsi 0:0:0:0: Attached scsi generic sg0 type 0
[    3.010468] scsi 0:0:0:1: Attached scsi generic sg1 type 0
[    3.022953] sd 0:0:0:0: [sda] 268435456 512-byte logical blocks: (137 GB/128 GiB)
[    3.022957] sd 0:0:0:0: [sda] 4096-byte physical blocks
[    3.022998] sd 0:0:0:1: [sdb] 67108864 512-byte logical blocks: (34.4 GB/32.0 GiB)
[    3.023001] sd 0:0:0:1: [sdb] 4096-byte physical blocks
[    3.023008] sd 0:0:0:0: [sda] Write Protect is off
[    3.023010] sd 0:0:0:0: [sda] Mode Sense: 0f 00 10 00
[    3.023085] sd 0:0:0:1: [sdb] Write Protect is off
[    3.023087] sd 0:0:0:1: [sdb] Mode Sense: 0f 00 10 00
[    3.023338] sd 0:0:0:0: [sda] Write cache: enabled, read cache: enabled, supports DPO and FUA
[    3.023381] sd 0:0:0:1: [sdb] Write cache: disabled, read cache: enabled, supports DPO and FUA
[    3.024721]  sda: sda1 sda2 sda3 sda4
[    3.024957] sd 0:0:0:0: [sda] Attached SCSI disk
[    3.025912]  sdb: sdb1
[    3.025979] sd 0:0:0:1: [sdb] Attached SCSI disk
[    3.132446] systemd[1]: Found device Virtual_Disk root.
[    3.134754] systemd[1]: Reached target Initrd Root Device.
[    3.165476] hv_netvsc 6045bd31-e0db-6045-bd31-e0db6045bd31 eth0: VF slot 1 added
[    3.178863] hv_vmbus: registering driver hv_pci
[    3.179301] hv_pci 765872c5-f493-46aa-ac32-06337b6e75ad: PCI VMBus probing: Using version 0x10004
[    3.181544] hv_pci 765872c5-f493-46aa-ac32-06337b6e75ad: PCI host bridge to bus f493:00
[    3.181547] pci_bus f493:00: root bus resource [mem 0xfe0000000-0xfe00fffff window]
[    3.181551] pci_bus f493:00: No busn resource found for root bus, will use [bus 00-ff]
[    3.182686] pci f493:00:02.0: [15b3:1016] type 00 class 0x020000
[    3.184542] pci f493:00:02.0: reg 0x10: [mem 0xfe0000000-0xfe00fffff 64bit pref]
[    3.185990] pci f493:00:02.0: enabling Extended Tags
[    3.192125] pci f493:00:02.0: 0.000 Gb/s available PCIe bandwidth, limited by Unknown x0 link at f493:00:02.0 (capable of 63.008 Gb/s with 8.0 GT/s PCIe x8 link)
[    3.193339] pci_bus f493:00: busn_res: [bus 00-ff] end is updated to 00
[    3.193348] pci f493:00:02.0: BAR 0: assigned [mem 0xfe0000000-0xfe00fffff 64bit pref]
[    3.281880] systemd[1]: Finished dracut initqueue hook.
[    3.284325] systemd[1]: Reached target Preparation for Remote File Systems.
[    3.292894] systemd[1]: Reached target Remote Encrypted Volumes.
[    3.297061] systemd[1]: Reached target Remote File Systems.
[    3.316931] systemd[1]: Starting dracut pre-mount hook...
[    3.331494] systemd[1]: Finished dracut pre-mount hook.
[    3.529816] mlx5_core f493:00:02.0: enabling device (0000 -> 0002)
[    3.532959] mlx5_core f493:00:02.0: firmware version: 14.30.1284
[    3.757820] hv_netvsc 6045bd31-e0db-6045-bd31-e0db6045bd31 eth0: VF registering: eth1
[    3.757850] mlx5_core f493:00:02.0 eth1: joined to eth0
[    3.758115] mlx5_core f493:00:02.0 eth1: Disabling LRO, not supported in legacy RQ
[    3.758567] mlx5_core f493:00:02.0 eth1: Disabling LRO, not supported in legacy RQ
[    3.758575] mlx5_core f493:00:02.0: MLX5E: StrdRq(0) RqSz(1024) StrdSz(256) RxCqeCmprss(0 basic)
[    3.769940] mlx5_core f493:00:02.0 enP62611s1: renamed from eth1
[    3.889196] systemd[1]: Finished Wait for udev To Complete Device Initialization.
[    3.897651] systemd[1]: Created slice Slice /system/rdma-load-modules.
[    3.902459] systemd[1]: Device-Mapper Multipath Default Configuration was skipped because of an unmet condition check (ConditionKernelCommandLine=rd.multipath=default).
[    3.915833] systemd[1]: Starting Device-Mapper Multipath Device Controller...
[    3.921885] systemd[1]: Starting Load RDMA modules from /etc/rdma/modules/infiniband.conf...
[    3.929285] systemd[1]: Starting Load RDMA modules from /etc/rdma/modules/rdma.conf...
[    3.932207] systemd[1]: Starting Load RDMA modules from /etc/rdma/modules/roce.conf...
[    3.942029] systemd[1]: Finished Load RDMA modules from /etc/rdma/modules/roce.conf.
[    3.961740] multipathd[703]: --------start up--------
[    3.961847] multipathd[703]: read /etc/multipath.conf
[    3.962084] multipathd[703]: /etc/multipath.conf does not exist, blacklisting all devices.
[    3.962111] multipathd[703]: You can run "/sbin/mpathconf --enable" to create
[    3.962133] multipathd[703]: /etc/multipath.conf. See man mpathconf(8) for more details
[    3.972489] multipathd[703]: /etc/multipath.conf does not exist, blacklisting all devices.
[    3.972534] multipathd[703]: You can run "/sbin/mpathconf --enable" to create
[    3.972551] multipathd[703]: /etc/multipath.conf. See man mpathconf(8) for more details
[    3.972566] multipathd[703]: path checkers start up
[    3.978546] systemd[1]: Started Device-Mapper Multipath Device Controller.
[    3.985509] systemd-modules-load[698]: Inserted module 'ib_ipoib'
[    3.985561] systemd[1]: Reached target Preparation for Local File Systems.
[    3.991567] systemd[1]: Reached target Local File Systems.
[    3.997605] iscsi: registered transport (iser)
[    3.998414] systemd-modules-load[698]: Inserted module 'ib_umad'
[    4.009660] systemd-modules-load[699]: Inserted module 'ib_iser'
[    4.013307] systemd[1]: Starting File System Check on /dev/disk/by-uuid/10d209b7-84ae-40c7-9ac7-803229bbd6c6...
[    4.018200] systemd[1]: Finished Load RDMA modules from /etc/rdma/modules/infiniband.conf.
[    4.030633] systemd-fsck[714]: /usr/sbin/fsck.xfs: XFS file system.
[    4.031876] systemd[1]: Finished File System Check on /dev/disk/by-uuid/10d209b7-84ae-40c7-9ac7-803229bbd6c6.
[    4.041207] systemd[1]: Mounting /sysroot...
[    4.041298] Rounding down aligned max_sectors from 4294967295 to 4294967288
[    4.041351] db_root: cannot open: /etc/target
[    4.082745] systemd-modules-load[699]: Inserted module 'ib_isert'
[    4.090088] ib_srpt MAD registration failed for mlx5_0-1.
[    4.090740] ib_srpt srpt_add_one(mlx5_0) failed.
[    4.094116] systemd-modules-load[699]: Inserted module 'ib_srpt'
[    4.096445] systemd-modules-load[699]: Inserted module 'rdma_ucm'
[    4.168735] RPC: Registered named UNIX socket transport module.
[    4.168737] RPC: Registered udp transport module.
[    4.168738] RPC: Registered tcp transport module.
[    4.168738] RPC: Registered tcp-with-tls transport module.
[    4.168739] RPC: Registered tcp NFSv4.1 backchannel transport module.
[    4.426614] SGI XFS with ACLs, security attributes, scrub, quota, no debug enabled
[    4.430547] RPC: Registered rdma transport module.
[    4.430549] RPC: Registered rdma backchannel transport module.
[    4.430723] systemd-modules-load[699]: Inserted module 'rpcrdma'
[    4.432059] systemd[1]: Finished Load RDMA modules from /etc/rdma/modules/rdma.conf.
[    4.433833] XFS (sda4): Mounting V5 Filesystem 10d209b7-84ae-40c7-9ac7-803229bbd6c6
[    4.445358] systemd[1]: Reached target Preparation for Network.
[    4.449542] systemd[1]: Reached target RDMA Hardware.
[    4.453130] systemd[1]: Reached target System Initialization.
[    4.457116] systemd[1]: Reached target Basic System.
[    4.461399] systemd[1]: Persist Osmet Files (ISO) was skipped because of an unmet condition check (ConditionKernelCommandLine=coreos.liveiso).
[    4.461447] systemd[1]: Acquire Live PXE rootfs Image was skipped because of an unmet condition check (ConditionPathExists=/run/ostree-live).
[    4.461484] systemd[1]: Persist Osmet Files (PXE) was skipped because of an unmet condition check (ConditionPathExists=/run/ostree-live).
[    4.524403] XFS (sda4): Ending clean mount
[    4.563142] systemd[1]: Mounted /sysroot.
[    4.575903] systemd[1]: Starting OSTree Prepare OS/...
[    4.584959] ostree-prepare-root[732]: Resolved OSTree target to: /sysroot/ostree/deploy/rhcos/deploy/96f76bff10e526bb0cbcf69685d8715e92fae21cca7da3f75ab56ba52f4606c2.1
[    4.585012] ostree-prepare-root[732]: Found legacy sysroot.readonly flag, not configured in ostree/prepare-root.conf
[    4.585036] ostree-prepare-root[732]: sysroot.readonly configuration value: 1 (fs writable: 1)
[    4.585111] ostree-prepare-root[732]: composefs: No image present
[    4.585135] ostree-prepare-root[732]: Using legacy ostree bind mount for /
[    4.596402] systemd[1]: sysroot-ostree-deploy-rhcos-var.mount: Deactivated successfully.
[    4.596477] systemd[1]: sysroot.tmp-usr.mount: Deactivated successfully.
[    4.596628] systemd[1]: sysroot.tmp-etc.mount: Deactivated successfully.
[    4.596691] systemd[1]: sysroot.tmp.mount: Deactivated successfully.
[    4.597405] systemd[1]: Finished OSTree Prepare OS/.
[    4.611347] systemd[1]: Reached target Initrd Root File System.
[    4.618602] systemd[1]: CoreOS Propagate Multipath Configuration was skipped because of an unmet condition check (ConditionKernelCommandLine=rd.multipath=default).
[    4.632892] systemd[1]: Starting Mountpoints Configured in the Real Root...
[    4.645690] multipathd[703]: exit (signal)
[    4.645971] multipathd[703]: --------shut down-------
[    4.646084] systemd[1]: Stopping Device-Mapper Multipath Device Controller...
[    4.649990] systemd[1]: initrd-parse-etc.service: Deactivated successfully.
[    4.650152] systemd[1]: Finished Mountpoints Configured in the Real Root.
[    4.660968] systemd[1]: Reached target Initrd File Systems.
[    4.664746] systemd[1]: Reached target Initrd Default Target.
[    4.678864] systemd[1]: Starting dracut mount hook...
[    4.682419] systemd[1]: multipathd.service: Deactivated successfully.
[    4.682630] systemd[1]: Stopped Device-Mapper Multipath Device Controller.
[    4.695776] systemd[1]: Finished dracut mount hook.
[    4.710859] systemd[1]: Starting dracut pre-pivot and cleanup hook...
[    4.726511] dracut-pre-pivot[753]: 3.940859 | /etc/multipath.conf does not exist, blacklisting all devices.
[    4.730055] dracut-pre-pivot[753]: 3.940881 | You can run "/sbin/mpathconf --enable" to create
[    4.736753] dracut-pre-pivot[753]: 3.940886 | /etc/multipath.conf. See man mpathconf(8) for more details
[    4.745447] systemd[1]: Finished dracut pre-pivot and cleanup hook.
[    4.745643] systemd[1]: Workaround dracut FIPS unmounting /boot was skipped because of an unmet condition check (ConditionPathExists=/run/ostree-live).
[    4.745680] systemd[1]: Starting Cleaning Up and Shutting Down Daemons...
[    4.763589] systemd[1]: Stopped target Network.
[    4.767112] systemd[1]: Stopped target Preparation for Network.
[    4.771631] systemd[1]: Stopped target RDMA Hardware.
[    4.775278] systemd[1]: Stopped target Remote Encrypted Volumes.
[    4.779327] systemd[1]: Stopped target Timer Units.
[    4.782819] systemd[1]: dbus.socket: Deactivated successfully.
[    4.782938] systemd[1]: Closed D-Bus System Message Bus Socket.
[    4.790136] systemd[1]: Unmount Live /var if Persistent /var Is Configured was skipped because of an unmet condition check (ConditionPathExists=/run/ostree-live).
[    4.790279] systemd[1]: dracut-pre-pivot.service: Deactivated successfully.
[    4.790419] systemd[1]: Stopped dracut pre-pivot and cleanup hook.
[    4.800911] systemd[1]: Stopped target Initrd Default Target.
[    4.806021] systemd[1]: Stopped target Basic System.
[    4.809668] systemd[1]: Stopped target Subsequent (Not Ignition) boot complete.
[    4.815514] systemd[1]: Stopped target Ignition Subsequent Boot Disk Setup.
[    4.818229] systemd[1]: Stopped target Initrd Root Device.
[    4.824604] systemd[1]: Stopped target Initrd /usr File System.
[    4.828746] systemd[1]: Stopped target Path Units.
[    4.832268] systemd[1]: Stopped target Remote File Systems.
[    4.836229] systemd[1]: Stopped target Preparation for Remote File Systems.
[    4.840851] systemd[1]: Stopped target Slice Units.
[    4.844179] systemd[1]: Stopped target Socket Units.
[    4.847663] systemd[1]: Stopped target System Initialization.
[    4.851751] systemd[1]: Stopped target Local File Systems.
[    4.855541] systemd[1]: Stopped target Preparation for Local File Systems.
[    4.860137] systemd[1]: Stopped target Swaps.
[    4.863267] systemd[1]: iscsid.socket: Deactivated successfully.
[    4.863388] systemd[1]: Closed Open-iSCSI iscsid Socket.
[    4.868837] systemd[1]: iscsiuio.socket: Deactivated successfully.
[    4.868948] systemd[1]: Closed Open-iSCSI iscsiuio Socket.
[    4.874654] systemd[1]: coreos-touch-run-agetty.service: Deactivated successfully.
[    4.874779] systemd[1]: Stopped CoreOS: Touch /run/agetty.reload.
[    4.881236] systemd[1]: dracut-mount.service: Deactivated successfully.
[    4.881336] systemd[1]: Stopped dracut mount hook.
[    4.886726] systemd[1]: dracut-pre-mount.service: Deactivated successfully.
[    4.886860] systemd[1]: Stopped dracut pre-mount hook.
[    4.892581] systemd[1]: Stopped target Local Encrypted Volumes.
[    4.896567] systemd[1]: systemd-ask-password-console.path: Deactivated successfully.
[    4.896654] systemd[1]: Stopped Dispatch Password Requests to Console Directory Watch.
[    4.904569] systemd[1]: Stopped target Local Encrypted Volumes (Pre).
[    4.908825] systemd[1]: clevis-luks-askpass.path: Deactivated successfully.
[    4.912631] systemd[1]: Stopped Forward Password Requests to Clevis Directory Watch.
[    4.917769] systemd[1]: dracut-initqueue.service: Deactivated successfully.
[    4.917894] systemd[1]: Stopped dracut initqueue hook.
[    4.923772] systemd[1]: Acquire Live PXE rootfs Image was skipped because of an unmet condition check (ConditionPathExists=/run/ostree-live).
[    4.923860] systemd[1]: rdma-load-modules@infiniband.service: Deactivated successfully.
[    4.923978] systemd[1]: Stopped Load RDMA modules from /etc/rdma/modules/infiniband.conf.
[    4.935694] systemd[1]: rdma-load-modules@rdma.service: Deactivated successfully.
[    4.935834] systemd[1]: Stopped Load RDMA modules from /etc/rdma/modules/rdma.conf.
[    4.943226] systemd[1]: rdma-load-modules@roce.service: Deactivated successfully.
[    4.943325] systemd[1]: Stopped Load RDMA modules from /etc/rdma/modules/roce.conf.
[    4.950907] systemd[1]: systemd-sysctl.service: Deactivated successfully.
[    4.951006] systemd[1]: Stopped Apply Kernel Variables.
[    4.956883] systemd[1]: systemd-modules-load.service: Deactivated successfully.
[    4.956982] systemd[1]: Stopped Load Kernel Modules.
[    4.963057] systemd[1]: systemd-tmpfiles-setup.service: Deactivated successfully.
[    4.963153] systemd[1]: Stopped Create Volatile Files and Directories.
[    4.969921] systemd[1]: systemd-udev-settle.service: Deactivated successfully.
[    4.970026] systemd[1]: Stopped Wait for udev To Complete Device Initialization.
[    4.977365] systemd[1]: systemd-udev-trigger.service: Deactivated successfully.
[    4.977465] systemd[1]: Stopped Coldplug All udev Devices.
[    4.983513] systemd[1]: dracut-pre-trigger.service: Deactivated successfully.
[    4.983630] systemd[1]: Stopped dracut pre-trigger hook.
[    4.989657] systemd[1]: Stopping Rule-based Manager for Device Events and Files...
[    4.994382] systemd[1]: systemd-vconsole-setup.service: Deactivated successfully.
[    4.995598] systemd[1]: Stopped Setup Virtual Console.
[    5.002705] systemd[1]: initrd-cleanup.service: Deactivated successfully.
[    5.002860] systemd[1]: Finished Cleaning Up and Shutting Down Daemons.
[    5.011295] systemd[1]: systemd-udevd.service: Deactivated successfully.
[    5.011515] systemd[1]: Stopped Rule-based Manager for Device Events and Files.
[    5.018785] systemd[1]: systemd-udevd.service: Consumed 1.211s CPU time.
[    5.018978] systemd[1]: systemd-udevd-control.socket: Deactivated successfully.
[    5.019027] systemd[1]: Closed udev Control Socket.
[    5.027208] systemd[1]: systemd-udevd-kernel.socket: Deactivated successfully.
[    5.027265] systemd[1]: Closed udev Kernel Socket.
[    5.033470] systemd[1]: dracut-pre-udev.service: Deactivated successfully.
[    5.033560] systemd[1]: Stopped dracut pre-udev hook.
[    5.039090] systemd[1]: dracut-cmdline.service: Deactivated successfully.
[    5.039124] systemd[1]: Stopped dracut cmdline hook.
[    5.056910] systemd[1]: Starting Cleanup udev Database...
[    5.060342] systemd[1]: systemd-tmpfiles-setup-dev.service: Deactivated successfully.
[    5.060440] systemd[1]: Stopped Create Static Device Nodes in /dev.
[    5.068303] systemd[1]: kmod-static-nodes.service: Deactivated successfully.
[    5.068368] systemd[1]: Stopped Create List of Static Device Nodes.
[    5.075727] systemd[1]: systemd-sysusers.service: Deactivated successfully.
[    5.075772] systemd[1]: Stopped Create System Users.
[    5.081678] systemd[1]: initrd-udevadm-cleanup-db.service: Deactivated successfully.
[    5.081825] systemd[1]: Finished Cleanup udev Database.
[    5.088159] systemd[1]: Reached target Switch Root.
[    5.103904] systemd[1]: Starting Switch Root...
[    5.119790] systemd[1]: Switching root.
[    5.139355] systemd-journald[318]: Received SIGTERM from PID 1 (systemd).
[    5.296653] audit: type=1404 audit(1718103283.545:2): enforcing=1 old_enforcing=0 auid=4294967295 ses=4294967295 enabled=1 old-enabled=1 lsm=selinux res=1
[    5.363494] SELinux:  policy capability network_peer_controls=1
[    5.363514] SELinux:  policy capability open_perms=1
[    5.363515] SELinux:  policy capability extended_socket_class=1
[    5.363515] SELinux:  policy capability always_check_network=0
[    5.363516] SELinux:  policy capability cgroup_seclabel=1
[    5.363522] SELinux:  policy capability nnp_nosuid_transition=1
[    5.363523] SELinux:  policy capability genfs_seclabel_symlinks=1
[    5.400706] audit: type=1403 audit(1718103283.649:3): auid=4294967295 ses=4294967295 lsm=selinux res=1
[    5.405256] systemd[1]: Successfully loaded SELinux policy in 106.322ms.
[    5.445126] systemd[1]: Relabelled /dev, /dev/shm, /run, /sys/fs/cgroup in 30.081ms.
[    5.451045] systemd[1]: systemd 252-32.el9_4 running in system mode (+PAM +AUDIT +SELINUX -APPARMOR +IMA +SMACK +SECCOMP +GCRYPT +GNUTLS +OPENSSL +ACL +BLKID +CURL +ELFUTILS -FIDO2 +IDN2 -IDN -IPTC +KMOD +LIBCRYPTSETUP +LIBFDISK +PCRE2 -PWQUALITY +P11KIT -QRENCODE +TPM2 +BZIP2 +LZ4 +XZ +ZLIB +ZSTD -BPF_FRAMEWORK +XKBCOMMON +UTMP +SYSVINIT default-hierarchy=unified)
[    5.451154] systemd[1]: Detected virtualization microsoft.
[    5.451163] systemd[1]: Detected architecture x86-64.
[    5.471828] systemd[1]: Hostname set to <ci-op-9xx71rvq-1e28e-w667k-worker-centralus2-xnvk9>.
[    5.546454] systemd-rc-local-generator[780]: /etc/rc.d/rc.local is not marked executable, skipping.
[    5.595109] zram_generator::config[785]: No configuration found.
[    6.050107] systemd[1]: initrd-switch-root.service: Deactivated successfully.
[    6.050241] systemd[1]: Stopped Switch Root.
[    6.056859] systemd[1]: systemd-journald.service: Scheduled restart job, restart counter is at 1.
[    6.057289] systemd[1]: Created slice Slice /system/getty.
[    6.064252] systemd[1]: Created slice Slice /system/modprobe.
[    6.068957] systemd[1]: Created slice Slice /system/serial-getty.
[    6.073432] systemd[1]: Created slice Slice /system/sshd-keygen.
[    6.077920] systemd[1]: Created slice Slice /system/systemd-fsck.
[    6.082437] systemd[1]: Created slice User and Session Slice.
[    6.086850] systemd[1]: Started Forward Password Requests to Clevis Directory Watch.
[    6.092123] systemd[1]: Started Dispatch Password Requests to Console Directory Watch.
[    6.098083] systemd[1]: Started Forward Password Requests to Wall Directory Watch.
[    6.103422] systemd[1]: Set up automount Arbitrary Executable File Formats File System Automount Point.
[    6.108990] systemd[1]: Reached target Synchronize afterburn-sshkeys@.service template instances.
[    6.114310] systemd[1]: Reached target Local Encrypted Volumes (Pre).
[    6.118928] systemd[1]: Reached target Local Encrypted Volumes.
[    6.122949] systemd[1]: Stopped target Switch Root.
[    6.126248] systemd[1]: Stopped target Initrd File Systems.
[    6.129959] systemd[1]: Stopped target Initrd Root File System.
[    6.133943] systemd[1]: Reached target Local Integrity Protected Volumes.
[    6.138625] systemd[1]: Reached target Host and Network Name Lookups.
[    6.142742] systemd[1]: Reached target Remote Encrypted Volumes.
[    6.146910] systemd[1]: Reached target Remote File Systems.
[    6.150649] systemd[1]: Reached target Slice Units.
[    6.153967] systemd[1]: Reached target Swaps.
[    6.157013] systemd[1]: Reached target Local Verity Protected Volumes.
[    6.161980] systemd[1]: Listening on Device-mapper event daemon FIFOs.
[    6.167625] systemd[1]: Listening on LVM2 poll daemon socket.
[    6.171639] systemd[1]: multipathd control socket was skipped because of an unmet condition check (ConditionPathExists=/etc/multipath.conf).
[    6.188375] systemd[1]: Listening on RPCbind Server Activation Socket.
[    6.192802] systemd[1]: Reached target RPC Port Mapper.
[    6.198481] systemd[1]: Listening on Process Core Dump Socket.
[    6.202883] systemd[1]: Listening on initctl Compatibility Named Pipe.
[    6.208617] systemd[1]: Listening on udev Control Socket.
[    6.213130] systemd[1]: Listening on udev Kernel Socket.
[    6.227643] systemd[1]: Mounting Huge Pages File System...
[    6.232744] systemd[1]: Mounting POSIX Message Queue File System...
[    6.238300] systemd[1]: Mounting Kernel Debug File System...
[    6.243690] systemd[1]: Mounting Kernel Trace File System...
[    6.248997] systemd[1]: Mounting Temporary Directory /tmp...
[    6.254457] systemd[1]: Starting CoreOS: Set printk To Level 4 (warn)...
[    6.259028] systemd[1]: Ignition (delete config) was skipped because of an unmet condition check (ConditionFirstBoot=true).
[    6.264364] systemd[1]: Starting Create List of Static Device Nodes...
[    6.269654] systemd[1]: Starting Monitoring of LVM2 mirrors, snapshots etc. using dmeventd or progress polling...
[    6.277269] systemd[1]: Starting Load Kernel Module configfs...
[    6.280749] systemd[1]: Starting Load Kernel Module drm...
[    6.286397] systemd[1]: Starting Load Kernel Module efi_pstore...
[    6.292144] systemd[1]: Starting Load Kernel Module fuse...
[    6.295862] systemd[1]: ostree-prepare-root.service: Deactivated successfully.
[    6.295944] systemd[1]: Stopped OSTree Prepare OS/.
[    6.300185] systemd[1]: systemd-fsck-root.service: Deactivated successfully.
[    6.300250] systemd[1]: Stopped File System Check on Root Device.
[    6.308658] systemd[1]: Stopped Journal Service.
[    6.321762] systemd[1]: Starting Journal Service...
[    6.327472] systemd[1]: Starting Load Kernel Modules...
[    6.332604] systemd[1]: Starting Generate network units from Kernel command line...
[    6.335432] systemd[1]: TPM2 PCR Machine ID Measurement was skipped because of an unmet condition check (ConditionPathExists=/sys/firmware/efi/efivars/StubPcrKernelImage-4a67b082-0a4c-41cf-b6c7-440b29bb8c4f).
[    6.338047] systemd[1]: Starting Remount Root and Kernel File Systems...
[    6.344999] systemd[1]: Starting Coldplug All udev Devices...
[    6.360969] systemd[1]: Mounted Huge Pages File System.
[    6.364863] systemd[1]: Mounted POSIX Message Queue File System.
[    6.365512] ACPI: bus type drm_connector registered
[    6.369397] systemd[1]: Mounted Kernel Debug File System.
[    6.374693] systemd[1]: Mounted Kernel Trace File System.
[    6.376936] systemd[1]: Started Journal Service.
[    6.382472] Warning: Unmaintained driver is detected: ip_tables
[    7.306298] hv_vmbus: registering driver hv_balloon
[    7.308216] hv_balloon: Using Dynamic Memory protocol version 2.0
[    7.316019] input: PC Speaker as /devices/platform/pcspkr/input/input2
[    7.385493] RAPL PMU: API unit is 2^-32 Joules, 0 fixed counters, 10737418240 ms ovfl timer
[    7.427226] hv_vmbus: registering driver hyperv_drm
[    7.427935] hyperv_drm 5620e0c7-8062-4dce-aeb7-520c7ef76171: [drm] Synthvid Version major 3, minor 5
[    7.428126] Console: switching to colour dummy device 80x25
[    7.429500] [drm] Initialized hyperv_drm 1.0.0 2020 for 5620e0c7-8062-4dce-aeb7-520c7ef76171 on minor 0
[    7.704518] kvm_intel: Using Hyper-V Enlightened VMCS
[    7.779730] Console: switching to colour frame buffer device 128x48
[    7.948524] hyperv_drm 5620e0c7-8062-4dce-aeb7-520c7ef76171: [drm] fb0: hyperv_drmdrmfb frame buffer device
[    8.052169] systemd-journald[834]: Received client request to flush runtime journal.
[    8.241058] EXT4-fs (sda3): mounted filesystem bc95591a-3d94-455c-bf1b-a1f7f1256e37 ro with ordered data mode. Quota mode: none.
[   10.178436] openvswitch: Open vSwitch switching datapath
[   10.668415] mlx5_core f493:00:02.0 enP62611s1: Link up
[   10.700046] hv_netvsc 6045bd31-e0db-6045-bd31-e0db6045bd31 eth0: Data path switched to VF: enP62611s1
[   10.701738] IPv6: ADDRCONF(NETDEV_CHANGE): eth0: link becomes ready
[   10.701988] IPv6: ADDRCONF(NETDEV_CHANGE): enP62611s1: link becomes ready
[   14.558426] device ovs-system entered promiscuous mode
[   14.560392] Timeout policy base is empty
[   14.560395] Failed to associated timeout policy `ovs_test_tp'
[   14.601886] device eth0 entered promiscuous mode
[   14.601889] device enP62611s1 entered promiscuous mode
[   14.609349] mlx5_core f493:00:02.0: mlx5e_fs_set_rx_mode_work:844:(pid 9): S-tagged traffic will be dropped while C-tag vlan stripping is enabled
[   15.047533] device eth0 left promiscuous mode
[   15.047538] device enP62611s1 left promiscuous mode
[   15.050105] device ovs-system left promiscuous mode
[   15.060632] device ovs-system entered promiscuous mode
[   15.061508] No such timeout policy "ovs_test_tp"
[   15.061510] Failed to associated timeout policy `ovs_test_tp'
[   15.062265] device eth0 entered promiscuous mode
[   15.062268] device enP62611s1 entered promiscuous mode
[   15.619505] device br-ex entered promiscuous mode
[   29.149712] Warning: Unmaintained driver is detected: nft_compat
[   30.741084] overlayfs: idmapped layers are currently not supported
[   55.410868] hv_balloon: Max. dynamic memory size: 16384 MB
[  127.682740] zram_generator::config[2881]: No configuration found.
[  127.692282] systemd-rc-local-generator[2869]: /etc/rc.d/rc.local is not marked executable, skipping.
[  129.761311] EXT4-fs (sda3): re-mounted bc95591a-3d94-455c-bf1b-a1f7f1256e37 r/w. Quota mode: none.
[  181.452892] device br-int entered promiscuous mode
[  365.593501] device ovn-k8s-mp0 entered promiscuous mode
[  367.074510] device genev_sys_6081 entered promiscuous mode
[  367.649947] device br-ext entered promiscuous mode
[  367.699762] device vxlan_sys_4789 entered promiscuous mode
[  376.649246] IPv6: ADDRCONF(NETDEV_CHANGE): eth0: link becomes ready
[  376.649298] IPv6: ADDRCONF(NETDEV_CHANGE): df146c4492037f8: link becomes ready
[  376.677585] device df146c4492037f8 entered promiscuous mode
[  382.585600] IPv6: ADDRCONF(NETDEV_CHANGE): a91c3e106c0e9f6: link becomes ready
[  382.591303] IPv6: ADDRCONF(NETDEV_CHANGE): 326e1adc0d0afe6: link becomes ready
[  382.635678] device 326e1adc0d0afe6 entered promiscuous mode
[  382.646551] device a91c3e106c0e9f6 entered promiscuous mode
[  383.661979] IPv6: ADDRCONF(NETDEV_CHANGE): eth0: link becomes ready
[  383.662025] IPv6: ADDRCONF(NETDEV_CHANGE): 8e5bea2a9c61301: link becomes ready
[  383.679536] IPv6: ADDRCONF(NETDEV_CHANGE): c28293f3ca42b96: link becomes ready
[  383.695152] device 8e5bea2a9c61301 entered promiscuous mode
[  383.720184] device c28293f3ca42b96 entered promiscuous mode
[  410.349692] IPv6: ADDRCONF(NETDEV_CHANGE): eth0: link becomes ready
[  410.349744] IPv6: ADDRCONF(NETDEV_CHANGE): b4e27dc3c09c596: link becomes ready
[  410.380989] device b4e27dc3c09c596 entered promiscuous mode
[  498.446175] IPv6: ADDRCONF(NETDEV_CHANGE): eth0: link becomes ready
[  498.446215] IPv6: ADDRCONF(NETDEV_CHANGE): 65218195106d69a: link becomes ready
[  498.466546] IPv6: ADDRCONF(NETDEV_CHANGE): 293de976eb3dc5d: link becomes ready
[  498.491701] device 65218195106d69a entered promiscuous mode
[  498.524514] device 293de976eb3dc5d entered promiscuous mode
[  742.026638] IPv6: ADDRCONF(NETDEV_CHANGE): eth0: link becomes ready
[  742.026678] IPv6: ADDRCONF(NETDEV_CHANGE): 0c577c11b6c8240: link becomes ready
[  742.058216] device 0c577c11b6c8240 entered promiscuous mode
[  743.396269] IPv6: ADDRCONF(NETDEV_CHANGE): eth0: link becomes ready
[  743.396320] IPv6: ADDRCONF(NETDEV_CHANGE): b01e933960b05a3: link becomes ready
[  743.425566] device b01e933960b05a3 entered promiscuous mode
[  774.535825] device b01e933960b05a3 left promiscuous mode
[  777.987742] IPv6: ADDRCONF(NETDEV_CHANGE): eth0: link becomes ready
[  777.987799] IPv6: ADDRCONF(NETDEV_CHANGE): e89223e25373941: link becomes ready
[  778.016226] device e89223e25373941 entered promiscuous mode
[ 1015.982755] IPv6: ADDRCONF(NETDEV_CHANGE): eth0: link becomes ready
[ 1015.982815] IPv6: ADDRCONF(NETDEV_CHANGE): d519a8821457764: link becomes ready
[ 1016.014408] device d519a8821457764 entered promiscuous mode
[ 1027.373077] scsi 1:0:0:0: Direct-Access     Msft     Virtual Disk     1.0  PQ: 0 ANSI: 5
[ 1027.378799] sd 1:0:0:0: [sdc] 41943040 512-byte logical blocks: (21.5 GB/20.0 GiB)
[ 1027.378802] sd 1:0:0:0: [sdc] 4096-byte physical blocks
[ 1027.378838] sd 1:0:0:0: [sdc] Write Protect is off
[ 1027.378839] sd 1:0:0:0: [sdc] Mode Sense: 0f 00 10 00
[ 1027.378960] sd 1:0:0:0: [sdc] Write cache: disabled, read cache: enabled, supports DPO and FUA
[ 1027.379076] sd 1:0:0:0: Attached scsi generic sg2 type 0
[ 1027.383747] sd 1:0:0:0: [sdc] Attached SCSI disk
[ 1033.889575] EXT4-fs (sdc): mounted filesystem c83ff822-9471-4e86-b3fd-0b50372a4fa0 r/w with ordered data mode. Quota mode: none.
[ 1034.001021] IPv6: ADDRCONF(NETDEV_CHANGE): eth0: link becomes ready
[ 1034.001063] IPv6: ADDRCONF(NETDEV_CHANGE): d733f90dabe50d3: link becomes ready
[ 1034.029741] device d733f90dabe50d3 entered promiscuous mode
[ 1683.778243] systemd-rc-local-generator[24392]: /etc/rc.d/rc.local is not marked executable, skipping.
[ 1683.779974] zram_generator::config[24398]: No configuration found.
[ 1684.466832] zram_generator::config[24491]: No configuration found.
[ 1684.468250] systemd-rc-local-generator[24486]: /etc/rc.d/rc.local is not marked executable, skipping.
[ 1685.099221] zram_generator::config[24562]: No configuration found.
[ 1685.108225] systemd-rc-local-generator[24549]: /etc/rc.d/rc.local is not marked executable, skipping.
[ 1685.755214] zram_generator::config[24631]: No configuration found.
[ 1685.770126] systemd-rc-local-generator[24626]: /etc/rc.d/rc.local is not marked executable, skipping.
[ 1686.431096] systemd-rc-local-generator[24680]: /etc/rc.d/rc.local is not marked executable, skipping.
[ 1686.440199] zram_generator::config[24694]: No configuration found.
[ 1687.094482] zram_generator::config[24800]: No configuration found.
[ 1687.097836] systemd-rc-local-generator[24791]: /etc/rc.d/rc.local is not marked executable, skipping.
[ 1703.824657] device e89223e25373941 left promiscuous mode
[ 1787.871218] systemd-rc-local-generator[26385]: /etc/rc.d/rc.local is not marked executable, skipping.
[ 1787.874534] zram_generator::config[26391]: No configuration found.
[ 1788.502038] zram_generator::config[26459]: No configuration found.
[ 1788.519230] systemd-rc-local-generator[26436]: /etc/rc.d/rc.local is not marked executable, skipping.
[ 1789.176128] zram_generator::config[26538]: No configuration found.
[ 1789.192231] systemd-rc-local-generator[26529]: /etc/rc.d/rc.local is not marked executable, skipping.
[ 1789.788494] systemd-rc-local-generator[26588]: /etc/rc.d/rc.local is not marked executable, skipping.
[ 1789.804321] zram_generator::config[26593]: No configuration found.
[ 1790.435760] zram_generator::config[26660]: No configuration found.
[ 1790.452672] systemd-rc-local-generator[26653]: /etc/rc.d/rc.local is not marked executable, skipping.
[ 1791.037779] zram_generator::config[26720]: No configuration found.
[ 1791.051007] systemd-rc-local-generator[26714]: /etc/rc.d/rc.local is not marked executable, skipping.
[ 2356.066292] IPv6: ADDRCONF(NETDEV_CHANGE): eth0: link becomes ready
[ 2356.066333] IPv6: ADDRCONF(NETDEV_CHANGE): 1354c1b898bf534: link becomes ready
[ 2356.099038] device 1354c1b898bf534 entered promiscuous mode
